Component: ARM Compiler 5.06 update 4 (build 422) Tool: armlink [4d35d2]

==============================================================================

Section Cross References

    main.o(i.main) refers to system_stm32f10x.o(i.SystemInit) for SystemInit
    main.o(i.main) refers to misc.o(i.NVIC_PriorityGroupConfig) for NVIC_PriorityGroupConfig
    main.o(i.main) refers to stm32f10x_rcc.o(i.RCC_APB2PeriphClockCmd) for RCC_APB2PeriphClockCmd
    main.o(i.main) refers to delay.o(i.delay_init) for delay_init
    main.o(i.main) refers to gpio.o(i.MG_RCC) for MG_RCC
    main.o(i.main) refers to gpio.o(i.MG_Output) for MG_Output
    main.o(i.main) refers to gpio.o(i.MG_Set) for MG_Set
    main.o(i.main) refers to gpio.o(i.MG_Input) for MG_Input
    main.o(i.main) refers to gpio.o(i.MG_Get) for MG_Get
    main.o(i.main) refers to usart1.o(i.USART1_Configuration) for USART1_Configuration
    main.o(i.main) refers to bstring.o(i.itoa) for itoa
    main.o(i.main) refers to bstring.o(i.atoi) for atoi
    main.o(i.main) refers to mi2c.o(i.MI2C_Init) for MI2C_Init
    main.o(i.main) refers to mi2c.o(i.MI2C_ReadReg) for MI2C_ReadReg
    main.o(i.main) refers to hw_config.o(i.USB_Port_Set) for USB_Port_Set
    main.o(i.main) refers to delay.o(i.delay_ms) for delay_ms
    main.o(i.main) refers to hw_config.o(i.Set_USBClock) for Set_USBClock
    main.o(i.main) refers to hw_config.o(i.USB_Interrupts_Config) for USB_Interrupts_Config
    main.o(i.main) refers to usb_init.o(i.USB_Init) for USB_Init
    main.o(i.main) refers to usart1.o(i.USART1_SendWords) for USART1_SendWords
    main.o(i.main) refers to usart1.o(i.USART1_DMASendWords) for USART1_DMASendWords
    main.o(i.main) refers to hw_config.o(i.usb_printf) for usb_printf
    main.o(i.main) refers to hw_config.o(i.USB_USART_SendData) for USB_USART_SendData
    main.o(i.main) refers to main.o(i.get) for get
    main.o(i.main) refers to usart1.o(.data) for USART1_OnRecvHandler
    main.o(i.main) refers to main.o(i.finish) for finish
    main.o(i.main) refers to main.o(.data) for mpu6050
    main.o(i.main) refers to hw_config.o(.data) for USB_USART_RX_STA
    main.o(i.main) refers to hw_config.o(.bss) for USB_USART_RX_BUF
    delay.o(i.delay_init) refers to misc.o(i.SysTick_CLKSourceConfig) for SysTick_CLKSourceConfig
    delay.o(i.delay_init) refers to system_stm32f10x.o(.data) for SystemCoreClock
    delay.o(i.delay_init) refers to delay.o(.data) for fac_us
    delay.o(i.delay_ms) refers to delay.o(.data) for fac_ms
    delay.o(i.delay_us) refers to delay.o(.data) for fac_us
    bstring.o(.rev16_text) refers (Special) to use_no_semi_2.o(.text) for __use_no_semihosting
    bstring.o(.revsh_text) refers (Special) to use_no_semi_2.o(.text) for __use_no_semihosting
    bstring.o(.rrx_text) refers (Special) to use_no_semi_2.o(.text) for __use_no_semihosting
    bstring.o(.emb_text) refers (Special) to use_no_semi_2.o(.text) for __use_no_semihosting
    bstring.o(i.INTX_DISABLE) refers (Special) to use_no_semi_2.o(.text) for __use_no_semihosting
    bstring.o(i.INTX_ENABLE) refers (Special) to use_no_semi_2.o(.text) for __use_no_semihosting
    bstring.o(i.WFI_SET) refers (Special) to use_no_semi_2.o(.text) for __use_no_semihosting
    bstring.o(i._sys_exit) refers (Special) to use_no_semi_2.o(.text) for __use_no_semihosting
    bstring.o(i.atoi) refers (Special) to use_no_semi_2.o(.text) for __use_no_semihosting
    bstring.o(i.fputc) refers (Special) to use_no_semi_2.o(.text) for __use_no_semihosting
    bstring.o(i.itoa) refers (Special) to use_no_semi_2.o(.text) for __use_no_semihosting
    bstring.o(.data) refers (Special) to use_no_semi_2.o(.text) for __use_no_semihosting
    flash.o(i.Flash_ReadData) refers to flash.o(i.STMFLASH_ReadHalfWord) for STMFLASH_ReadHalfWord
    flash.o(i.Flash_WriteData) refers to flash.o(i.STMFLASH_Write) for STMFLASH_Write
    flash.o(i.STMFLASH_Read) refers to flash.o(i.STMFLASH_ReadHalfWord) for STMFLASH_ReadHalfWord
    flash.o(i.STMFLASH_Write) refers to stm32f10x_flash.o(i.FLASH_Unlock) for FLASH_Unlock
    flash.o(i.STMFLASH_Write) refers to flash.o(i.STMFLASH_Read) for STMFLASH_Read
    flash.o(i.STMFLASH_Write) refers to stm32f10x_flash.o(i.FLASH_ErasePage) for FLASH_ErasePage
    flash.o(i.STMFLASH_Write) refers to flash.o(i.STMFLASH_Write_NoCheck) for STMFLASH_Write_NoCheck
    flash.o(i.STMFLASH_Write) refers to stm32f10x_flash.o(i.FLASH_Lock) for FLASH_Lock
    flash.o(i.STMFLASH_Write) refers to flash.o(.bss) for STMFLASH_BUF
    flash.o(i.STMFLASH_Write_NoCheck) refers to stm32f10x_flash.o(i.FLASH_ProgramHalfWord) for FLASH_ProgramHalfWord
    flash.o(i.Test_Write) refers to flash.o(i.STMFLASH_Write) for STMFLASH_Write
    gpio.o(i.MG_Get) refers to gpio.o(i.MG_PORT_F) for MG_PORT_F
    gpio.o(i.MG_Get) refers to gpio.o(i.MG_PIN_F) for MG_PIN_F
    gpio.o(i.MG_Get) refers to stm32f10x_gpio.o(i.GPIO_ReadInputDataBit) for GPIO_ReadInputDataBit
    gpio.o(i.MG_Input) refers to gpio.o(i.MG_PORT_F) for MG_PORT_F
[...]
    uc_hextab                                0x08004f24   Data          20  _printf_hex_int_ll_ptr.o(.constdata)
    lc_hextab                                0x08004f38   Data          20  _printf_hex_int_ll_ptr.o(.constdata)
    .constdata                               0x08004f4c   Section       38  _printf_fp_hex.o(.constdata)
    lc_hextab                                0x08004f4c   Data          19  _printf_fp_hex.o(.constdata)
    uc_hextab                                0x08004f5f   Data          19  _printf_fp_hex.o(.constdata)
    .constdata                               0x08004f74   Section      148  bigflt0.o(.constdata)
    tenpwrs_x                                0x08004f74   Data          60  bigflt0.o(.constdata)
    tenpwrs_i                                0x08004fb0   Data          64  bigflt0.o(.constdata)
    locale$$data                             0x08005028   Section       28  lc_numeric_c.o(locale$$data)
    __lcnum_c_name                           0x0800502c   Data           2  lc_numeric_c.o(locale$$data)
    __lcnum_c_start                          0x08005034   Data           0  lc_numeric_c.o(locale$$data)
    __lcnum_c_point                          0x08005040   Data           0  lc_numeric_c.o(locale$$data)
    __lcnum_c_thousands                      0x08005042   Data           0  lc_numeric_c.o(locale$$data)
    __lcnum_c_grouping                       0x08005043   Data           0  lc_numeric_c.o(locale$$data)
    locale$$data                             0x08005044   Section      272  lc_ctype_c.o(locale$$data)
    __lcnum_c_end                            0x08005044   Data           0  lc_numeric_c.o(locale$$data)
    __lcctype_c_name                         0x08005048   Data           2  lc_ctype_c.o(locale$$data)
    __lcctype_c_start                        0x08005050   Data           0  lc_ctype_c.o(locale$$data)
    __lcctype_c_end                          0x08005154   Data           0  lc_ctype_c.o(locale$$data)
    .data                                    0x20000000   Section       12  main.o(.data)
    .data                                    0x2000000c   Section        8  delay.o(.data)
    fac_us                                   0x2000000c   Data           4  delay.o(.data)
    fac_ms                                   0x20000010   Data           4  delay.o(.data)
    .data                                    0x20000014   Section        4  bstring.o(.data)
    .data                                    0x20000018   Section        8  usart1.o(.data)
    .data                                    0x20000020   Section        8  usart2.o(.data)
    .data                                    0x20000028   Section        8  usart3.o(.data)
    .data                                    0x20000030   Section        2  hw_config.o(.data)
    .data                                    0x20000032   Section       26  usb_desc.o(.data)
    .data                                    0x2000004c   Section        4  usb_endp.o(.data)
    FrameCount                               0x2000004c   Data           4  usb_endp.o(.data)
    .data                                    0x20000050   Section       68  usb_istr.o(.data)
    .data                                    0x20000094   Section      148  usb_prop.o(.data)
    .data                                    0x20000128   Section       12  usb_pwr.o(.data)
    .data                                    0x20000134   Section        3  usb_core.o(.data)
    .data                                    0x20000138   Section       20  usb_init.o(.data)
    .data                                    0x2000014c   Section        4  usb_int.o(.data)
    .data                                    0x20000150   Section       20  system_stm32f10x.o(.data)
    .data                                    0x20000164   Section       20  stm32f10x_rcc.o(.data)
    APBAHBPrescTable                         0x20000164   Data          16  stm32f10x_rcc.o(.data)
    ADCPrescTable                            0x20000174   Data           4  stm32f10x_rcc.o(.data)
    .bss                                     0x20000178   Section      512  usart1.o(.bss)
    .bss                                     0x20000378   Section      512  usart2.o(.bss)
    .bss                                     0x20000578   Section      512  usart3.o(.bss)
    .bss                                     0x20000778   Section     1428  hw_config.o(.bss)
    .bss                                     0x20000d0c   Section       64  usb_endp.o(.bss)
    .bss                                     0x20000d4c   Section       32  usb_pwr.o(.bss)
    .bss                                     0x20000d6c   Section       28  usb_init.o(.bss)
    .bss                                     0x20000d88   Section       96  libspace.o(.bss)
    HEAP                                     0x20000de8   Section      512  startup_stm32f10x_md.o(HEAP)
    Heap_Mem                                 0x20000de8   Data         512  startup_stm32f10x_md.o(HEAP)
    STACK                                    0x20000fe8   Section     1024  startup_stm32f10x_md.o(STACK)
    Stack_Mem                                0x20000fe8   Data        1024  startup_stm32f10x_md.o(STACK)
    __initial_sp                             0x200013e8   Data           0  startup_stm32f10x_md.o(STACK)

    Global Symbols

    Symbol Name                              Value     Ov Type        Size  Object(Section)

    BuildAttributes$$THM_ISAv4$P$D$K$B$S$PE$A:L22UL41UL21$X:L11$S22US41US21$IEEE1$IW$USESV6$~STKCKD$USESV7$~SHL$OTIME$ROPI$IEEEJ$EBA8$UX$STANDARDLIB$REQ8$PRES8$EABIv2 0x00000000   Number         0  anon$$obj.o ABSOLUTE
    __ARM_use_no_argv                        0x00000000   Number         0  main.o ABSOLUTE
    _printf_flags                            0x00000000   Number         0  printf_stubs.o ABSOLUTE
    _printf_return_value                     0x00000000   Number         0  printf_stubs.o ABSOLUTE
    _printf_sizespec                         0x00000000   Number         0  printf_stubs.o ABSOLUTE
    _printf_widthprec                        0x00000000   Number         0  printf_stubs.o ABSOLUTE
    __ARM_exceptions_init                     - Undefined Weak Reference
    __alloca_initialize                       - Undefined Weak Reference
    __arm_preinit_                            - Undefined Weak Reference
    __cpp_initialize__aeabi_                  - Undefined Weak Reference
    __cxa_finalize                            - Undefined Weak Reference
    __sigvec_lookup                           - Undefined Weak Reference
    _atexit_init                              - Undefined Weak Reference
    _call_atexit_fns                          - Undefined Weak Reference
    _clock_init                               - Undefined Weak Reference
    _fp_trap_init                             - Undefined Weak Reference
    _fp_trap_shutdown                         - Undefined Weak Reference
    _get_lc_collate                           - Undefined Weak Reference
    _get_lc_monetary                          - Undefined Weak Reference
    _get_lc_time                              - Undefined Weak Reference
    _getenv_init                              - Undefined Weak Reference
    _handle_redirection                       - Undefined Weak Reference
    _init_alloc                               - Undefined Weak Reference
    _init_user_alloc                          - Undefined Weak Reference
    _initio                                   - Undefined Weak Reference
    _mutex_acquire                            - Undefined Weak Reference
    _mutex_release                            - Undefined Weak Reference
    _printf_mbtowc                            - Undefined Weak Reference
    _printf_wc                                - Undefined Weak Reference
    _rand_init                                - Undefined Weak Reference
    _signal_finish                            - Undefined Weak Reference
    _signal_init                              - Undefined Weak Reference
    _terminate_alloc                          - Undefined Weak Reference
    _terminate_user_alloc                     - Undefined Weak Reference
    _terminateio                              - Undefined Weak Reference
    __Vectors_Size                           0x000000ec   Number         0  startup_stm32f10x_md.o ABSOLUTE
    __Vectors                                0x08000000   Data           4  startup_stm32f10x_md.o(RESET)
    __Vectors_End                            0x080000ec   Data           0  startup_stm32f10x_md.o(RESET)
    __main                                   0x080000ed   Thumb Code     8  __main.o(!!!main)
    __scatterload                            0x080000f5   Thumb Code     0  __scatter.o(!!!scatter)
    __scatterload_rt2                        0x080000f5   Thumb Code    44  __scatter.o(!!!scatter)
    __scatterload_rt2_thumb_only             0x080000f5   Thumb Code     0  __scatter.o(!!!scatter)
    __scatterload_null                       0x08000103   Thumb Code     0  __scatter.o(!!!scatter)
    __decompress                             0x08000129   Thumb Code    90  __dczerorl2.o(!!dczerorl2)
    __decompress1                            0x08000129   Thumb Code     0  __dczerorl2.o(!!dczerorl2)
    __scatterload_zeroinit                   0x08000185   Thumb Code    28  __scatter_zi.o(!!handler_zi)
    _printf_n                                0x080001a1   Thumb Code     0  _printf_n.o(.ARM.Collect$$_printf_percent$$00000001)
    _printf_percent                          0x080001a1   Thumb Code     0  _printf_percent.o(.ARM.Collect$$_printf_percent$$00000000)
    _printf_p                                0x080001a7   Thumb Code     0  _printf_p.o(.ARM.Collect$$_printf_percent$$00000002)
    _printf_f                                0x080001ad   Thumb Code     0  _printf_f.o(.ARM.Collect$$_printf_percent$$00000003)
    _printf_e                                0x080001b3   Thumb Code     0  _printf_e.o(.ARM.Collect$$_printf_percent$$00000004)
    _printf_g                                0x080001b9   Thumb Code     0  _printf_g.o(.ARM.Collect$$_printf_percent$$00000005)
    _printf_a                                0x080001bf   Thumb Code     0  _printf_a.o(.ARM.Collect$$_printf_percent$$00000006)
    _printf_ll                               0x080001c5   Thumb Code     0  _printf_ll.o(.ARM.Collect$$_printf_percent$$00000007)
    _printf_i                                0x080001cf   Thumb Code     0  _printf_i.o(.ARM.Collect$$_printf_percent$$00000008)
    _printf_d                                0x080001d5   Thumb Code     0  _printf_d.o(.ARM.Collect$$_printf_percent$$00000009)
    _printf_u                                0x080001db   Thumb Code     0  _printf_u.o(.ARM.Collect$$_printf_percent$$0000000A)
    _printf_o                                0x080001e1   Thumb Code     0  _printf_o.o(.ARM.Collect$$_printf_percent$$0000000B)
    _printf_x                                0x080001e7   Thumb Code     0  _printf_x.o(.ARM.Collect$$_printf_percent$$0000000C)
    _printf_lli                              0x080001ed   Thumb Code     0  _printf_lli.o(.ARM.Collect$$_printf_percent$$0000000D)
    _printf_lld                              0x080001f3   Thumb Code     0  _printf_lld.o(.ARM.Collect$$_printf_percent$$0000000E)
    _printf_llu                              0x080001f9   Thumb Code     0  _printf_llu.o(.ARM.Collect$$_printf_percent$$0000000F)
    _printf_llo                              0x080001ff   Thumb Code     0  _printf_llo.o(.ARM.Collect$$_printf_percent$$00000010)
    _printf_llx                              0x08000205   Thumb Code     0  _printf_llx.o(.ARM.Collect$$_printf_percent$$00000011)
    _printf_l                                0x0800020b   Thumb Code     0  _printf_l.o(.ARM.Collect$$_printf_percent$$00000012)
    _printf_c                                0x08000215   Thumb Code     0  _printf_c.o(.ARM.Collect$$_printf_percent$$00000013)
    _printf_s                                0x0800021b   Thumb Code     0  _printf_s.o(.ARM.Collect$$_printf_percent$$00000014)
    _printf_lc                               0x08000221   Thumb Code     0  _printf_lc.o(.ARM.Collect$$_printf_percent$$00000015)
    _printf_ls                               0x08000227   Thumb Code     0  _printf_ls.o(.ARM.Collect$$_printf_percent$$00000016)
    _printf_percent_end                      0x0800022d   Thumb Code     0  _printf_percent_end.o(.ARM.Collect$$_printf_percent$$00000017)
    __rt_lib_init                            0x08000231   Thumb Code     0  libinit.o(.ARM.Collect$$libinit$$00000000)
    __rt_lib_init_fp_1                       0x08000233   Thumb Code     0  libinit2.o(.ARM.Collect$$libinit$$00000002)
    __rt_lib_init_heap_1                     0x08000233   Thumb Code     0  libinit2.o(.ARM.Collect$$libinit$$0000000A)
    __rt_lib_init_lc_common                  0x08000233   Thumb Code     0  libinit2.o(.ARM.Collect$$libinit$$0000000F)
    __rt_lib_init_preinit_1                  0x08000233   Thumb Code     0  libinit2.o(.ARM.Collect$$libinit$$00000004)
    __rt_lib_init_rand_1                     0x08000233   Thumb Code     0  libinit2.o(.ARM.Collect$$libinit$$0000000E)
    __rt_lib_init_user_alloc_1               0x08000233   Thumb Code     0  libinit2.o(.ARM.Collect$$libinit$$0000000C)
    __rt_lib_init_lc_collate_1               0x08000239   Thumb Code     0  libinit2.o(.ARM.Collect$$libinit$$00000011)
    __rt_lib_init_lc_ctype_2                 0x08000239   Thumb Code     0  libinit2.o(.ARM.Collect$$libinit$$00000012)
    __rt_lib_init_lc_ctype_1                 0x08000245   Thumb Code     0  libinit2.o(.ARM.Collect$$libinit$$00000013)
    __rt_lib_init_lc_monetary_1              0x08000245   Thumb Code     0  libinit2.o(.ARM.Collect$$libinit$$00000015)
    __rt_lib_init_lc_numeric_2               0x08000245   Thumb Code     0  libinit2.o(.ARM.Collect$$libinit$$00000016)
    __rt_lib_init_alloca_1                   0x0800024f   Thumb Code     0  libinit2.o(.ARM.Collect$$libinit$$0000002E)
    __rt_lib_init_argv_1                     0x0800024f   Thumb Code     0  libinit2.o(.ARM.Collect$$libinit$$0000002C)
    __rt_lib_init_atexit_1                   0x0800024f   Thumb Code     0  libinit2.o(.ARM.Collect$$libinit$$0000001B)
    __rt_lib_init_clock_1                    0x0800024f   Thumb Code     0  libinit2.o(.ARM.Collect$$libinit$$00000021)
    __rt_lib_init_cpp_1                      0x0800024f   Thumb Code     0  libinit2.o(.ARM.Collect$$libinit$$00000032)
    __rt_lib_init_exceptions_1               0x0800024f   Thumb Code     0  libinit2.o(.ARM.Collect$$libinit$$00000030)
    __rt_lib_init_fp_trap_1                  0x0800024f   Thumb Code     0  libinit2.o(.ARM.Collect$$libinit$$0000001F)
    __rt_lib_init_getenv_1                   0x0800024f   Thumb Code     0  libinit2.o(.ARM.Collect$$libinit$$00000023)
    __rt_lib_init_lc_numeric_1               0x0800024f   Thumb Code     0  libinit2.o(.ARM.Collect$$libinit$$00000017)
    __rt_lib_init_lc_time_1                  0x0800024f   Thumb Code     0  libinit2.o(.ARM.Collect$$libinit$$00000019)
    __rt_lib_init_return                     0x0800024f   Thumb Code     0  libinit2.o(.ARM.Collect$$libinit$$00000033)
    __rt_lib_init_signal_1                   0x0800024f   Thumb Code     0  libinit2.o(.ARM.Collect$$libinit$$0000001D)
    __rt_lib_init_stdio_1                    0x0800024f   Thumb Code     0  libinit2.o(.ARM.Collect$$libinit$$00000025)
    __rt_lib_shutdown                        0x08000251   Thumb Code     0  libshutdown.o(.ARM.Collect$$libshutdown$$00000000)
    __rt_lib_shutdown_cpp_1                  0x08000253   Thumb Code     0  libshutdown2.o(.ARM.Collect$$libshutdown$$00000002)
    __rt_lib_shutdown_fp_trap_1              0x08000253   Thumb Code     0  libshutdown2.o(.ARM.Collect$$libshutdown$$00000007)
    __rt_lib_shutdown_heap_1                 0x08000253   Thumb Code     0  libshutdown2.o(.ARM.Collect$$libshutdown$$0000000F)
    __rt_lib_shutdown_return                 0x08000253   Thumb Code     0  libshutdown2.o(.ARM.Collect$$libshutdown$$00000010)
    __rt_lib_shutdown_signal_1               0x08000253   Thumb Code     0  libshutdown2.o(.ARM.Collect$$libshutdown$$0000000A)
    __rt_lib_shutdown_stdio_1                0x08000253   Thumb Code     0  libshutdown2.o(.ARM.Collect$$libshutdown$$00000004)
    __rt_lib_shutdown_user_alloc_1           0x08000253   Thumb Code     0  libshutdown2.o(.ARM.Collect$$libshutdown$$0000000C)
    __rt_entry                               0x08000255   Thumb Code     0  __rtentry.o(.ARM.Collect$$rtentry$$00000000)
    __rt_entry_presh_1                       0x08000255   Thumb Code     0  __rtentry2.o(.ARM.Collect$$rtentry$$00000002)
    __rt_entry_sh                            0x08000255   Thumb Code     0  __rtentry4.o(.ARM.Collect$$rtentry$$00000004)
    __rt_entry_li                            0x0800025b   Thumb Code     0  __rtentry2.o(.ARM.Collect$$rtentry$$0000000A)
    __rt_entry_postsh_1                      0x0800025b   Thumb Code     0  __rtentry2.o(.ARM.Collect$$rtentry$$00000009)
    __rt_entry_main                          0x0800025f   Thumb Code     0  __rtentry2.o(.ARM.Collect$$rtentry$$0000000D)
    __rt_entry_postli_1                      0x0800025f   Thumb Code     0  __rtentry2.o(.ARM.Collect$$rtentry$$0000000C)
    __rt_exit                                0x08000267   Thumb Code     0  rtexit.o(.ARM.Collect$$rtexit$$00000000)
    __rt_exit_ls                             0x08000269   Thumb Code     0  rtexit2.o(.ARM.Collect$$rtexit$$00000003)
    __rt_exit_prels_1                        0x08000269   Thumb Code     0  rtexit2.o(.ARM.Collect$$rtexit$$00000002)
    __rt_exit_exit                           0x0800026d   Thumb Code     0  rtexit2.o(.ARM.Collect$$rtexit$$00000004)
    Reset_Handler                            0x08000275   Thumb Code     8  startup_stm32f10x_md.o(.text)
    NMI_Handler                              0x0800027d   Thumb Code     2  startup_stm32f10x_md.o(.text)
    HardFault_Handler                        0x0800027f   Thumb Code     2  startup_stm32f10x_md.o(.text)
    MemManage_Handler                        0x08000281   Thumb Code     2  startup_stm32f10x_md.o(.text)
    BusFault_Handler                         0x08000283   Thumb Code     2  startup_stm32f10x_md.o(.text)
    UsageFault_Handler                       0x08000285   Thumb Code     2  startup_stm32f10x_md.o(.text)
    SVC_Handler                              0x08000287   Thumb Code     2  startup_stm32f10x_md.o(.text)
    DebugMon_Handler                         0x08000289   Thumb Code     2  startup_stm32f10x_md.o(.text)
    PendSV_Handler                           0x0800028b   Thumb Code     2  startup_stm32f10x_md.o(.text)
    SysTick_Handler                          0x0800028d   Thumb Code     2  startup_stm32f10x_md.o(.text)
    ADC1_2_IRQHandler                        0x0800028f   Thumb Code     0  startup_stm32f10x_md.o(.text)
    CAN1_RX1_IRQHandler                      0x0800028f   Thumb Code     0  startup_stm32f10x_md.o(.text)
    CAN1_SCE_IRQHandler                      0x0800028f   Thumb Code     0  startup_stm32f10x_md.o(.text)
    DMA1_Channel1_IRQHandler                 0x0800028f   Thumb Code     0  startup_stm32f10x_md.o(.text)
    DMA1_Channel3_IRQHandler                 0x0800028f   Thumb Code     0  startup_stm32f10x_md.o(.text)
    DMA1_Channel5_IRQHandler                 0x0800028f   Thumb Code     0  startup_stm32f10x_md.o(.text)
    DMA1_Channel6_IRQHandler                 0x0800028f   Thumb Code     0  startup_stm32f10x_md.o(.text)
    EXTI0_IRQHandler                         0x0800028f   Thumb Code     0  startup_stm32f10x_md.o(.text)
    EXTI15_10_IRQHandler                     0x0800028f   Thumb Code     0  startup_stm32f10x_md.o(.text)
    EXTI1_IRQHandler                         0x0800028f   Thumb Code     0  startup_stm32f10x_md.o(.text)
    EXTI2_IRQHandler                         0x0800028f   Thumb Code     0  startup_stm32f10x_md.o(.text)
    EXTI3_IRQHandler                         0x0800028f   Thumb Code     0  startup_stm32f10x_md.o(.text)
    EXTI4_IRQHandler                         0x0800028f   Thumb Code     0  startup_stm32f10x_md.o(.text)
    EXTI9_5_IRQHandler                       0x0800028f   Thumb Code     0  startup_stm32f10x_md.o(.text)
    FLASH_IRQHandler                         0x0800028f   Thumb Code     0  startup_stm32f10x_md.o(.text)
    I2C1_ER_IRQHandler                       0x0800028f   Thumb Code     0  startup_stm32f10x_md.o(.text)
    I2C1_EV_IRQHandler                       0x0800028f   Thumb Code     0  startup_stm32f10x_md.o(.text)
    I2C2_ER_IRQHandler                       0x0800028f   Thumb Code     0  startup_stm32f10x_md.o(.text)
    I2C2_EV_IRQHandler                       0x0800028f   Thumb Code     0  startup_stm32f10x_md.o(.text)
    PVD_IRQHandler                           0x0800028f   Thumb Code     0  startup_stm32f10x_md.o(.text)
    RCC_IRQHandler                           0x0800028f   Thumb Code     0  startup_stm32f10x_md.o(.text)
    RTCAlarm_IRQHandler                      0x0800028f   Thumb Code     0  startup_stm32f10x_md.o(.text)
    RTC_IRQHandler                           0x0800028f   Thumb Code     0  startup_stm32f10x_md.o(.text)
    SPI1_IRQHandler                          0x0800028f   Thumb Code     0  startup_stm32f10x_md.o(.text)
    SPI2_IRQHandler                          0x0800028f   Thumb Code     0  startup_stm32f10x_md.o(.text)
    TAMPER_IRQHandler                        0x0800028f   Thumb Code     0  startup_stm32f10x_md.o(.text)
    TIM1_BRK_IRQHandler                      0x0800028f   Thumb Code     0  startup_stm32f10x_md.o(.text)
    TIM1_CC_IRQHandler                       0x0800028f   Thumb Code     0  startup_stm32f10x_md.o(.text)
    TIM1_TRG_COM_IRQHandler                  0x0800028f   Thumb Code     0  startup_stm32f10x_md.o(.text)
    TIM1_UP_IRQHandler                       0x0800028f   Thumb Code     0  startup_stm32f10x_md.o(.text)
    TIM2_IRQHandler                          0x0800028f   Thumb Code     0  startup_stm32f10x_md.o(.text)
    TIM3_IRQHandler                          0x0800028f   Thumb Code     0  startup_stm32f10x_md.o(.text)
    TIM4_IRQHandler                          0x0800028f   Thumb Code     0  startup_stm32f10x_md.o(.text)
    USB_HP_CAN1_TX_IRQHandler                0x0800028f   Thumb Code     0  startup_stm32f10x_md.o(.text)
    WWDG_IRQHandler                          0x0800028f   Thumb Code     0  startup_stm32f10x_md.o(.text)
    __user_initial_stackheap                 0x08000291   Thumb Code     0  startup_stm32f10x_md.o(.text)
    __use_no_semihosting                     0x080002b5   Thumb Code     2  use_no_semi_2.o(.text)
    vsprintf                                 0x080002b9   Thumb Code    32  vsprintf.o(.text)
    __2printf                                0x080002dd   Thumb Code    20  __2printf.o(.text)
    _printf_int_dec                          0x080002f5   Thumb Code   104  _printf_dec.o(.text)
    __printf                                 0x0800036d   Thumb Code   388  __printf_flags_ss_wp.o(.text)
    strlen                                   0x080004f5   Thumb Code    62  strlen.o(.text)
    __use_two_region_memory                  0x08000533   Thumb Code     2  heapauxi.o(.text)
    __rt_heap_escrow$2region                 0x08000535   Thumb Code     2  heapauxi.o(.text)
    __rt_heap_expand$2region                 0x08000537   Thumb Code     2  heapauxi.o(.text)
    __I$use$semihosting                      0x08000539   Thumb Code     0  use_no_semi.o(.text)
    __use_no_semihosting_swi                 0x08000539   Thumb Code     2  use_no_semi.o(.text)
    _printf_pre_padding                      0x0800053b   Thumb Code    44  _printf_pad.o(.text)
    _printf_post_padding                     0x08000567   Thumb Code    34  _printf_pad.o(.text)
    _printf_truncate_signed                  0x08000589   Thumb Code    18  _printf_truncate.o(.text)
    _printf_truncate_unsigned                0x0800059b   Thumb Code    18  _printf_truncate.o(.text)
    _printf_str                              0x080005ad   Thumb Code    82  _printf_str.o(.text)
    _printf_int_common                       0x080005ff   Thumb Code   178  _printf_intcommon.o(.text)
    _printf_charcount                        0x080006b1   Thumb Code    40  _printf_charcount.o(.text)
    _printf_char_common                      0x080006e3   Thumb Code    32  _printf_char_common.o(.text)
    _sputc                                   0x08000709   Thumb Code    10  _sputc.o(.text)
    _printf_char_file                        0x08000715   Thumb Code    32  _printf_char_file.o(.text)
    _printf_wctomb                           0x08000739   Thumb Code   182  _printf_wctomb.o(.text)
    _printf_longlong_dec                     0x080007f5   Thumb Code   108  _printf_longlong_dec.o(.text)
    _printf_longlong_oct                     0x08000871   Thumb Code    66  _printf_oct_int_ll.o(.text)
    _printf_int_oct                          0x080008b3   Thumb Code    24  _printf_oct_int_ll.o(.text)
    _printf_ll_oct                           0x080008cb   Thumb Code    12  _printf_oct_int_ll.o(.text)
    _printf_longlong_hex                     0x080008e1   Thumb Code    86  _printf_hex_int_ll_ptr.o(.text)
    _printf_int_hex                          0x08000937   Thumb Code    28  _printf_hex_int_ll_ptr.o(.text)
    _printf_ll_hex                           0x08000953   Thumb Code    12  _printf_hex_int_ll_ptr.o(.text)
    _printf_hex_ptr                          0x0800095f   Thumb Code    18  _printf_hex_int_ll_ptr.o(.text)
    _ll_udiv10                               0x08000975   Thumb Code   138  lludiv10.o(.text)
    __lib_sel_fp_printf                      0x080009ff   Thumb Code     2  _printf_fp_dec.o(.text)
    _printf_fp_dec_real                      0x08000bad   Thumb Code   620  _printf_fp_dec.o(.text)
    _printf_fp_hex_real                      0x08000e19   Thumb Code   756  _printf_fp_hex.o(.text)
    _printf_cs_common                        0x08001115   Thumb Code    20  _printf_char.o(.text)
    _printf_char                             0x08001129   Thumb Code    16  _printf_char.o(.text)
    _printf_string                           0x08001139   Thumb Code     8  _printf_char.o(.text)
    _printf_lcs_common                       0x08001141   Thumb Code    20  _printf_wchar.o(.text)
    _printf_wchar                            0x08001155   Thumb Code    16  _printf_wchar.o(.text)
    _printf_wstring                          0x08001165   Thumb Code     8  _printf_wchar.o(.text)
    ferror                                   0x0800116d   Thumb Code     8  ferror.o(.text)
    _wcrtomb                                 0x08001175   Thumb Code    64  _wcrtomb.o(.text)
    __user_setup_stackheap                   0x080011b5   Thumb Code    74  sys_stackheap_outer.o(.text)
    __rt_ctype_table                         0x08001201   Thumb Code    16  rt_ctype_table.o(.text)
    __rt_locale                              0x08001211   Thumb Code     8  rt_locale_intlibspace.o(.text)
    _printf_fp_infnan                        0x08001219   Thumb Code   112  _printf_fp_infnan.o(.text)
    _btod_etento                             0x08001299   Thumb Code   216  bigflt0.o(.text)
    exit                                     0x08001375   Thumb Code    18  exit.o(.text)
    __user_libspace                          0x08001389   Thumb Code     8  libspace.o(.text)
    __user_perproc_libspace                  0x08001389   Thumb Code     0  libspace.o(.text)
    __user_perthread_libspace                0x08001389   Thumb Code     0  libspace.o(.text)
    strcmp                                   0x08001391   Thumb Code   128  strcmpv7m.o(.text)
    _btod_d2e                                0x08001411   Thumb Code    62  btod.o(CL$$btod_d2e)
    _d2e_denorm_low                          0x0800144f   Thumb Code    70  btod.o(CL$$btod_d2e_denorm_low)
    _d2e_norm_op1                            0x08001495   Thumb Code    96  btod.o(CL$$btod_d2e_norm_op1)
    __btod_div_common                        0x080014f5   Thumb Code   696  btod.o(CL$$btod_div_common)
    _e2e                                     0x0800182d   Thumb Code   198  btod.o(CL$$btod_e2e)
    _btod_ediv                               0x080018f3   Thumb Code    40  btod.o(CL$$btod_ediv)
    _btod_emul                               0x0800191b   Thumb Code    40  btod.o(CL$$btod_emul)
    __btod_mult_common                       0x08001943   Thumb Code   580  btod.o(CL$$btod_mult_common)
    ByteSwap                                 0x08001b87   Thumb Code    12  usb_regs.o(i.ByteSwap)
    CTR_LP                                   0x08001b95   Thumb Code   616  usb_int.o(i.CTR_LP)
    ClearDTOG_RX                             0x08001e1d   Thumb Code    48  usb_regs.o(i.ClearDTOG_RX)
    ClearDTOG_TX                             0x08001e51   Thumb Code    48  usb_regs.o(i.ClearDTOG_TX)
    Clear_Status_Out                         0x08001e85   Thumb Code    34  usb_regs.o(i.Clear_Status_Out)
    DMA1_Channel2_IRQHandler                 0x08001ead   Thumb Code    40  usart3.o(i.DMA1_Channel2_IRQHandler)
    DMA1_Channel4_IRQHandler                 0x08001edd   Thumb Code    46  usart1.o(i.DMA1_Channel4_IRQHandler)
    DMA1_Channel7_IRQHandler                 0x08001f15   Thumb Code    46  usart2.o(i.DMA1_Channel7_IRQHandler)
    DMA_ClearFlag                            0x08001f4d   Thumb Code    18  stm32f10x_dma.o(i.DMA_ClearFlag)
    DMA_ClearITPendingBit                    0x08001f69   Thumb Code    18  stm32f10x_dma.o(i.DMA_ClearITPendingBit)
    DMA_Cmd                                  0x08001f85   Thumb Code    24  stm32f10x_dma.o(i.DMA_Cmd)
    DMA_GetCurrDataCounter                   0x08001f9d   Thumb Code     8  stm32f10x_dma.o(i.DMA_GetCurrDataCounter)
    DMA_GetFlagStatus                        0x08001fa5   Thumb Code    36  stm32f10x_dma.o(i.DMA_GetFlagStatus)
    DMA_GetITStatus                          0x08001fd1   Thumb Code    36  stm32f10x_dma.o(i.DMA_GetITStatus)
    DMA_ITConfig                             0x08001ffd   Thumb Code    18  stm32f10x_dma.o(i.DMA_ITConfig)
    DMA_Init                                 0x0800200f   Thumb Code    60  stm32f10x_dma.o(i.DMA_Init)
    DMA_SetCurrDataCounter                   0x0800204b   Thumb Code     4  stm32f10x_dma.o(i.DMA_SetCurrDataCounter)
    EP1_IN_Callback                          0x08002465   Thumb Code   138  usb_endp.o(i.EP1_IN_Callback)
    EP3_OUT_Callback                         0x080024f5   Thumb Code    28  usb_endp.o(i.EP3_OUT_Callback)
    EXTI_ClearITPendingBit                   0x08002515   Thumb Code     6  stm32f10x_exti.o(i.EXTI_ClearITPendingBit)
    EXTI_Init                                0x08002521   Thumb Code   142  stm32f10x_exti.o(i.EXTI_Init)
    Enter_LowPowerMode                       0x080025b5   Thumb Code    16  hw_config.o(i.Enter_LowPowerMode)
    GPIO_Init                                0x080025e5   Thumb Code   278  stm32f10x_gpio.o(i.GPIO_Init)
    GPIO_ReadInputDataBit                    0x080026fb   Thumb Code    18  stm32f10x_gpio.o(i.GPIO_ReadInputDataBit)
    GPIO_ResetBits                           0x0800270d   Thumb Code     4  stm32f10x_gpio.o(i.GPIO_ResetBits)
    GPIO_SetBits                             0x08002711   Thumb Code     4  stm32f10x_gpio.o(i.GPIO_SetBits)
    GetEPRxAddr                              0x08002715   Thumb Code    24  usb_regs.o(i.GetEPRxAddr)
    GetEPRxCount                             0x08002735   Thumb Code    26  usb_regs.o(i.GetEPRxCount)
    GetEPTxAddr                              0x08002759   Thumb Code    22  usb_regs.o(i.GetEPTxAddr)
    Get_SerialNum                            0x08002779   Thumb Code    42  hw_config.o(i.Get_SerialNum)
    In0_Process                              0x080027ad   Thumb Code    98  usb_core.o(i.In0_Process)
    IntToUnicode                             0x0800281d   Thumb Code    62  hw_config.o(i.IntToUnicode)
    Leave_LowPowerMode                       0x0800285d   Thumb Code    30  hw_config.o(i.Leave_LowPowerMode)
    MG_Get                                   0x0800289d   Thumb Code    36  gpio.o(i.MG_Get)
    MG_Input                                 0x080028c1   Thumb Code    72  gpio.o(i.MG_Input)
    MG_Output                                0x08002909   Thumb Code    48  gpio.o(i.MG_Output)
    MG_PIN_F                                 0x08002939   Thumb Code   110  gpio.o(i.MG_PIN_F)
    MG_PORT_F                                0x080029a9   Thumb Code    50  gpio.o(i.MG_PORT_F)
    MG_RCC                                   0x080029f9   Thumb Code    94  gpio.o(i.MG_RCC)
    MG_Set                                   0x08002a57   Thumb Code    50  gpio.o(i.MG_Set)
    MI2C_End                                 0x08002a89   Thumb Code    70  mi2c.o(i.MI2C_End)
    MI2C_Get                                 0x08002acf   Thumb Code    14  mi2c.o(i.MI2C_Get)
    MI2C_GetAck                              0x08002add   Thumb Code    80  mi2c.o(i.MI2C_GetAck)
    MI2C_In                                  0x08002b2d   Thumb Code    16  mi2c.o(i.MI2C_In)
    MI2C_Init                                0x08002b3d   Thumb Code    54  mi2c.o(i.MI2C_Init)
    MI2C_Out                                 0x08002b73   Thumb Code    14  mi2c.o(i.MI2C_Out)
    MI2C_Read                                0x08002b81   Thumb Code   140  mi2c.o(i.MI2C_Read)
    MI2C_ReadReg                             0x08002c0d   Thumb Code   118  mi2c.o(i.MI2C_ReadReg)
    MI2C_Set                                 0x08002c83   Thumb Code    32  mi2c.o(i.MI2C_Set)
    MI2C_SetNoAck                            0x08002ca3   Thumb Code    62  mi2c.o(i.MI2C_SetNoAck)
    MI2C_Start                               0x08002ce1   Thumb Code    70  mi2c.o(i.MI2C_Start)
    MI2C_Write                               0x08002d27   Thumb Code   134  mi2c.o(i.MI2C_Write)
    NOP_Process                              0x08002dad   Thumb Code     2  usb_core.o(i.NOP_Process)
    NVIC_Init                                0x08002db1   Thumb Code   100  misc.o(i.NVIC_Init)
    NVIC_PriorityGroupConfig                 0x08002e21   Thumb Code    10  misc.o(i.NVIC_PriorityGroupConfig)
    Out0_Process                             0x08002f6d   Thumb Code    70  usb_core.o(i.Out0_Process)
    PMAToUserBufferCopy                      0x08002fbd   Thumb Code    34  usb_mem.o(i.PMAToUserBufferCopy)
    Post0_Process                            0x08002fe5   Thumb Code    54  usb_core.o(i.Post0_Process)
    PowerOn                                  0x0800302d   Thumb Code    54  usb_pwr.o(i.PowerOn)
    RCC_AHBPeriphClockCmd                    0x0800306d   Thumb Code    26  stm32f10x_rcc.o(i.RCC_AHBPeriphClockCmd)
    RCC_APB1PeriphClockCmd                   0x0800308d   Thumb Code    26  stm32f10x_rcc.o(i.RCC_APB1PeriphClockCmd)
    RCC_APB1PeriphResetCmd                   0x080030ad   Thumb Code    26  stm32f10x_rcc.o(i.RCC_APB1PeriphResetCmd)
    RCC_APB2PeriphClockCmd                   0x080030cd   Thumb Code    26  stm32f10x_rcc.o(i.RCC_APB2PeriphClockCmd)
    RCC_APB2PeriphResetCmd                   0x080030ed   Thumb Code    26  stm32f10x_rcc.o(i.RCC_APB2PeriphResetCmd)
    RCC_GetClocksFreq                        0x0800310d   Thumb Code   192  stm32f10x_rcc.o(i.RCC_GetClocksFreq)
    RCC_USBCLKConfig                         0x080031e1   Thumb Code     6  stm32f10x_rcc.o(i.RCC_USBCLKConfig)
    Resume                                   0x080031ed   Thumb Code   194  usb_pwr.o(i.Resume)
    Resume_Init                              0x080032bd   Thumb Code    30  usb_pwr.o(i.Resume_Init)
    SOF_Callback                             0x080032e1   Thumb Code    38  usb_endp.o(i.SOF_Callback)
    SetBTABLE                                0x08003311   Thumb Code    12  usb_regs.o(i.SetBTABLE)
    SetDeviceAddress                         0x08003321   Thumb Code    68  usb_core.o(i.SetDeviceAddress)
    SetEPRxAddr                              0x08003371   Thumb Code    26  usb_regs.o(i.SetEPRxAddr)
    SetEPRxCount                             0x08003395   Thumb Code    68  usb_regs.o(i.SetEPRxCount)
    SetEPRxStatus                            0x080033e1   Thumb Code    60  usb_regs.o(i.SetEPRxStatus)
    SetEPRxValid                             0x08003421   Thumb Code    48  usb_regs.o(i.SetEPRxValid)
    SetEPTxAddr                              0x08003455   Thumb Code    24  usb_regs.o(i.SetEPTxAddr)
    SetEPTxCount                             0x08003475   Thumb Code    20  usb_regs.o(i.SetEPTxCount)
    SetEPTxStatus                            0x08003491   Thumb Code    60  usb_regs.o(i.SetEPTxStatus)
    SetEPTxValid                             0x080034d1   Thumb Code    48  usb_regs.o(i.SetEPTxValid)
    SetEPType                                0x08003505   Thumb Code    32  usb_regs.o(i.SetEPType)
    Set_USBClock                             0x08003611   Thumb Code    18  hw_config.o(i.Set_USBClock)
    Setup0_Process                           0x08003625   Thumb Code   170  usb_core.o(i.Setup0_Process)
    Standard_ClearFeature                    0x080036dd   Thumb Code   342  usb_core.o(i.Standard_ClearFeature)
    Standard_GetConfiguration                0x08003849   Thumb Code    34  usb_core.o(i.Standard_GetConfiguration)
    Standard_GetDescriptorData               0x08003875   Thumb Code    32  usb_core.o(i.Standard_GetDescriptorData)
    Standard_GetInterface                    0x08003899   Thumb Code    34  usb_core.o(i.Standard_GetInterface)
    Standard_GetStatus                       0x080038c5   Thumb Code   238  usb_core.o(i.Standard_GetStatus)
    Standard_SetConfiguration                0x080039c5   Thumb Code    60  usb_core.o(i.Standard_SetConfiguration)
    Standard_SetDeviceFeature                0x08003a0d   Thumb Code    30  usb_core.o(i.Standard_SetDeviceFeature)
    Standard_SetEndPointFeature              0x08003a35   Thumb Code   192  usb_core.o(i.Standard_SetEndPointFeature)
    Standard_SetInterface                    0x08003b05   Thumb Code    96  usb_core.o(i.Standard_SetInterface)
    Suspend                                  0x08003b71   Thumb Code   142  usb_pwr.o(i.Suspend)
    SysTick_CLKSourceConfig                  0x08003c0d   Thumb Code    40  misc.o(i.SysTick_CLKSourceConfig)
    SystemInit                               0x08003c35   Thumb Code    78  system_stm32f10x.o(i.SystemInit)
    USART1_Configuration                     0x08003c95   Thumb Code   400  usart1.o(i.USART1_Configuration)
    USART1_DMASendWords                      0x08003e39   Thumb Code   134  usart1.o(i.USART1_DMASendWords)
    USART1_IRQHandler                        0x08003ec9   Thumb Code   100  usart1.o(i.USART1_IRQHandler)
    USART1_OnRecv                            0x08003f3d   Thumb Code     2  usart1.o(i.USART1_OnRecv)
    USART1_OnSend                            0x08003f3f   Thumb Code     2  usart1.o(i.USART1_OnSend)
    USART1_SendWords                         0x08003f41   Thumb Code    62  usart1.o(i.USART1_SendWords)
    USART2_IRQHandler                        0x08003f85   Thumb Code   100  usart2.o(i.USART2_IRQHandler)
    USART2_OnRecv                            0x08003ff9   Thumb Code     2  usart2.o(i.USART2_OnRecv)
    USART2_OnSend                            0x08003ffb   Thumb Code     2  usart2.o(i.USART2_OnSend)
    USART3_IRQHandler                        0x08003ffd   Thumb Code   100  usart3.o(i.USART3_IRQHandler)
    USART3_OnRecv                            0x08004071   Thumb Code     2  usart3.o(i.USART3_OnRecv)
    USART3_OnSend                            0x08004073   Thumb Code     2  usart3.o(i.USART3_OnSend)
    USART_ClearITPendingBit                  0x08004075   Thumb Code    30  stm32f10x_usart.o(i.USART_ClearITPendingBit)
    USART_Cmd                                0x08004093   Thumb Code    24  stm32f10x_usart.o(i.USART_Cmd)
    USART_Config                             0x080040ad   Thumb Code    62  hw_config.o(i.USART_Config)
    USART_DMACmd                             0x08004161   Thumb Code    18  stm32f10x_usart.o(i.USART_DMACmd)
    USART_DeInit                             0x08004175   Thumb Code   134  stm32f10x_usart.o(i.USART_DeInit)
    USART_GetFlagStatus                      0x08004211   Thumb Code    26  stm32f10x_usart.o(i.USART_GetFlagStatus)
    USART_GetITStatus                        0x0800422b   Thumb Code    84  stm32f10x_usart.o(i.USART_GetITStatus)
    USART_ITConfig                           0x0800427f   Thumb Code    74  stm32f10x_usart.o(i.USART_ITConfig)
    USART_Init                               0x080042c9   Thumb Code   210  stm32f10x_usart.o(i.USART_Init)
    USART_ReceiveData                        0x080043a1   Thumb Code    10  stm32f10x_usart.o(i.USART_ReceiveData)
    USART_SendData                           0x080043ab   Thumb Code     8  stm32f10x_usart.o(i.USART_SendData)
    USBWakeUp_IRQHandler                     0x080043b3   Thumb Code    12  hw_config.o(i.USBWakeUp_IRQHandler)
    USB_Cable_Config                         0x080043c1   Thumb Code    22  hw_config.o(i.USB_Cable_Config)
    USB_Init                                 0x08004409   Thumb Code    36  usb_init.o(i.USB_Init)
    USB_Interrupts_Config                    0x08004445   Thumb Code    84  hw_config.o(i.USB_Interrupts_Config)
    USB_Istr                                 0x08004499   Thumb Code   426  usb_istr.o(i.USB_Istr)
    USB_LP_CAN1_RX0_IRQHandler               0x08004669   Thumb Code     8  hw_config.o(i.USB_LP_CAN1_RX0_IRQHandler)
    USB_Port_Set                             0x08004671   Thumb Code    78  hw_config.o(i.USB_Port_Set)
    USB_SIL_Init                             0x080046c9   Thumb Code    28  usb_sil.o(i.USB_SIL_Init)
    USB_SIL_Read                             0x080046ed   Thumb Code    46  usb_sil.o(i.USB_SIL_Read)
    USB_To_USART_Send_Data                   0x0800471d   Thumb Code   120  hw_config.o(i.USB_To_USART_Send_Data)
    USB_USART_SendData                       0x0800479d   Thumb Code    42  hw_config.o(i.USB_USART_SendData)
    UserToPMABufferCopy                      0x080047cd   Thumb Code    52  usb_mem.o(i.UserToPMABufferCopy)
    Virtual_Com_Port_Data_Setup              0x08004805   Thumb Code    82  usb_prop.o(i.Virtual_Com_Port_Data_Setup)
    Virtual_Com_Port_GetConfigDescriptor     0x08004869   Thumb Code    14  usb_prop.o(i.Virtual_Com_Port_GetConfigDescriptor)
    Virtual_Com_Port_GetDeviceDescriptor     0x0800487d   Thumb Code    14  usb_prop.o(i.Virtual_Com_Port_GetDeviceDescriptor)
    Virtual_Com_Port_GetLineCoding           0x08004891   Thumb Code    20  usb_prop.o(i.Virtual_Com_Port_GetLineCoding)
    Virtual_Com_Port_GetStringDescriptor     0x080048ad   Thumb Code    32  usb_prop.o(i.Virtual_Com_Port_GetStringDescriptor)
    Virtual_Com_Port_Get_Interface_Setting   0x080048d5   Thumb Code    22  usb_prop.o(i.Virtual_Com_Port_Get_Interface_Setting)
    Virtual_Com_Port_NoData_Setup            0x080048ed   Thumb Code    36  usb_prop.o(i.Virtual_Com_Port_NoData_Setup)
    Virtual_Com_Port_Reset                   0x08004915   Thumb Code   216  usb_prop.o(i.Virtual_Com_Port_Reset)
    Virtual_Com_Port_SetConfiguration        0x080049fd   Thumb Code    14  usb_prop.o(i.Virtual_Com_Port_SetConfiguration)
    Virtual_Com_Port_SetDeviceAddress        0x08004a15   Thumb Code     8  usb_prop.o(i.Virtual_Com_Port_SetDeviceAddress)
    Virtual_Com_Port_SetLineCoding           0x08004a21   Thumb Code    20  usb_prop.o(i.Virtual_Com_Port_SetLineCoding)
    Virtual_Com_Port_Status_In               0x08004a3d   Thumb Code    22  usb_prop.o(i.Virtual_Com_Port_Status_In)
    Virtual_Com_Port_Status_Out              0x08004a59   Thumb Code     2  usb_prop.o(i.Virtual_Com_Port_Status_Out)
    Virtual_Com_Port_init                    0x08004a5d   Thumb Code    30  usb_prop.o(i.Virtual_Com_Port_init)
    __ARM_fpclassify                         0x08004a85   Thumb Code    40  fpclassify.o(i.__ARM_fpclassify)
    _is_digit                                0x08004aad   Thumb Code    14  __printf_wp.o(i._is_digit)
    _sys_exit                                0x08004abb   Thumb Code     4  bstring.o(i._sys_exit)
    atoi                                     0x08004abf   Thumb Code    96  bstring.o(i.atoi)
    delay_init                               0x08004b21   Thumb Code    40  delay.o(i.delay_init)
    delay_ms                                 0x08004b59   Thumb Code   110  delay.o(i.delay_ms)
    delayus                                  0x08004bcd   Thumb Code    26  delay.o(i.delayus)
    finish                                   0x08004be7   Thumb Code     2  main.o(i.finish)
    fputc                                    0x08004be9   Thumb Code    24  bstring.o(i.fputc)
    get                                      0x08004c05   Thumb Code     2  main.o(i.get)
    itoa                                     0x08004c07   Thumb Code    98  bstring.o(i.itoa)
    main                                     0x08004c69   Thumb Code   254  main.o(i.main)
    usb_printf                               0x08004dbd   Thumb Code    56  hw_config.o(i.usb_printf)
    _get_lc_numeric                          0x08004df9   Thumb Code    44  lc_numeric_c.o(locale$$code)
    _get_lc_ctype                            0x08004e25   Thumb Code    44  lc_ctype_c.o(locale$$code)
    _printf_fp_dec                           0x08004e51   Thumb Code     4  printf1.o(x$fpl$printf1)
    _printf_fp_hex                           0x08004e55   Thumb Code     4  printf2.o(x$fpl$printf2)
    Virtual_Com_Port_DeviceDescriptor        0x08004e58   Data          18  usb_desc.o(.constdata)
    __I$use$fp                               0x08004e58   Number         0  usenofp.o(x$fpl$usenofp)
    Virtual_Com_Port_ConfigDescriptor        0x08004e6a   Data          67  usb_desc.o(.constdata)
    Virtual_Com_Port_StringLangID            0x08004ead   Data           4  usb_desc.o(.constdata)
    Virtual_Com_Port_StringVendor            0x08004eb1   Data          38  usb_desc.o(.constdata)
    Virtual_Com_Port_StringProduct           0x08004ed7   Data          50  usb_desc.o(.constdata)
    Region$$Table$$Base                      0x08005008   Number         0  anon$$obj.o(Region$$Table)
    Region$$Table$$Limit                     0x08005028   Number         0  anon$$obj.o(Region$$Table)
    __ctype                                  0x08005051   Data           0  lc_ctype_c.o(locale$$data)
    key                                      0x20000000   Data           4  main.o(.data)
    mpu6050                                  0x20000004   Data           8  main.o(.data)
    __stdout                                 0x20000014   Data           4  bstring.o(.data)
    USART1_OnRecvHandler                     0x20000018   Data           4  usart1.o(.data)
    USART1_OnSendHandler                     0x2000001c   Data           4  usart1.o(.data)
    USART2_OnRecvHandler                     0x20000020   Data           4  usart2.o(.data)
    USART2_OnSendHandler                     0x20000024   Data           4  usart2.o(.data)
    USART3_OnRecvHandler                     0x20000028   Data           4  usart3.o(.data)
    USART3_OnSendHandler                     0x2000002c   Data           4  usart3.o(.data)
    USB_USART_RX_STA                         0x20000030   Data           2  hw_config.o(.data)
    Virtual_Com_Port_StringSerial            0x20000032   Data          26  usb_desc.o(.data)
    wIstr                                    0x20000050   Data           2  usb_istr.o(.data)
    bIntPackSOF                              0x20000052   Data           1  usb_istr.o(.data)
    esof_counter                             0x20000054   Data           4  usb_istr.o(.data)
    wCNTR                                    0x20000058   Data           4  usb_istr.o(.data)
    pEpInt_IN                                0x2000005c   Data          28  usb_istr.o(.data)
    pEpInt_OUT                               0x20000078   Data          28  usb_istr.o(.data)
    Request                                  0x20000094   Data           1  usb_prop.o(.data)
    linecoding                               0x20000098   Data           8  usb_prop.o(.data)
    Device_Table                             0x200000a0   Data           2  usb_prop.o(.data)
    Device_Property                          0x200000a4   Data          48  usb_prop.o(.data)
    User_Standard_Requests                   0x200000d4   Data          36  usb_prop.o(.data)
    Device_Descriptor                        0x200000f8   Data           8  usb_prop.o(.data)
    Config_Descriptor                        0x20000100   Data           8  usb_prop.o(.data)
    String_Descriptor                        0x20000108   Data          32  usb_prop.o(.data)
    bDeviceState                             0x20000128   Data           4  usb_pwr.o(.data)
    fSuspendEnabled                          0x2000012c   Data           1  usb_pwr.o(.data)
    ResumeS                                  0x2000012d   Data           2  usb_pwr.o(.data)
    remotewakeupon                           0x20000130   Data           4  usb_pwr.o(.data)
    StatusInfo                               0x20000134   Data           2  usb_core.o(.data)
    Data_Mul_MaxPacketSize                   0x20000136   Data           1  usb_core.o(.data)
    EPindex                                  0x20000138   Data           1  usb_init.o(.data)
    pInformation                             0x2000013c   Data           4  usb_init.o(.data)
    pProperty                                0x20000140   Data           4  usb_init.o(.data)
    SaveState                                0x20000144   Data           2  usb_init.o(.data)
    wInterrupt_Mask                          0x20000146   Data           2  usb_init.o(.data)
    pUser_Standard_Requests                  0x20000148   Data           4  usb_init.o(.data)
    SaveRState                               0x2000014c   Data           2  usb_int.o(.data)
    SaveTState                               0x2000014e   Data           2  usb_int.o(.data)
    SystemCoreClock                          0x20000150   Data           4  system_stm32f10x.o(.data)
    AHBPrescTable                            0x20000154   Data          16  system_stm32f10x.o(.data)
    usart1_rx_buffer                         0x20000178   Data         256  usart1.o(.bss)
    usart1_tx_buffer                         0x20000278   Data         256  usart1.o(.bss)
    usart2_rx_buffer                         0x20000378   Data         256  usart2.o(.bss)
    usart2_tx_buffer                         0x20000478   Data         256  usart2.o(.bss)
    usart3_rx_buffer                         0x20000578   Data         256  usart3.o(.bss)
    usart3_tx_buffer                         0x20000678   Data         256  usart3.o(.bss)
    uu_txfifo                                0x20000778   Data        1028  hw_config.o(.bss)
    USART_PRINTF_Buffer                      0x20000b7c   Data         200  hw_config.o(.bss)
    USB_USART_RX_BUF                         0x20000c44   Data         200  hw_config.o(.bss)
    USB_Rx_Buffer                            0x20000d0c   Data          64  usb_endp.o(.bss)
    EP                                       0x20000d4c   Data          32  usb_pwr.o(.bss)
    Device_Info                              0x20000d6c   Data          28  usb_init.o(.bss)
    __libspace_start                         0x20000d88   Data          96  libspace.o(.bss)
    __temporary_stack_top$libspace           0x20000de8   Data           0  libspace.o(.bss)



==============================================================================

Memory Map of the image

  Image Entry point : 0x080000ed

  Load Region LR_IROM1 (Base: 0x08000000, Size: 0x000052cc, Max: 0x00010000, ABSOLUTE, COMPRESSED[0x00005200])

    Execution Region ER_IROM1 (Base: 0x08000000, Size: 0x00005154, Max: 0x00010000, ABSOLUTE)

    Base Addr    Size         Type   Attr      Idx    E Section Name        Object

    0x08000000   0x000000ec   Data   RO         2544    RESET               startup_stm32f10x_md.o
    0x080000ec   0x00000008   Code   RO         4643  * !!!main             c_w.l(__main.o)
    0x080000f4   0x00000034   Code   RO         4944    !!!scatter          c_w.l(__scatter.o)
    0x08000128   0x0000005a   Code   RO         4942    !!dczerorl2         c_w.l(__dczerorl2.o)
    0x08000182   0x00000002   PAD
    0x08000184   0x0000001c   Code   RO         4946    !!handler_zi        c_w.l(__scatter_zi.o)
    0x080001a0   0x00000000   Code   RO         4638    .ARM.Collect$$_printf_percent$$00000000  c_w.l(_printf_percent.o)
    0x080001a0   0x00000006   Code   RO         4698    .ARM.Collect$$_printf_percent$$00000001  c_w.l(_printf_n.o)
    0x080001a6   0x00000006   Code   RO         4700    .ARM.Collect$$_printf_percent$$00000002  c_w.l(_printf_p.o)
    0x080001ac   0x00000006   Code   RO         4704    .ARM.Collect$$_printf_percent$$00000003  c_w.l(_printf_f.o)
    0x080001b2   0x00000006   Code   RO         4705    .ARM.Collect$$_printf_percent$$00000004  c_w.l(_printf_e.o)
    0x080001b8   0x00000006   Code   RO         4706    .ARM.Collect$$_printf_percent$$00000005  c_w.l(_printf_g.o)
    0x080001be   0x00000006   Code   RO         4707    .ARM.Collect$$_printf_percent$$00000006  c_w.l(_printf_a.o)
    0x080001c4   0x0000000a   Code   RO         4712    .ARM.Collect$$_printf_percent$$00000007  c_w.l(_printf_ll.o)
    0x080001ce   0x00000006   Code   RO         4702    .ARM.Collect$$_printf_percent$$00000008  c_w.l(_printf_i.o)
    0x080001d4   0x00000006   Code   RO         4637    .ARM.Collect$$_printf_percent$$00000009  c_w.l(_printf_d.o)
    0x080001da   0x00000006   Code   RO         4703    .ARM.Collect$$_printf_percent$$0000000A  c_w.l(_printf_u.o)
    0x080001e0   0x00000006   Code   RO         4701    .ARM.Collect$$_printf_percent$$0000000B  c_w.l(_printf_o.o)
    0x080001e6   0x00000006   Code   RO         4699    .ARM.Collect$$_printf_percent$$0000000C  c_w.l(_printf_x.o)
    0x080001ec   0x00000006   Code   RO         4709    .ARM.Collect$$_printf_percent$$0000000D  c_w.l(_printf_lli.o)
    0x080001f2   0x00000006   Code   RO         4710    .ARM.Collect$$_printf_percent$$0000000E  c_w.l(_printf_lld.o)
    0x080001f8   0x00000006   Code   RO         4711    .ARM.Collect$$_printf_percent$$0000000F  c_w.l(_printf_llu.o)
    0x080001fe   0x00000006   Code   RO         4716    .ARM.Collect$$_printf_percent$$00000010  c_w.l(_printf_llo.o)
    0x08000204   0x00000006   Code   RO         4717    .ARM.Collect$$_printf_percent$$00000011  c_w.l(_printf_llx.o)
    0x0800020a   0x0000000a   Code   RO         4713    .ARM.Collect$$_printf_percent$$00000012  c_w.l(_printf_l.o)
    0x08000214   0x00000006   Code   RO         4696    .ARM.Collect$$_printf_percent$$00000013  c_w.l(_printf_c.o)
    0x0800021a   0x00000006   Code   RO         4697    .ARM.Collect$$_printf_percent$$00000014  c_w.l(_printf_s.o)
    0x08000220   0x00000006   Code   RO         4714    .ARM.Collect$$_printf_percent$$00000015  c_w.l(_printf_lc.o)
    0x08000226   0x00000006   Code   RO         4715    .ARM.Collect$$_printf_percent$$00000016  c_w.l(_printf_ls.o)
    0x0800022c   0x00000004   Code   RO         4708    .ARM.Collect$$_printf_percent$$00000017  c_w.l(_printf_percent_end.o)
    0x08000230   0x00000002   Code   RO         4806    .ARM.Collect$$libinit$$00000000  c_w.l(libinit.o)
    0x08000232   0x00000000   Code   RO         4823    .ARM.Collect$$libinit$$00000002  c_w.l(libinit2.o)
    0x08000232   0x00000000   Code   RO         4825    .ARM.Collect$$libinit$$00000004  c_w.l(libinit2.o)
    0x08000232   0x00000000   Code   RO         4828    .ARM.Collect$$libinit$$0000000A  c_w.l(libinit2.o)
    0x08000232   0x00000000   Code   RO         4830    .ARM.Collect$$libinit$$0000000C  c_w.l(libinit2.o)
    0x08000232   0x00000000   Code   RO         4832    .ARM.Collect$$libinit$$0000000E  c_w.l(libinit2.o)
    0x08000232   0x00000006   Code   RO         4833    .ARM.Collect$$libinit$$0000000F  c_w.l(libinit2.o)
    0x08000238   0x00000000   Code   RO         4835    .ARM.Collect$$libinit$$00000011  c_w.l(libinit2.o)
    0x08000238   0x0000000c   Code   RO         4836    .ARM.Collect$$libinit$$00000012  c_w.l(libinit2.o)
    0x08000244   0x00000000   Code   RO         4837    .ARM.Collect$$libinit$$00000013  c_w.l(libinit2.o)
    0x08000244   0x00000000   Code   RO         4839    .ARM.Collect$$libinit$$00000015  c_w.l(libinit2.o)
    0x08000244   0x0000000a   Code   RO         4840    .ARM.Collect$$libinit$$00000016  c_w.l(libinit2.o)
    0x0800024e   0x00000000   Code   RO         4841    .ARM.Collect$$libinit$$00000017  c_w.l(libinit2.o)
    0x0800024e   0x00000000   Code   RO         4843    .ARM.Collect$$libinit$$00000019  c_w.l(libinit2.o)
    0x0800024e   0x00000000   Code   RO         4845    .ARM.Collect$$libinit$$0000001B  c_w.l(libinit2.o)
    0x0800024e   0x00000000   Code   RO         4847    .ARM.Collect$$libinit$$0000001D  c_w.l(libinit2.o)
    0x0800024e   0x00000000   Code   RO         4849    .ARM.Collect$$libinit$$0000001F  c_w.l(libinit2.o)
    0x0800024e   0x00000000   Code   RO         4851    .ARM.Collect$$libinit$$00000021  c_w.l(libinit2.o)
    0x0800024e   0x00000000   Code   RO         4853    .ARM.Collect$$libinit$$00000023  c_w.l(libinit2.o)
    0x0800024e   0x00000000   Code   RO         4855    .ARM.Collect$$libinit$$00000025  c_w.l(libinit2.o)
    0x0800024e   0x00000000   Code   RO         4859    .ARM.Collect$$libinit$$0000002C  c_w.l(libinit2.o)
    0x0800024e   0x00000000   Code   RO         4861    .ARM.Collect$$libinit$$0000002E  c_w.l(libinit2.o)
    0x0800024e   0x00000000   Code   RO         4863    .ARM.Collect$$libinit$$00000030  c_w.l(libinit2.o)
    0x0800024e   0x00000000   Code   RO         4865    .ARM.Collect$$libinit$$00000032  c_w.l(libinit2.o)
    0x0800024e   0x00000002   Code   RO         4866    .ARM.Collect$$libinit$$00000033  c_w.l(libinit2.o)
    0x08000250   0x00000002   Code   RO         4884    .ARM.Collect$$libshutdown$$00000000  c_w.l(libshutdown.o)
    0x08000252   0x00000000   Code   RO         4894    .ARM.Collect$$libshutdown$$00000002  c_w.l(libshutdown2.o)
    0x08000252   0x00000000   Code   RO         4896    .ARM.Collect$$libshutdown$$00000004  c_w.l(libshutdown2.o)
    0x08000252   0x00000000   Code   RO         4899    .ARM.Collect$$libshutdown$$00000007  c_w.l(libshutdown2.o)
    0x08000252   0x00000000   Code   RO         4902    .ARM.Collect$$libshutdown$$0000000A  c_w.l(libshutdown2.o)
    0x08000252   0x00000000   Code   RO         4904    .ARM.Collect$$libshutdown$$0000000C  c_w.l(libshutdown2.o)
    0x08000252   0x00000000   Code   RO         4907    .ARM.Collect$$libshutdown$$0000000F  c_w.l(libshutdown2.o)
    0x08000252   0x00000002   Code   RO         4908    .ARM.Collect$$libshutdown$$00000010  c_w.l(libshutdown2.o)
    0x08000254   0x00000000   Code   RO         4647    .ARM.Collect$$rtentry$$00000000  c_w.l(__rtentry.o)
    0x08000254   0x00000000   Code   RO         4727    .ARM.Collect$$rtentry$$00000002  c_w.l(__rtentry2.o)
    0x08000254   0x00000006   Code   RO         4739    .ARM.Collect$$rtentry$$00000004  c_w.l(__rtentry4.o)
    0x0800025a   0x00000000   Code   RO         4729    .ARM.Collect$$rtentry$$00000009  c_w.l(__rtentry2.o)
    0x0800025a   0x00000004   Code   RO         4730    .ARM.Collect$$rtentry$$0000000A  c_w.l(__rtentry2.o)
    0x0800025e   0x00000000   Code   RO         4732    .ARM.Collect$$rtentry$$0000000C  c_w.l(__rtentry2.o)
    0x0800025e   0x00000008   Code   RO         4733    .ARM.Collect$$rtentry$$0000000D  c_w.l(__rtentry2.o)
    0x08000266   0x00000002   Code   RO         4815    .ARM.Collect$$rtexit$$00000000  c_w.l(rtexit.o)
    0x08000268   0x00000000   Code   RO         4868    .ARM.Collect$$rtexit$$00000002  c_w.l(rtexit2.o)
    0x08000268   0x00000004   Code   RO         4869    .ARM.Collect$$rtexit$$00000003  c_w.l(rtexit2.o)
    0x0800026c   0x00000006   Code   RO         4870    .ARM.Collect$$rtexit$$00000004  c_w.l(rtexit2.o)
    0x08000272   0x00000002   PAD
    0x08000274   0x00000040   Code   RO         2545    .text               startup_stm32f10x_md.o
    0x080002b4   0x00000002   Code   RO         4605    .text               c_w.l(use_no_semi_2.o)
    0x080002b6   0x00000002   PAD
    0x080002b8   0x00000024   Code   RO         4607    .text               c_w.l(vsprintf.o)
    0x080002dc   0x00000018   Code   RO         4609    .text               c_w.l(__2printf.o)
    0x080002f4   0x00000078   Code   RO         4615    .text               c_w.l(_printf_dec.o)
    0x0800036c   0x00000188   Code   RO         4634    .text               c_w.l(__printf_flags_ss_wp.o)
    0x080004f4   0x0000003e   Code   RO         4639    .text               c_w.l(strlen.o)
    0x08000532   0x00000006   Code   RO         4641    .text               c_w.l(heapauxi.o)
    0x08000538   0x00000002   Code   RO         4645    .text               c_w.l(use_no_semi.o)
    0x0800053a   0x0000004e   Code   RO         4648    .text               c_w.l(_printf_pad.o)
    0x08000588   0x00000024   Code   RO         4650    .text               c_w.l(_printf_truncate.o)
    0x080005ac   0x00000052   Code   RO         4652    .text               c_w.l(_printf_str.o)
    0x080005fe   0x000000b2   Code   RO         4654    .text               c_w.l(_printf_intcommon.o)
    0x080006b0   0x00000028   Code   RO         4656    .text               c_w.l(_printf_charcount.o)
    0x080006d8   0x00000030   Code   RO         4658    .text               c_w.l(_printf_char_common.o)
    0x08000708   0x0000000a   Code   RO         4660    .text               c_w.l(_sputc.o)
    0x08000712   0x00000002   PAD
    0x08000714   0x00000024   Code   RO         4662    .text               c_w.l(_printf_char_file.o)
    0x08000738   0x000000bc   Code   RO         4664    .text               c_w.l(_printf_wctomb.o)
    0x080007f4   0x0000007c   Code   RO         4667    .text               c_w.l(_printf_longlong_dec.o)
    0x08000870   0x00000070   Code   RO         4673    .text               c_w.l(_printf_oct_int_ll.o)
    0x080008e0   0x00000094   Code   RO         4693    .text               c_w.l(_printf_hex_int_ll_ptr.o)
    0x08000974   0x0000008a   Code   RO         4741    .text               c_w.l(lludiv10.o)
    0x080009fe   0x0000041a   Code   RO         4743    .text               c_w.l(_printf_fp_dec.o)
    0x08000e18   0x000002fc   Code   RO         4745    .text               c_w.l(_printf_fp_hex.o)
    0x08001114   0x0000002c   Code   RO         4750    .text               c_w.l(_printf_char.o)
    0x08001140   0x0000002c   Code   RO         4752    .text               c_w.l(_printf_wchar.o)
    0x0800116c   0x00000008   Code   RO         4754    .text               c_w.l(ferror.o)
    0x08001174   0x00000040   Code   RO         4758    .text               c_w.l(_wcrtomb.o)
    0x080011b4   0x0000004a   Code   RO         4760    .text               c_w.l(sys_stackheap_outer.o)
    0x080011fe   0x00000002   PAD
    0x08001200   0x00000010   Code   RO         4762    .text               c_w.l(rt_ctype_table.o)
    0x08001210   0x00000008   Code   RO         4767    .text               c_w.l(rt_locale_intlibspace.o)
    0x08001218   0x00000080   Code   RO         4769    .text               c_w.l(_printf_fp_infnan.o)
    0x08001298   0x000000dc   Code   RO         4771    .text               c_w.l(bigflt0.o)
    0x08001374   0x00000012   Code   RO         4799    .text               c_w.l(exit.o)
    0x08001386   0x00000002   PAD
    0x08001388   0x00000008   Code   RO         4812    .text               c_w.l(libspace.o)
    0x08001390   0x00000080   Code   RO         4820    .text               c_w.l(strcmpv7m.o)
    0x08001410   0x0000003e   Code   RO         4774    CL$$btod_d2e        c_w.l(btod.o)
    0x0800144e   0x00000046   Code   RO         4776    CL$$btod_d2e_denorm_low  c_w.l(btod.o)
    0x08001494   0x00000060   Code   RO         4775    CL$$btod_d2e_norm_op1  c_w.l(btod.o)
    0x080014f4   0x00000338   Code   RO         4784    CL$$btod_div_common  c_w.l(btod.o)
    0x0800182c   0x000000c6   Code   RO         4781    CL$$btod_e2e        c_w.l(btod.o)
    0x080018f2   0x00000028   Code   RO         4778    CL$$btod_ediv       c_w.l(btod.o)
    0x0800191a   0x00000028   Code   RO         4777    CL$$btod_emul       c_w.l(btod.o)
    0x08001942   0x00000244   Code   RO         4783    CL$$btod_mult_common  c_w.l(btod.o)
    0x08001b86   0x0000000c   Code   RO         2137    i.ByteSwap          usb_regs.o
    0x08001b92   0x00000002   PAD
    0x08001b94   0x00000288   Code   RO         2066    i.CTR_LP            usb_int.o
    0x08001e1c   0x00000034   Code   RO         2138    i.ClearDTOG_RX      usb_regs.o
    0x08001e50   0x00000034   Code   RO         2139    i.ClearDTOG_TX      usb_regs.o
    0x08001e84   0x00000028   Code   RO         2144    i.Clear_Status_Out  usb_regs.o
    0x08001eac   0x00000030   Code   RO          769    i.DMA1_Channel2_IRQHandler  usart3.o
    0x08001edc   0x00000038   Code   RO          621    i.DMA1_Channel4_IRQHandler  usart1.o
    0x08001f14   0x00000038   Code   RO          695    i.DMA1_Channel7_IRQHandler  usart2.o
    0x08001f4c   0x0000001c   Code   RO         2970    i.DMA_ClearFlag     stm32f10x_dma.o
    0x08001f68   0x0000001c   Code   RO         2971    i.DMA_ClearITPendingBit  stm32f10x_dma.o
    0x08001f84   0x00000018   Code   RO         2972    i.DMA_Cmd           stm32f10x_dma.o
    0x08001f9c   0x00000008   Code   RO         2974    i.DMA_GetCurrDataCounter  stm32f10x_dma.o
    0x08001fa4   0x0000002c   Code   RO         2975    i.DMA_GetFlagStatus  stm32f10x_dma.o
    0x08001fd0   0x0000002c   Code   RO         2976    i.DMA_GetITStatus   stm32f10x_dma.o
    0x08001ffc   0x00000012   Code   RO         2977    i.DMA_ITConfig      stm32f10x_dma.o
    0x0800200e   0x0000003c   Code   RO         2978    i.DMA_Init          stm32f10x_dma.o
    0x0800204a   0x00000004   Code   RO         2979    i.DMA_SetCurrDataCounter  stm32f10x_dma.o
    0x0800204e   0x00000002   PAD
    0x08002050   0x000000c0   Code   RO         1899    i.DataStageIn       usb_core.o
    0x08002110   0x000000bc   Code   RO         1900    i.DataStageOut      usb_core.o
    0x080021cc   0x00000298   Code   RO         1901    i.Data_Setup0       usb_core.o
    0x08002464   0x00000090   Code   RO         1661    i.EP1_IN_Callback   usb_endp.o
    0x080024f4   0x00000020   Code   RO         1662    i.EP3_OUT_Callback  usb_endp.o
    0x08002514   0x0000000c   Code   RO         4541    i.EXTI_ClearITPendingBit  stm32f10x_exti.o
    0x08002520   0x00000094   Code   RO         4546    i.EXTI_Init         stm32f10x_exti.o
    0x080025b4   0x00000030   Code   RO         1506    i.Enter_LowPowerMode  hw_config.o
    0x080025e4   0x00000116   Code   RO         3246    i.GPIO_Init         stm32f10x_gpio.o
    0x080026fa   0x00000012   Code   RO         3250    i.GPIO_ReadInputDataBit  stm32f10x_gpio.o
    0x0800270c   0x00000004   Code   RO         3253    i.GPIO_ResetBits    stm32f10x_gpio.o
    0x08002710   0x00000004   Code   RO         3254    i.GPIO_SetBits      stm32f10x_gpio.o
    0x08002714   0x00000020   Code   RO         2156    i.GetEPRxAddr       usb_regs.o
    0x08002734   0x00000024   Code   RO         2157    i.GetEPRxCount      usb_regs.o
    0x08002758   0x00000020   Code   RO         2159    i.GetEPTxAddr       usb_regs.o
    0x08002778   0x00000034   Code   RO         1507    i.Get_SerialNum     hw_config.o
    0x080027ac   0x00000070   Code   RO         1902    i.In0_Process       usb_core.o
    0x0800281c   0x0000003e   Code   RO         1508    i.IntToUnicode      hw_config.o
    0x0800285a   0x00000002   PAD
    0x0800285c   0x00000040   Code   RO         1509    i.Leave_LowPowerMode  hw_config.o
    0x0800289c   0x00000024   Code   RO          393    i.MG_Get            gpio.o
    0x080028c0   0x00000048   Code   RO          394    i.MG_Input          gpio.o
    0x08002908   0x00000030   Code   RO          395    i.MG_Output         gpio.o
    0x08002938   0x0000006e   Code   RO          396    i.MG_PIN_F          gpio.o
    0x080029a6   0x00000002   PAD
    0x080029a8   0x00000050   Code   RO          397    i.MG_PORT_F         gpio.o
    0x080029f8   0x0000005e   Code   RO          398    i.MG_RCC            gpio.o
    0x08002a56   0x00000032   Code   RO          399    i.MG_Set            gpio.o
    0x08002a88   0x00000046   Code   RO          459    i.MI2C_End          mi2c.o
    0x08002ace   0x0000000e   Code   RO          460    i.MI2C_Get          mi2c.o
    0x08002adc   0x00000050   Code   RO          461    i.MI2C_GetAck       mi2c.o
    0x08002b2c   0x00000010   Code   RO          462    i.MI2C_In           mi2c.o
    0x08002b3c   0x00000036   Code   RO          463    i.MI2C_Init         mi2c.o
    0x08002b72   0x0000000e   Code   RO          465    i.MI2C_Out          mi2c.o
    0x08002b80   0x0000008c   Code   RO          466    i.MI2C_Read         mi2c.o
    0x08002c0c   0x00000076   Code   RO          468    i.MI2C_ReadReg      mi2c.o
    0x08002c82   0x00000020   Code   RO          469    i.MI2C_Set          mi2c.o
    0x08002ca2   0x0000003e   Code   RO          471    i.MI2C_SetNoAck     mi2c.o
    0x08002ce0   0x00000046   Code   RO          472    i.MI2C_Start        mi2c.o
    0x08002d26   0x00000086   Code   RO          473    i.MI2C_Write        mi2c.o
    0x08002dac   0x00000002   Code   RO         1903    i.NOP_Process       usb_core.o
    0x08002dae   0x00000002   PAD
    0x08002db0   0x00000070   Code   RO         2598    i.NVIC_Init         misc.o
    0x08002e20   0x00000014   Code   RO         2599    i.NVIC_PriorityGroupConfig  misc.o
    0x08002e34   0x00000138   Code   RO         1904    i.NoData_Setup0     usb_core.o
    0x08002f6c   0x00000050   Code   RO         1905    i.Out0_Process      usb_core.o
    0x08002fbc   0x00000028   Code   RO         2107    i.PMAToUserBufferCopy  usb_mem.o
    0x08002fe4   0x00000048   Code   RO         1906    i.Post0_Process     usb_core.o
    0x0800302c   0x00000040   Code   RO         1845    i.PowerOn           usb_pwr.o
    0x0800306c   0x00000020   Code   RO         3421    i.RCC_AHBPeriphClockCmd  stm32f10x_rcc.o
    0x0800308c   0x00000020   Code   RO         3422    i.RCC_APB1PeriphClockCmd  stm32f10x_rcc.o
    0x080030ac   0x00000020   Code   RO         3423    i.RCC_APB1PeriphResetCmd  stm32f10x_rcc.o
    0x080030cc   0x00000020   Code   RO         3424    i.RCC_APB2PeriphClockCmd  stm32f10x_rcc.o
    0x080030ec   0x00000020   Code   RO         3425    i.RCC_APB2PeriphResetCmd  stm32f10x_rcc.o
    0x0800310c   0x000000d4   Code   RO         3432    i.RCC_GetClocksFreq  stm32f10x_rcc.o
    0x080031e0   0x0000000c   Code   RO         3450    i.RCC_USBCLKConfig  stm32f10x_rcc.o
    0x080031ec   0x000000d0   Code   RO         1846    i.Resume            usb_pwr.o
    0x080032bc   0x00000024   Code   RO         1847    i.Resume_Init       usb_pwr.o
    0x080032e0   0x00000030   Code   RO         1663    i.SOF_Callback      usb_endp.o
    0x08003310   0x00000010   Code   RO         2167    i.SetBTABLE         usb_regs.o
    0x08003320   0x00000050   Code   RO         1907    i.SetDeviceAddress  usb_core.o
    0x08003370   0x00000024   Code   RO         2181    i.SetEPRxAddr       usb_regs.o
    0x08003394   0x0000004c   Code   RO         2182    i.SetEPRxCount      usb_regs.o
    0x080033e0   0x00000040   Code   RO         2183    i.SetEPRxStatus     usb_regs.o
    0x08003420   0x00000034   Code   RO         2184    i.SetEPRxValid      usb_regs.o
    0x08003454   0x00000020   Code   RO         2185    i.SetEPTxAddr       usb_regs.o
    0x08003474   0x0000001c   Code   RO         2186    i.SetEPTxCount      usb_regs.o
    0x08003490   0x00000040   Code   RO         2187    i.SetEPTxStatus     usb_regs.o
    0x080034d0   0x00000034   Code   RO         2188    i.SetEPTxValid      usb_regs.o
    0x08003504   0x00000024   Code   RO         2189    i.SetEPType         usb_regs.o
    0x08003528   0x00000008   Code   RO         2552    i.SetSysClock       system_stm32f10x.o
    0x08003530   0x000000e0   Code   RO         2553    i.SetSysClockTo72   system_stm32f10x.o
    0x08003610   0x00000012   Code   RO         1510    i.Set_USBClock      hw_config.o
    0x08003622   0x00000002   PAD
    0x08003624   0x000000b8   Code   RO         1908    i.Setup0_Process    usb_core.o
    0x080036dc   0x0000016c   Code   RO         1909    i.Standard_ClearFeature  usb_core.o
    0x08003848   0x0000002c   Code   RO         1910    i.Standard_GetConfiguration  usb_core.o
    0x08003874   0x00000024   Code   RO         1911    i.Standard_GetDescriptorData  usb_core.o
    0x08003898   0x0000002c   Code   RO         1912    i.Standard_GetInterface  usb_core.o
    0x080038c4   0x00000100   Code   RO         1913    i.Standard_GetStatus  usb_core.o
    0x080039c4   0x00000048   Code   RO         1914    i.Standard_SetConfiguration  usb_core.o
    0x08003a0c   0x00000028   Code   RO         1915    i.Standard_SetDeviceFeature  usb_core.o
    0x08003a34   0x000000d0   Code   RO         1916    i.Standard_SetEndPointFeature  usb_core.o
    0x08003b04   0x0000006c   Code   RO         1917    i.Standard_SetInterface  usb_core.o
    0x08003b70   0x0000009c   Code   RO         1848    i.Suspend           usb_pwr.o
    0x08003c0c   0x00000028   Code   RO         2602    i.SysTick_CLKSourceConfig  misc.o
    0x08003c34   0x00000060   Code   RO         2555    i.SystemInit        system_stm32f10x.o
    0x08003c94   0x000001a4   Code   RO          622    i.USART1_Configuration  usart1.o
    0x08003e38   0x00000090   Code   RO          623    i.USART1_DMASendWords  usart1.o
    0x08003ec8   0x00000074   Code   RO          624    i.USART1_IRQHandler  usart1.o
    0x08003f3c   0x00000002   Code   RO          625    i.USART1_OnRecv     usart1.o
    0x08003f3e   0x00000002   Code   RO          626    i.USART1_OnSend     usart1.o
    0x08003f40   0x00000044   Code   RO          628    i.USART1_SendWords  usart1.o
    0x08003f84   0x00000074   Code   RO          698    i.USART2_IRQHandler  usart2.o
    0x08003ff8   0x00000002   Code   RO          699    i.USART2_OnRecv     usart2.o
    0x08003ffa   0x00000002   Code   RO          700    i.USART2_OnSend     usart2.o
    0x08003ffc   0x00000074   Code   RO          772    i.USART3_IRQHandler  usart3.o
    0x08004070   0x00000002   Code   RO          773    i.USART3_OnRecv     usart3.o
    0x08004072   0x00000002   Code   RO          774    i.USART3_OnSend     usart3.o
    0x08004074   0x0000001e   Code   RO         4349    i.USART_ClearITPendingBit  stm32f10x_usart.o
    0x08004092   0x00000018   Code   RO         4352    i.USART_Cmd         stm32f10x_usart.o
    0x080040aa   0x00000002   PAD
    0x080040ac   0x000000b4   Code   RO         1511    i.USART_Config      hw_config.o
    0x08004160   0x00000012   Code   RO         4353    i.USART_DMACmd      stm32f10x_usart.o
    0x08004172   0x00000002   PAD
    0x08004174   0x0000009c   Code   RO         4354    i.USART_DeInit      stm32f10x_usart.o
    0x08004210   0x0000001a   Code   RO         4355    i.USART_GetFlagStatus  stm32f10x_usart.o
    0x0800422a   0x00000054   Code   RO         4356    i.USART_GetITStatus  stm32f10x_usart.o
    0x0800427e   0x0000004a   Code   RO         4358    i.USART_ITConfig    stm32f10x_usart.o
    0x080042c8   0x000000d8   Code   RO         4359    i.USART_Init        stm32f10x_usart.o
    0x080043a0   0x0000000a   Code   RO         4366    i.USART_ReceiveData  stm32f10x_usart.o
    0x080043aa   0x00000008   Code   RO         4369    i.USART_SendData    stm32f10x_usart.o
    0x080043b2   0x0000000c   Code   RO         1512    i.USBWakeUp_IRQHandler  hw_config.o
    0x080043be   0x00000002   PAD
    0x080043c0   0x00000048   Code   RO         1513    i.USB_Cable_Config  hw_config.o
    0x08004408   0x0000003c   Code   RO         2030    i.USB_Init          usb_init.o
    0x08004444   0x00000054   Code   RO         1514    i.USB_Interrupts_Config  hw_config.o
    0x08004498   0x000001d0   Code   RO         1701    i.USB_Istr          usb_istr.o
    0x08004668   0x00000008   Code   RO         1515    i.USB_LP_CAN1_RX0_IRQHandler  hw_config.o
    0x08004670   0x00000058   Code   RO         1516    i.USB_Port_Set      hw_config.o
    0x080046c8   0x00000024   Code   RO         2509    i.USB_SIL_Init      usb_sil.o
    0x080046ec   0x0000002e   Code   RO         2510    i.USB_SIL_Read      usb_sil.o
    0x0800471a   0x00000002   PAD
    0x0800471c   0x00000080   Code   RO         1517    i.USB_To_USART_Send_Data  hw_config.o
    0x0800479c   0x00000030   Code   RO         1518    i.USB_USART_SendData  hw_config.o
    0x080047cc   0x00000038   Code   RO         2108    i.UserToPMABufferCopy  usb_mem.o
    0x08004804   0x00000064   Code   RO         1731    i.Virtual_Com_Port_Data_Setup  usb_prop.o
    0x08004868   0x00000014   Code   RO         1732    i.Virtual_Com_Port_GetConfigDescriptor  usb_prop.o
    0x0800487c   0x00000014   Code   RO         1733    i.Virtual_Com_Port_GetDeviceDescriptor  usb_prop.o
    0x08004890   0x0000001c   Code   RO         1734    i.Virtual_Com_Port_GetLineCoding  usb_prop.o
    0x080048ac   0x00000028   Code   RO         1735    i.Virtual_Com_Port_GetStringDescriptor  usb_prop.o
    0x080048d4   0x00000016   Code   RO         1736    i.Virtual_Com_Port_Get_Interface_Setting  usb_prop.o
    0x080048ea   0x00000002   PAD
    0x080048ec   0x00000028   Code   RO         1737    i.Virtual_Com_Port_NoData_Setup  usb_prop.o
    0x08004914   0x000000e8   Code   RO         1738    i.Virtual_Com_Port_Reset  usb_prop.o
    0x080049fc   0x00000018   Code   RO         1739    i.Virtual_Com_Port_SetConfiguration  usb_prop.o
    0x08004a14   0x0000000c   Code   RO         1740    i.Virtual_Com_Port_SetDeviceAddress  usb_prop.o
    0x08004a20   0x0000001c   Code   RO         1741    i.Virtual_Com_Port_SetLineCoding  usb_prop.o
    0x08004a3c   0x0000001c   Code   RO         1742    i.Virtual_Com_Port_Status_In  usb_prop.o
    0x08004a58   0x00000002   Code   RO         1743    i.Virtual_Com_Port_Status_Out  usb_prop.o
    0x08004a5a   0x00000002   PAD
    0x08004a5c   0x00000028   Code   RO         1744    i.Virtual_Com_Port_init  usb_prop.o
    0x08004a84   0x00000028   Code   RO         4810    i.__ARM_fpclassify  m_ws.l(fpclassify.o)
    0x08004aac   0x0000000e   Code   RO         4627    i._is_digit         c_w.l(__printf_wp.o)
    0x08004aba   0x00000004   Code   RO          259    i._sys_exit         bstring.o
    0x08004abe   0x00000060   Code   RO          260    i.atoi              bstring.o
    0x08004b1e   0x00000002   PAD
    0x08004b20   0x00000038   Code   RO          205    i.delay_init        delay.o
    0x08004b58   0x00000074   Code   RO          206    i.delay_ms          delay.o
    0x08004bcc   0x0000001a   Code   RO          209    i.delayus           delay.o
    0x08004be6   0x00000002   Code   RO            4    i.finish            main.o
    0x08004be8   0x0000001c   Code   RO          261    i.fputc             bstring.o
    0x08004c04   0x00000002   Code   RO            5    i.get               main.o
    0x08004c06   0x00000062   Code   RO          262    i.itoa              bstring.o
    0x08004c68   0x00000154   Code   RO            6    i.main              main.o
    0x08004dbc   0x0000003c   Code   RO         1519    i.usb_printf        hw_config.o
    0x08004df8   0x0000002c   Code   RO         4797    locale$$code        c_w.l(lc_numeric_c.o)
    0x08004e24   0x0000002c   Code   RO         4818    locale$$code        c_w.l(lc_ctype_c.o)
    0x08004e50   0x00000004   Code   RO         4718    x$fpl$printf1       fz_ws.l(printf1.o)
    0x08004e54   0x00000004   Code   RO         4720    x$fpl$printf2       fz_ws.l(printf2.o)
    0x08004e58   0x00000000   Code   RO         4809    x$fpl$usenofp       fz_ws.l(usenofp.o)
    0x08004e58   0x000000b1   Data   RO         1636    .constdata          usb_desc.o
    0x08004f09   0x00000011   Data   RO         4635    .constdata          c_w.l(__printf_flags_ss_wp.o)
    0x08004f1a   0x00000002   PAD
    0x08004f1c   0x00000008   Data   RO         4665    .constdata          c_w.l(_printf_wctomb.o)
    0x08004f24   0x00000028   Data   RO         4694    .constdata          c_w.l(_printf_hex_int_ll_ptr.o)
    0x08004f4c   0x00000026   Data   RO         4746    .constdata          c_w.l(_printf_fp_hex.o)
    0x08004f72   0x00000002   PAD
    0x08004f74   0x00000094   Data   RO         4772    .constdata          c_w.l(bigflt0.o)
    0x08005008   0x00000020   Data   RO         4940    Region$$Table       anon$$obj.o
    0x08005028   0x0000001c   Data   RO         4796    locale$$data        c_w.l(lc_numeric_c.o)
    0x08005044   0x00000110   Data   RO         4817    locale$$data        c_w.l(lc_ctype_c.o)


    Execution Region RW_IRAM1 (Base: 0x20000000, Size: 0x000013e8, Max: 0x00005000, ABSOLUTE, COMPRESSED[0x000000ac])

    Base Addr    Size         Type   Attr      Idx    E Section Name        Object

    0x20000000   0x0000000c   Data   RW            7    .data               main.o
    0x2000000c   0x00000008   Data   RW          210    .data               delay.o
    0x20000014   0x00000004   Data   RW          263    .data               bstring.o
    0x20000018   0x00000008   Data   RW          631    .data               usart1.o
    0x20000020   0x00000008   Data   RW          705    .data               usart2.o
    0x20000028   0x00000008   Data   RW          779    .data               usart3.o
    0x20000030   0x00000002   Data   RW         1521    .data               hw_config.o
    0x20000032   0x0000001a   Data   RW         1637    .data               usb_desc.o
    0x2000004c   0x00000004   Data   RW         1665    .data               usb_endp.o
    0x20000050   0x00000044   Data   RW         1702    .data               usb_istr.o
    0x20000094   0x00000094   Data   RW         1745    .data               usb_prop.o
    0x20000128   0x0000000c   Data   RW         1850    .data               usb_pwr.o
    0x20000134   0x00000003   Data   RW         1918    .data               usb_core.o
    0x20000137   0x00000001   PAD
    0x20000138   0x00000014   Data   RW         2032    .data               usb_init.o
    0x2000014c   0x00000004   Data   RW         2067    .data               usb_int.o
    0x20000150   0x00000014   Data   RW         2556    .data               system_stm32f10x.o
    0x20000164   0x00000014   Data   RW         3452    .data               stm32f10x_rcc.o
    0x20000178   0x00000200   Zero   RW          629    .bss                usart1.o
    0x20000378   0x00000200   Zero   RW          703    .bss                usart2.o
    0x20000578   0x00000200   Zero   RW          777    .bss                usart3.o
    0x20000778   0x00000594   Zero   RW         1520    .bss                hw_config.o
    0x20000d0c   0x00000040   Zero   RW         1664    .bss                usb_endp.o
    0x20000d4c   0x00000020   Zero   RW         1849    .bss                usb_pwr.o
    0x20000d6c   0x0000001c   Zero   RW         2031    .bss                usb_init.o
    0x20000d88   0x00000060   Zero   RW         4813    .bss                c_w.l(libspace.o)
    0x20000de8   0x00000200   Zero   RW         2543    HEAP                startup_stm32f10x_md.o
    0x20000fe8   0x00000400   Zero   RW         2542    STACK               startup_stm32f10x_md.o


==============================================================================

Image component sizes


      Code (inc. data)   RO Data    RW Data    ZI Data      Debug   Object Name

       226          4          0          4          0       4032   bstring.o
       198         22          0          8          0       1682   delay.o
       490         62          0          0          0       4209   gpio.o
       924        272          0          2       1428      10011   hw_config.o
       344         86          0         12          0     249772   main.o
       804          0          0          0          0       6581   mi2c.o
       172         22          0          0          0       2245   misc.o
        64         26        236          0       1536        800   startup_stm32f10x_md.o
       258         36          0          0          0       7132   stm32f10x_dma.o
       160         12          0          0          0       1649   stm32f10x_exti.o
       304          0          0          0          0       3876   stm32f10x_gpio.o
       384         56          0         20          0       6971   stm32f10x_rcc.o
       646         28          0          0          0       8433   stm32f10x_usart.o
       328         28          0         20          0       2185   system_stm32f10x.o
       808         62          0          8        512       4715   usart1.o
       176         26          0          8        512       2647   usart2.o
       168         24          0          8        512       2647   usart3.o
      3058        288          0          3          0      14247   usb_core.o
         0          0        177         26          0       1019   usb_desc.o
       224         20          0          4         64       2132   usb_endp.o
        60         24          0         20         28       4066   usb_init.o
       648         32          0          4          0       1704   usb_int.o
       464         38          0         68          0       1531   usb_istr.o
        96         10          0          0          0       1748   usb_mem.o
       636        104          0        148          0      11085   usb_prop.o
       464         52          0         12         32       3412   usb_pwr.o
       712        100          0          0          0       9607   usb_regs.o
        82          8          0          0          0       1442   usb_sil.o

    ----------------------------------------------------------------------
     12924       1442        445        376       4624     371580   Object Totals
         0          0         32          0          0          0   (incl. Generated)
        26          0          0          1          0          0   (incl. Padding)

    ----------------------------------------------------------------------

      Code (inc. data)   RO Data    RW Data    ZI Data      Debug   Library Member Name

        24          4          0          0          0         84   __2printf.o
        90          0          0          0          0          0   __dczerorl2.o
         8          0          0          0          0         68   __main.o
       392          4         17          0          0         92   __printf_flags_ss_wp.o
        14          0          0          0          0         68   __printf_wp.o
         0          0          0          0          0          0   __rtentry.o
        12          0          0          0          0          0   __rtentry2.o
         6          0          0          0          0          0   __rtentry4.o
        52          8          0          0          0          0   __scatter.o
        28          0          0          0          0          0   __scatter_zi.o
         6          0          0          0          0          0   _printf_a.o
         6          0          0          0          0          0   _printf_c.o
        44          0          0          0          0        108   _printf_char.o
        48          6          0          0          0         96   _printf_char_common.o
        36          4          0          0          0         80   _printf_char_file.o
        40          0          0          0          0         68   _printf_charcount.o
         6          0          0          0          0          0   _printf_d.o
       120         16          0          0          0         92   _printf_dec.o
         6          0          0          0          0          0   _printf_e.o
         6          0          0          0          0          0   _printf_f.o
      1050          0          0          0          0        216   _printf_fp_dec.o
       764          8         38          0          0        100   _printf_fp_hex.o
       128         16          0          0          0         84   _printf_fp_infnan.o
         6          0          0          0          0          0   _printf_g.o
       148          4         40          0          0        160   _printf_hex_int_ll_ptr.o
         6          0          0          0          0          0   _printf_i.o
       178          0          0          0          0         88   _printf_intcommon.o
        10          0          0          0          0          0   _printf_l.o
         6          0          0          0          0          0   _printf_lc.o
        10          0          0          0          0          0   _printf_ll.o
         6          0          0          0          0          0   _printf_lld.o
         6          0          0          0          0          0   _printf_lli.o
         6          0          0          0          0          0   _printf_llo.o
         6          0          0          0          0          0   _printf_llu.o
         6          0          0          0          0          0   _printf_llx.o
       124         16          0          0          0         92   _printf_longlong_dec.o
         6          0          0          0          0          0   _printf_ls.o
         6          0          0          0          0          0   _printf_n.o
         6          0          0          0          0          0   _printf_o.o
       112         10          0          0          0        124   _printf_oct_int_ll.o
         6          0          0          0          0          0   _printf_p.o
        78          0          0          0          0        108   _printf_pad.o
         0          0          0          0          0          0   _printf_percent.o
         4          0          0          0          0          0   _printf_percent_end.o
         6          0          0          0          0          0   _printf_s.o
        82          0          0          0          0         80   _printf_str.o
        36          0          0          0          0         84   _printf_truncate.o
         6          0          0          0          0          0   _printf_u.o
        44          0          0          0          0        108   _printf_wchar.o
       188          6          8          0          0         92   _printf_wctomb.o
         6          0          0          0          0          0   _printf_x.o
        10          0          0          0          0         68   _sputc.o
        64          0          0          0          0         92   _wcrtomb.o
       220          4        148          0          0         96   bigflt0.o
      1910        128          0          0          0        672   btod.o
        18          0          0          0          0         80   exit.o
         8          0          0          0          0         68   ferror.o
         6          0          0          0          0        152   heapauxi.o
        44         10        272          0          0         76   lc_ctype_c.o
        44         10         28          0          0         76   lc_numeric_c.o
         2          0          0          0          0          0   libinit.o
        30          0          0          0          0          0   libinit2.o
         2          0          0          0          0          0   libshutdown.o
         2          0          0          0          0          0   libshutdown2.o
         8          4          0          0         96         68   libspace.o
       138          0          0          0          0         80   lludiv10.o
        16          4          0          0          0         76   rt_ctype_table.o
         8          4          0          0          0         68   rt_locale_intlibspace.o
         2          0          0          0          0          0   rtexit.o
        10          0          0          0          0          0   rtexit2.o
       128          0          0          0          0         68   strcmpv7m.o
        62          0          0          0          0         76   strlen.o
        74          0          0          0          0         80   sys_stackheap_outer.o
         2          0          0          0          0         68   use_no_semi.o
         2          0          0          0          0         68   use_no_semi_2.o
        36          4          0          0          0         76   vsprintf.o
         4          0          0          0          0         68   printf1.o
         4          0          0          0          0         68   printf2.o
         0          0          0          0          0          0   usenofp.o
        40          0          0          0          0         68   fpclassify.o

    ----------------------------------------------------------------------
      6896        270        555          0         96       4404   Library Totals
        12          0          4          0          0          0   (incl. Padding)

    ----------------------------------------------------------------------

      Code (inc. data)   RO Data    RW Data    ZI Data      Debug   Library Name

      6836        270        551          0         96       4200   c_w.l
         8          0          0          0          0        136   fz_ws.l
        40          0          0          0          0         68   m_ws.l

    ----------------------------------------------------------------------
      6896        270        555          0         96       4404   Library Totals

    ----------------------------------------------------------------------

==============================================================================


      Code (inc. data)   RO Data    RW Data    ZI Data      Debug   

     19820       1712       1000        376       4720     365476   Grand Totals
     19820       1712       1000        172       4720     365476   ELF Image Totals (compressed)
     19820       1712       1000        172          0          0   ROM Totals

==============================================================================

    Total RO  Size (Code + RO Data)                20820 (  20.33kB)
    Total RW  Size (RW Data + ZI Data)              5096 (   4.98kB)
    Total ROM Size (Code + RO Data + RW Data)      20992 (  20.50kB)

==============================================================================

