Component: ARM Compiler 5.06 update 1 (build 61) Tool: armlink [4d35a8]

==============================================================================

Section Cross References

    main.o(i.main) refers to system_stm32f10x.o(i.SystemInit) for SystemInit
    main.o(i.main) refers to misc.o(i.NVIC_PriorityGroupConfig) for NVIC_PriorityGroupConfig
    main.o(i.main) refers to stm32f10x_rcc.o(i.RCC_APB2PeriphClockCmd) for RCC_APB2PeriphClockCmd
    main.o(i.main) refers to delay.o(i.delay_init) for delay_init
    main.o(i.main) refers to gpio.o(i.MG_RCC) for MG_RCC
    main.o(i.main) refers to gpio.o(i.MG_Output) for MG_Output
    main.o(i.main) refers to gpio.o(i.MG_Set) for MG_Set
    main.o(i.main) refers to gpio.o(i.MG_Input) for MG_Input
    main.o(i.main) refers to gpio.o(i.MG_Get) for MG_Get
    main.o(i.main) refers to usart1.o(i.USART1_Configuration) for USART1_Configuration
    main.o(i.main) refers to bstring.o(i.itoa) for itoa
    main.o(i.main) refers to bstring.o(i.atoi) for atoi
    main.o(i.main) refers to mi2c.o(i.MI2C_Init) for MI2C_Init
    main.o(i.main) refers to mi2c.o(i.MI2C_ReadReg) for MI2C_ReadReg
    main.o(i.main) refers to usart1.o(i.USART1_SendWords) for USART1_SendWords
    main.o(i.main) refers to delay.o(i.delay_ms) for delay_ms
    main.o(i.main) refers to usart1.o(i.USART1_DMASendWords) for USART1_DMASendWords
    main.o(i.main) refers to main.o(i.get) for get
    main.o(i.main) refers to usart1.o(.data) for USART1_OnRecvHandler
    main.o(i.main) refers to main.o(i.finish) for finish
    main.o(i.main) refers to main.o(.data) for mpu6050
    delay.o(i.delay_init) refers to misc.o(i.SysTick_CLKSourceConfig) for SysTick_CLKSourceConfig
    delay.o(i.delay_init) refers to system_stm32f10x.o(.data) for SystemCoreClock
    delay.o(i.delay_init) refers to delay.o(.data) for fac_us
    delay.o(i.delay_ms) refers to delay.o(.data) for fac_ms
    delay.o(i.delay_us) refers to delay.o(.data) for fac_us
    bstring.o(.rev16_text) refers (Special) to use_no_semi_2.o(.text) for __use_no_semihosting
    bstring.o(.revsh_text) refers (Special) to use_no_semi_2.o(.text) for __use_no_semihosting
    bstring.o(.rrx_text) refers (Special) to use_no_semi_2.o(.text) for __use_no_semihosting
    bstring.o(i._sys_exit) refers (Special) to use_no_semi_2.o(.text) for __use_no_semihosting
    bstring.o(i.atoi) refers (Special) to use_no_semi_2.o(.text) for __use_no_semihosting
    bstring.o(i.fputc) refers (Special) to use_no_semi_2.o(.text) for __use_no_semihosting
    bstring.o(i.itoa) refers (Special) to use_no_semi_2.o(.text) for __use_no_semihosting
    bstring.o(.data) refers (Special) to use_no_semi_2.o(.text) for __use_no_semihosting
    flash.o(i.Flash_ReadData) refers to flash.o(i.STMFLASH_ReadHalfWord) for STMFLASH_ReadHalfWord
    flash.o(i.Flash_WriteData) refers to flash.o(i.STMFLASH_Write) for STMFLASH_Write
    flash.o(i.STMFLASH_Read) refers to flash.o(i.STMFLASH_ReadHalfWord) for STMFLASH_ReadHalfWord
    flash.o(i.STMFLASH_Write) refers to stm32f10x_flash.o(i.FLASH_Unlock) for FLASH_Unlock
    flash.o(i.STMFLASH_Write) refers to flash.o(i.STMFLASH_Read) for STMFLASH_Read
    flash.o(i.STMFLASH_Write) refers to stm32f10x_flash.o(i.FLASH_ErasePage) for FLASH_ErasePage
    flash.o(i.STMFLASH_Write) refers to flash.o(i.STMFLASH_Write_NoCheck) for STMFLASH_Write_NoCheck
    flash.o(i.STMFLASH_Write) refers to stm32f10x_flash.o(i.FLASH_Lock) for FLASH_Lock
    flash.o(i.STMFLASH_Write) refers to flash.o(.bss) for STMFLASH_BUF
    flash.o(i.STMFLASH_Write_NoCheck) refers to stm32f10x_flash.o(i.FLASH_ProgramHalfWord) for FLASH_ProgramHalfWord
    flash.o(i.Test_Write) refers to flash.o(i.STMFLASH_Write) for STMFLASH_Write
    gpio.o(i.MG_Get) refers to gpio.o(i.MG_PORT_F) for MG_PORT_F
    gpio.o(i.MG_Get) refers to gpio.o(i.MG_PIN_F) for MG_PIN_F
    gpio.o(i.MG_Get) refers to stm32f10x_gpio.o(i.GPIO_ReadInputDataBit) for GPIO_ReadInputDataBit
    gpio.o(i.MG_Input) refers to gpio.o(i.MG_PORT_F) for MG_PORT_F
    gpio.o(i.MG_Input) refers to gpio.o(i.MG_PIN_F) for MG_PIN_F
    gpio.o(i.MG_Input) refers to stm32f10x_gpio.o(i.GPIO_Init) for GPIO_Init
    gpio.o(i.MG_Output) refers to gpio.o(i.MG_PORT_F) for MG_PORT_F
    gpio.o(i.MG_Output) refers to gpio.o(i.MG_PIN_F) for MG_PIN_F
    gpio.o(i.MG_Output) refers to stm32f10x_gpio.o(i.GPIO_Init) for GPIO_Init
    gpio.o(i.MG_RCC) refers to stm32f10x_rcc.o(i.RCC_APB2PeriphClockCmd) for RCC_APB2PeriphClockCmd
    gpio.o(i.MG_Set) refers to gpio.o(i.MG_PORT_F) for MG_PORT_F
    gpio.o(i.MG_Set) refers to gpio.o(i.MG_PIN_F) for MG_PIN_F
    gpio.o(i.MG_Set) refers to stm32f10x_gpio.o(i.GPIO_ResetBits) for GPIO_ResetBits
    gpio.o(i.MG_Set) refers to stm32f10x_gpio.o(i.GPIO_SetBits) for GPIO_SetBits
    gpio.o(i.MG_Toggle) refers to gpio.o(i.MG_PORT_F) for MG_PORT_F
    gpio.o(i.MG_Toggle) refers to gpio.o(i.MG_PIN_F) for MG_PIN_F
    gpio.o(i.MG_Toggle) refers to stm32f10x_gpio.o(i.GPIO_ReadOutputDataBit) for GPIO_ReadOutputDataBit
[...]
    sys_command.o(.text) refers (Special) to indicate_semi.o(.text) for __semihosting_library_function
    defsig_rtmem_outer.o(.text) refers to defsig_rtmem_inner.o(.text) for __rt_SIGRTMEM_inner
    defsig_rtmem_outer.o(.text) refers to defsig_exit.o(.text) for __sig_exit
    defsig_rtmem_formal.o(.text) refers to rt_raise.o(.text) for __rt_raise
    rt_raise.o(.text) refers to __raise.o(.text) for __raise
    rt_raise.o(.text) refers to bstring.o(i._sys_exit) for _sys_exit
    defsig_exit.o(.text) refers to bstring.o(i._sys_exit) for _sys_exit
    defsig_rtmem_inner.o(.text) refers to defsig_general.o(.text) for __default_signal_display
    __raise.o(.text) refers to defsig.o(CL$$defsig) for __default_signal_handler
    defsig_general.o(.text) refers to sys_wrch.o(.text) for _ttywrch
    sys_wrch.o(.text) refers (Special) to use_no_semi.o(.text) for __I$use$semihosting
    sys_wrch.o(.text) refers (Special) to indicate_semi.o(.text) for __semihosting_library_function
    defsig.o(CL$$defsig) refers to defsig_rtmem_inner.o(.text) for __rt_SIGRTMEM_inner
    defsig_abrt_inner.o(.text) refers to defsig_general.o(.text) for __default_signal_display
    defsig_fpe_inner.o(.text) refers to defsig_general.o(.text) for __default_signal_display
    defsig_rtred_inner.o(.text) refers to defsig_general.o(.text) for __default_signal_display
    defsig_stak_inner.o(.text) refers to defsig_general.o(.text) for __default_signal_display
    defsig_pvfn_inner.o(.text) refers to defsig_general.o(.text) for __default_signal_display
    defsig_cppl_inner.o(.text) refers to defsig_general.o(.text) for __default_signal_display
    defsig_segv_inner.o(.text) refers to defsig_general.o(.text) for __default_signal_display
    defsig_other.o(.text) refers to defsig_general.o(.text) for __default_signal_display


==============================================================================

Removing Unused input sections from the image.

    Removing main.o(.rev16_text), (4 bytes).
    Removing main.o(.revsh_text), (4 bytes).
    Removing main.o(.rrx_text), (6 bytes).
    Removing delay.o(.rev16_text), (4 bytes).
    Removing delay.o(.revsh_text), (4 bytes).
    Removing delay.o(.rrx_text), (6 bytes).
    Removing delay.o(i.delay_us), (76 bytes).
    Removing delay.o(i.delayms), (28 bytes).
    Removing bstring.o(.rev16_text), (4 bytes).
    Removing bstring.o(.revsh_text), (4 bytes).
    Removing bstring.o(.rrx_text), (6 bytes).
    Removing bstring.o(i.fputc), (28 bytes).
    Removing bstring.o(.data), (4 bytes).
    Removing flash.o(.rev16_text), (4 bytes).
    Removing flash.o(.revsh_text), (4 bytes).
    Removing flash.o(.rrx_text), (6 bytes).
    Removing flash.o(i.Flash_ReadData), (20 bytes).
    Removing flash.o(i.Flash_WriteData), (24 bytes).
    Removing flash.o(i.STMFLASH_Read), (34 bytes).
    Removing flash.o(i.STMFLASH_ReadHalfWord), (6 bytes).
    Removing flash.o(i.STMFLASH_Write), (232 bytes).
    Removing flash.o(i.STMFLASH_Write_NoCheck), (38 bytes).
    Removing flash.o(i.Test_Write), (16 bytes).
    Removing flash.o(.bss), (1024 bytes).
    Removing flash.o(.constdata), (1028 bytes).
    Removing gpio.o(.rev16_text), (4 bytes).
    Removing gpio.o(.revsh_text), (4 bytes).
    Removing gpio.o(.rrx_text), (6 bytes).
    Removing gpio.o(i.MG_Toggle), (56 bytes).
    Removing mi2c.o(.rev16_text), (4 bytes).
    Removing mi2c.o(.revsh_text), (4 bytes).
    Removing mi2c.o(.rrx_text), (6 bytes).
    Removing mi2c.o(i.MI2C_NoAck), (58 bytes).
    Removing mi2c.o(i.MI2C_ReadMiltiReg), (150 bytes).
    Removing mi2c.o(i.MI2C_SetAck), (62 bytes).
    Removing mi2c.o(i.MI2C_WriteMiltiReg), (110 bytes).
    Removing mi2c.o(i.MI2C_WriteReg), (92 bytes).
    Removing tim.o(.rev16_text), (4 bytes).
    Removing tim.o(.revsh_text), (4 bytes).
    Removing tim.o(.rrx_text), (6 bytes).
    Removing tim.o(i.TIM2_Configuration), (74 bytes).
    Removing tim.o(i.TIM2_Start), (30 bytes).
    Removing tim.o(i.TIM3_Configuration), (76 bytes).
    Removing tim.o(i.TIM3_Start), (36 bytes).
    Removing usart1.o(.rev16_text), (4 bytes).
    Removing usart1.o(.revsh_text), (4 bytes).
    Removing usart1.o(.rrx_text), (6 bytes).
    Removing usart1.o(i.USART1_SendChar), (48 bytes).
    Removing usart1.o(.constdata), (8 bytes).
    Removing usart2.o(.rev16_text), (4 bytes).
    Removing usart2.o(.revsh_text), (4 bytes).
    Removing usart2.o(.rrx_text), (6 bytes).
    Removing usart2.o(i.USART2_Configuration), (420 bytes).
    Removing usart2.o(i.USART2_DMASendWords), (144 bytes).
    Removing usart2.o(i.USART2_SendChar), (48 bytes).
    Removing usart2.o(i.USART2_SendWords), (68 bytes).
    Removing usart2.o(.constdata), (8 bytes).
    Removing usart3.o(.rev16_text), (4 bytes).
    Removing usart3.o(.revsh_text), (4 bytes).
    Removing usart3.o(.rrx_text), (6 bytes).
    Removing usart3.o(i.USART3_Configuration), (424 bytes).
    Removing usart3.o(i.USART3_DMASendWords), (140 bytes).
    Removing usart3.o(i.USART3_SendChar), (48 bytes).
    Removing usart3.o(i.USART3_SendWords), (68 bytes).
    Removing usart3.o(.constdata), (8 bytes).
    Removing spi1.o(.rev16_text), (4 bytes).
    Removing spi1.o(.revsh_text), (4 bytes).
    Removing spi1.o(.rrx_text), (6 bytes).
    Removing spi1.o(i.SPI1M_Configuration), (136 bytes).
    Removing spi1.o(i.SPI1_HighFirst), (48 bytes).
    Removing spi1.o(i.SPI1_Input), (20 bytes).
    Removing spi1.o(i.SPI1_Output), (20 bytes).
    Removing spi1.o(i.SPI1_ReadByte), (44 bytes).
    Removing spi1.o(i.SPI1_ReadWriteByte), (84 bytes).
    Removing spi1.o(i.SPI1_SetSingleMode), (36 bytes).
    Removing spi1.o(i.SPI1_SetSpeed), (44 bytes).
    Removing spi1.o(i.SPI1_WriteByte), (44 bytes).
    Removing spi1.o(.bss), (18 bytes).
    Removing mspi.o(.rev16_text), (4 bytes).
    Removing mspi.o(.revsh_text), (4 bytes).
    Removing mspi.o(.rrx_text), (6 bytes).
    Removing mspi.o(i.MSPI_Down), (16 bytes).
    Removing mspi.o(i.MSPI_End), (16 bytes).
    Removing mspi.o(i.MSPI_Get), (30 bytes).
    Removing mspi.o(i.MSPI_In), (16 bytes).
    Removing mspi.o(i.MSPI_Init), (152 bytes).
    Removing mspi.o(i.MSPI_Out), (14 bytes).
    Removing mspi.o(i.MSPI_ReadByte), (238 bytes).
    Removing mspi.o(i.MSPI_ReadMultiReg), (2 bytes).
    Removing mspi.o(i.MSPI_ReadReg), (52 bytes).
    Removing mspi.o(i.MSPI_ReadWriteByte), (324 bytes).
    Removing mspi.o(i.MSPI_Set), (18 bytes).
    Removing mspi.o(i.MSPI_Start), (16 bytes).
    Removing mspi.o(i.MSPI_Up), (16 bytes).
    Removing mspi.o(i.MSPI_Wait), (12 bytes).
    Removing mspi.o(i.MSPI_WriteByte), (226 bytes).
    Removing mspi.o(i.MSPI_WriteCmd), (34 bytes).
    Removing mspi.o(i.MSPI_WriteMultiReg), (2 bytes).
    Removing mspi.o(i.MSPI_WriteReg), (44 bytes).
    Removing tm1638.o(.rev16_text), (4 bytes).
    Removing tm1638.o(.revsh_text), (4 bytes).
    Removing tm1638.o(.rrx_text), (6 bytes).
    Removing tm1638.o(i.TM1638_Clear), (48 bytes).
    Removing tm1638.o(i.TM1638_Disable), (14 bytes).
    Removing tm1638.o(i.TM1638_DisplayBit), (42 bytes).
    Removing tm1638.o(i.TM1638_Enable), (14 bytes).
    Removing tm1638.o(i.TM1638_Init), (20 bytes).
    Removing tm1638.o(i.TM1638_Off), (10 bytes).
    Removing tm1638.o(i.TM1638_On), (10 bytes).
    Removing tm1638.o(i.TM1638_ReadBytes), (64 bytes).
    Removing tm1638.o(i.TM1638_ReadKey), (38 bytes).
    Removing tm1638.o(i.TM1638_WriteBytes), (46 bytes).
    Removing tm1638.o(i.TM1638_WriteCmd), (24 bytes).
    Removing tm1638.o(.constdata), (1 bytes).
    Removing misc.o(.rev16_text), (4 bytes).
    Removing misc.o(.revsh_text), (4 bytes).
    Removing misc.o(.rrx_text), (6 bytes).
    Removing misc.o(i.NVIC_SetVectorTable), (20 bytes).
    Removing misc.o(i.NVIC_SystemLPConfig), (32 bytes).
    Removing stm32f10x_crc.o(.rev16_text), (4 bytes).
    Removing stm32f10x_crc.o(.revsh_text), (4 bytes).
    Removing stm32f10x_crc.o(.rrx_text), (6 bytes).
    Removing stm32f10x_crc.o(i.CRC_CalcBlockCRC), (36 bytes).
    Removing stm32f10x_crc.o(i.CRC_CalcCRC), (16 bytes).
    Removing stm32f10x_crc.o(i.CRC_GetCRC), (12 bytes).
    Removing stm32f10x_crc.o(i.CRC_GetIDRegister), (12 bytes).
    Removing stm32f10x_crc.o(i.CRC_ResetDR), (12 bytes).
    Removing stm32f10x_crc.o(i.CRC_SetIDRegister), (12 bytes).
    Removing stm32f10x_dbgmcu.o(.rev16_text), (4 bytes).
    Removing stm32f10x_dbgmcu.o(.revsh_text), (4 bytes).
    Removing stm32f10x_dbgmcu.o(.rrx_text), (6 bytes).
    Removing stm32f10x_dbgmcu.o(i.DBGMCU_Config), (32 bytes).
    Removing stm32f10x_dbgmcu.o(i.DBGMCU_GetDEVID), (16 bytes).
    Removing stm32f10x_dbgmcu.o(i.DBGMCU_GetREVID), (12 bytes).
    Removing stm32f10x_dma.o(.rev16_text), (4 bytes).
    Removing stm32f10x_dma.o(.revsh_text), (4 bytes).
    Removing stm32f10x_dma.o(.rrx_text), (6 bytes).
    Removing stm32f10x_dma.o(i.DMA_DeInit), (332 bytes).
    Removing stm32f10x_dma.o(i.DMA_StructInit), (26 bytes).
    Removing stm32f10x_flash.o(.rev16_text), (4 bytes).
    Removing stm32f10x_flash.o(.revsh_text), (4 bytes).
    Removing stm32f10x_flash.o(.rrx_text), (6 bytes).
    Removing stm32f10x_flash.o(i.FLASH_ClearFlag), (12 bytes).
    Removing stm32f10x_flash.o(i.FLASH_EnableWriteProtection), (196 bytes).
    Removing stm32f10x_flash.o(i.FLASH_EraseAllBank1Pages), (72 bytes).
    Removing stm32f10x_flash.o(i.FLASH_EraseAllPages), (72 bytes).
    Removing stm32f10x_flash.o(i.FLASH_EraseOptionBytes), (168 bytes).
    Removing stm32f10x_flash.o(i.FLASH_ErasePage), (76 bytes).
    Removing stm32f10x_flash.o(i.FLASH_GetBank1Status), (52 bytes).
    Removing stm32f10x_flash.o(i.FLASH_GetFlagStatus), (48 bytes).
    Removing stm32f10x_flash.o(i.FLASH_GetPrefetchBufferStatus), (24 bytes).
    Removing stm32f10x_flash.o(i.FLASH_GetReadOutProtectionStatus), (24 bytes).
    Removing stm32f10x_flash.o(i.FLASH_GetStatus), (52 bytes).
    Removing stm32f10x_flash.o(i.FLASH_GetUserOptionByte), (12 bytes).
    Removing stm32f10x_flash.o(i.FLASH_GetWriteProtectionOptionByte), (12 bytes).
    Removing stm32f10x_flash.o(i.FLASH_HalfCycleAccessCmd), (28 bytes).
    Removing stm32f10x_flash.o(i.FLASH_ITConfig), (32 bytes).
    Removing stm32f10x_flash.o(i.FLASH_Lock), (20 bytes).
    Removing stm32f10x_flash.o(i.FLASH_LockBank1), (20 bytes).
    Removing stm32f10x_flash.o(i.FLASH_PrefetchBufferCmd), (28 bytes).
    Removing stm32f10x_flash.o(i.FLASH_ProgramHalfWord), (64 bytes).
    Removing stm32f10x_flash.o(i.FLASH_ProgramOptionByteData), (84 bytes).
    Removing stm32f10x_flash.o(i.FLASH_ProgramWord), (108 bytes).
    Removing stm32f10x_flash.o(i.FLASH_ReadOutProtection), (172 bytes).
    Removing stm32f10x_flash.o(i.FLASH_SetLatency), (24 bytes).
    Removing stm32f10x_flash.o(i.FLASH_Unlock), (24 bytes).
    Removing stm32f10x_flash.o(i.FLASH_UnlockBank1), (24 bytes).
    Removing stm32f10x_flash.o(i.FLASH_UserOptionByteConfig), (104 bytes).
    Removing stm32f10x_flash.o(i.FLASH_WaitForLastBank1Operation), (38 bytes).
    Removing stm32f10x_flash.o(i.FLASH_WaitForLastOperation), (38 bytes).
    Removing stm32f10x_gpio.o(.rev16_text), (4 bytes).
    Removing stm32f10x_gpio.o(.revsh_text), (4 bytes).
    Removing stm32f10x_gpio.o(.rrx_text), (6 bytes).
    Removing stm32f10x_gpio.o(i.GPIO_AFIODeInit), (20 bytes).
    Removing stm32f10x_gpio.o(i.GPIO_DeInit), (200 bytes).
    Removing stm32f10x_gpio.o(i.GPIO_ETH_MediaInterfaceConfig), (12 bytes).
    Removing stm32f10x_gpio.o(i.GPIO_EXTILineConfig), (64 bytes).
    Removing stm32f10x_gpio.o(i.GPIO_EventOutputCmd), (12 bytes).
    Removing stm32f10x_gpio.o(i.GPIO_EventOutputConfig), (32 bytes).
    Removing stm32f10x_gpio.o(i.GPIO_PinLockConfig), (18 bytes).
    Removing stm32f10x_gpio.o(i.GPIO_PinRemapConfig), (144 bytes).
    Removing stm32f10x_gpio.o(i.GPIO_ReadInputData), (8 bytes).
    Removing stm32f10x_gpio.o(i.GPIO_ReadOutputData), (8 bytes).
    Removing stm32f10x_gpio.o(i.GPIO_ReadOutputDataBit), (18 bytes).
    Removing stm32f10x_gpio.o(i.GPIO_StructInit), (16 bytes).
    Removing stm32f10x_gpio.o(i.GPIO_Write), (4 bytes).
    Removing stm32f10x_gpio.o(i.GPIO_WriteBit), (10 bytes).
    Removing stm32f10x_iwdg.o(.rev16_text), (4 bytes).
    Removing stm32f10x_iwdg.o(.revsh_text), (4 bytes).
    Removing stm32f10x_iwdg.o(.rrx_text), (6 bytes).
    Removing stm32f10x_iwdg.o(i.IWDG_Enable), (16 bytes).
    Removing stm32f10x_iwdg.o(i.IWDG_GetFlagStatus), (24 bytes).
    Removing stm32f10x_iwdg.o(i.IWDG_ReloadCounter), (16 bytes).
    Removing stm32f10x_iwdg.o(i.IWDG_SetPrescaler), (12 bytes).
    Removing stm32f10x_iwdg.o(i.IWDG_SetReload), (12 bytes).
    Removing stm32f10x_iwdg.o(i.IWDG_WriteAccessCmd), (12 bytes).
    Removing stm32f10x_rcc.o(.rev16_text), (4 bytes).
    Removing stm32f10x_rcc.o(.revsh_text), (4 bytes).
    Removing stm32f10x_rcc.o(.rrx_text), (6 bytes).
    Removing stm32f10x_rcc.o(i.RCC_ADCCLKConfig), (24 bytes).
    Removing stm32f10x_rcc.o(i.RCC_APB1PeriphClockCmd), (32 bytes).
    Removing stm32f10x_rcc.o(i.RCC_AdjustHSICalibrationValue), (24 bytes).
    Removing stm32f10x_rcc.o(i.RCC_BackupResetCmd), (12 bytes).
    Removing stm32f10x_rcc.o(i.RCC_ClearFlag), (20 bytes).
    Removing stm32f10x_rcc.o(i.RCC_ClearITPendingBit), (12 bytes).
    Removing stm32f10x_rcc.o(i.RCC_ClockSecuritySystemCmd), (12 bytes).
    Removing stm32f10x_rcc.o(i.RCC_DeInit), (76 bytes).
    Removing stm32f10x_rcc.o(i.RCC_GetFlagStatus), (60 bytes).
    Removing stm32f10x_rcc.o(i.RCC_GetITStatus), (24 bytes).
    Removing stm32f10x_rcc.o(i.RCC_GetSYSCLKSource), (16 bytes).
    Removing stm32f10x_rcc.o(i.RCC_HCLKConfig), (24 bytes).
    Removing stm32f10x_rcc.o(i.RCC_HSEConfig), (76 bytes).
    Removing stm32f10x_rcc.o(i.RCC_HSICmd), (12 bytes).
    Removing stm32f10x_rcc.o(i.RCC_ITConfig), (32 bytes).
    Removing stm32f10x_rcc.o(i.RCC_LSEConfig), (52 bytes).
    Removing stm32f10x_rcc.o(i.RCC_LSICmd), (12 bytes).
    Removing stm32f10x_rcc.o(i.RCC_MCOConfig), (12 bytes).
    Removing stm32f10x_rcc.o(i.RCC_PCLK1Config), (24 bytes).
    Removing stm32f10x_rcc.o(i.RCC_PCLK2Config), (24 bytes).
    Removing stm32f10x_rcc.o(i.RCC_PLLCmd), (12 bytes).
    Removing stm32f10x_rcc.o(i.RCC_PLLConfig), (28 bytes).
    Removing stm32f10x_rcc.o(i.RCC_RTCCLKCmd), (12 bytes).
    Removing stm32f10x_rcc.o(i.RCC_RTCCLKConfig), (16 bytes).
    Removing stm32f10x_rcc.o(i.RCC_SYSCLKConfig), (24 bytes).
    Removing stm32f10x_rcc.o(i.RCC_USBCLKConfig), (12 bytes).
    Removing stm32f10x_rcc.o(i.RCC_WaitForHSEStartUp), (56 bytes).
    Removing stm32f10x_spi.o(.rev16_text), (4 bytes).
    Removing stm32f10x_spi.o(.revsh_text), (4 bytes).
    Removing stm32f10x_spi.o(.rrx_text), (6 bytes).
    Removing stm32f10x_spi.o(i.I2S_Cmd), (24 bytes).
    Removing stm32f10x_spi.o(i.I2S_Init), (232 bytes).
    Removing stm32f10x_spi.o(i.I2S_StructInit), (20 bytes).
    Removing stm32f10x_spi.o(i.SPI_BiDirectionalLineConfig), (28 bytes).
    Removing stm32f10x_spi.o(i.SPI_CalculateCRC), (24 bytes).
    Removing stm32f10x_spi.o(i.SPI_Cmd), (24 bytes).
    Removing stm32f10x_spi.o(i.SPI_DataSizeConfig), (18 bytes).
    Removing stm32f10x_spi.o(i.SPI_GetCRC), (16 bytes).
    Removing stm32f10x_spi.o(i.SPI_GetCRCPolynomial), (6 bytes).
    Removing stm32f10x_spi.o(i.SPI_I2S_ClearFlag), (6 bytes).
    Removing stm32f10x_spi.o(i.SPI_I2S_ClearITPendingBit), (20 bytes).
    Removing stm32f10x_spi.o(i.SPI_I2S_DMACmd), (18 bytes).
    Removing stm32f10x_spi.o(i.SPI_I2S_DeInit), (88 bytes).
    Removing stm32f10x_spi.o(i.SPI_I2S_GetFlagStatus), (18 bytes).
    Removing stm32f10x_spi.o(i.SPI_I2S_GetITStatus), (52 bytes).
    Removing stm32f10x_spi.o(i.SPI_I2S_ITConfig), (32 bytes).
    Removing stm32f10x_spi.o(i.SPI_I2S_ReceiveData), (6 bytes).
    Removing stm32f10x_spi.o(i.SPI_I2S_SendData), (4 bytes).
    Removing stm32f10x_spi.o(i.SPI_Init), (60 bytes).
    Removing stm32f10x_spi.o(i.SPI_NSSInternalSoftwareConfig), (30 bytes).
    Removing stm32f10x_spi.o(i.SPI_SSOutputCmd), (24 bytes).
    Removing stm32f10x_spi.o(i.SPI_StructInit), (24 bytes).
    Removing stm32f10x_spi.o(i.SPI_TransmitCRC), (10 bytes).
    Removing stm32f10x_tim.o(.rev16_text), (4 bytes).
    Removing stm32f10x_tim.o(.revsh_text), (4 bytes).
    Removing stm32f10x_tim.o(.rrx_text), (6 bytes).
    Removing stm32f10x_tim.o(i.TI1_Config), (128 bytes).
    Removing stm32f10x_tim.o(i.TI2_Config), (152 bytes).
    Removing stm32f10x_tim.o(i.TI3_Config), (144 bytes).
    Removing stm32f10x_tim.o(i.TI4_Config), (152 bytes).
    Removing stm32f10x_tim.o(i.TIM_ARRPreloadConfig), (24 bytes).
    Removing stm32f10x_tim.o(i.TIM_BDTRConfig), (32 bytes).
    Removing stm32f10x_tim.o(i.TIM_BDTRStructInit), (18 bytes).
    Removing stm32f10x_tim.o(i.TIM_CCPreloadControl), (24 bytes).
    Removing stm32f10x_tim.o(i.TIM_CCxCmd), (30 bytes).
    Removing stm32f10x_tim.o(i.TIM_CCxNCmd), (30 bytes).
    Removing stm32f10x_tim.o(i.TIM_ClearFlag), (6 bytes).
    Removing stm32f10x_tim.o(i.TIM_ClearITPendingBit), (6 bytes).
    Removing stm32f10x_tim.o(i.TIM_ClearOC1Ref), (18 bytes).
    Removing stm32f10x_tim.o(i.TIM_ClearOC2Ref), (24 bytes).
    Removing stm32f10x_tim.o(i.TIM_ClearOC3Ref), (18 bytes).
    Removing stm32f10x_tim.o(i.TIM_ClearOC4Ref), (24 bytes).
    Removing stm32f10x_tim.o(i.TIM_Cmd), (24 bytes).
    Removing stm32f10x_tim.o(i.TIM_CounterModeConfig), (18 bytes).
    Removing stm32f10x_tim.o(i.TIM_CtrlPWMOutputs), (30 bytes).
    Removing stm32f10x_tim.o(i.TIM_DMACmd), (18 bytes).
    Removing stm32f10x_tim.o(i.TIM_DMAConfig), (10 bytes).
    Removing stm32f10x_tim.o(i.TIM_DeInit), (488 bytes).
    Removing stm32f10x_tim.o(i.TIM_ETRClockMode1Config), (54 bytes).
    Removing stm32f10x_tim.o(i.TIM_ETRClockMode2Config), (32 bytes).
    Removing stm32f10x_tim.o(i.TIM_ETRConfig), (28 bytes).
    Removing stm32f10x_tim.o(i.TIM_EncoderInterfaceConfig), (66 bytes).
    Removing stm32f10x_tim.o(i.TIM_ForcedOC1Config), (18 bytes).
    Removing stm32f10x_tim.o(i.TIM_ForcedOC2Config), (26 bytes).
    Removing stm32f10x_tim.o(i.TIM_ForcedOC3Config), (18 bytes).
    Removing stm32f10x_tim.o(i.TIM_ForcedOC4Config), (26 bytes).
    Removing stm32f10x_tim.o(i.TIM_GenerateEvent), (4 bytes).
    Removing stm32f10x_tim.o(i.TIM_GetCapture1), (6 bytes).
    Removing stm32f10x_tim.o(i.TIM_GetCapture2), (6 bytes).
    Removing stm32f10x_tim.o(i.TIM_GetCapture3), (6 bytes).
    Removing stm32f10x_tim.o(i.TIM_GetCapture4), (8 bytes).
    Removing stm32f10x_tim.o(i.TIM_GetCounter), (6 bytes).
    Removing stm32f10x_tim.o(i.TIM_GetFlagStatus), (18 bytes).
    Removing stm32f10x_tim.o(i.TIM_GetITStatus), (34 bytes).
    Removing stm32f10x_tim.o(i.TIM_GetPrescaler), (6 bytes).
    Removing stm32f10x_tim.o(i.TIM_ICInit), (172 bytes).
    Removing stm32f10x_tim.o(i.TIM_ICStructInit), (18 bytes).
    Removing stm32f10x_tim.o(i.TIM_ITConfig), (18 bytes).
    Removing stm32f10x_tim.o(i.TIM_ITRxExternalClockConfig), (24 bytes).
    Removing stm32f10x_tim.o(i.TIM_InternalClockConfig), (12 bytes).
    Removing stm32f10x_tim.o(i.TIM_OC1FastConfig), (18 bytes).
    Removing stm32f10x_tim.o(i.TIM_OC1Init), (152 bytes).
    Removing stm32f10x_tim.o(i.TIM_OC1NPolarityConfig), (18 bytes).
    Removing stm32f10x_tim.o(i.TIM_OC1PolarityConfig), (18 bytes).
    Removing stm32f10x_tim.o(i.TIM_OC1PreloadConfig), (18 bytes).
    Removing stm32f10x_tim.o(i.TIM_OC2FastConfig), (26 bytes).
    Removing stm32f10x_tim.o(i.TIM_OC2Init), (164 bytes).
    Removing stm32f10x_tim.o(i.TIM_OC2NPolarityConfig), (26 bytes).
    Removing stm32f10x_tim.o(i.TIM_OC2PolarityConfig), (26 bytes).
    Removing stm32f10x_tim.o(i.TIM_OC2PreloadConfig), (26 bytes).
    Removing stm32f10x_tim.o(i.TIM_OC3FastConfig), (18 bytes).
    Removing stm32f10x_tim.o(i.TIM_OC3Init), (160 bytes).
    Removing stm32f10x_tim.o(i.TIM_OC3NPolarityConfig), (26 bytes).
    Removing stm32f10x_tim.o(i.TIM_OC3PolarityConfig), (26 bytes).
    Removing stm32f10x_tim.o(i.TIM_OC3PreloadConfig), (18 bytes).
    Removing stm32f10x_tim.o(i.TIM_OC4FastConfig), (26 bytes).
    Removing stm32f10x_tim.o(i.TIM_OC4Init), (124 bytes).
    Removing stm32f10x_tim.o(i.TIM_OC4PolarityConfig), (26 bytes).
    Removing stm32f10x_tim.o(i.TIM_OC4PreloadConfig), (26 bytes).
    Removing stm32f10x_tim.o(i.TIM_OCStructInit), (20 bytes).
    Removing stm32f10x_tim.o(i.TIM_PWMIConfig), (124 bytes).
    Removing stm32f10x_tim.o(i.TIM_PrescalerConfig), (6 bytes).
    Removing stm32f10x_tim.o(i.TIM_SelectCCDMA), (24 bytes).
    Removing stm32f10x_tim.o(i.TIM_SelectCOM), (24 bytes).
    Removing stm32f10x_tim.o(i.TIM_SelectHallSensor), (24 bytes).
    Removing stm32f10x_tim.o(i.TIM_SelectInputTrigger), (18 bytes).
    Removing stm32f10x_tim.o(i.TIM_SelectMasterSlaveMode), (18 bytes).
    Removing stm32f10x_tim.o(i.TIM_SelectOCxM), (82 bytes).
    Removing stm32f10x_tim.o(i.TIM_SelectOnePulseMode), (18 bytes).
    Removing stm32f10x_tim.o(i.TIM_SelectOutputTrigger), (18 bytes).
    Removing stm32f10x_tim.o(i.TIM_SelectSlaveMode), (18 bytes).
    Removing stm32f10x_tim.o(i.TIM_SetAutoreload), (4 bytes).
    Removing stm32f10x_tim.o(i.TIM_SetClockDivision), (18 bytes).
    Removing stm32f10x_tim.o(i.TIM_SetCompare1), (4 bytes).
    Removing stm32f10x_tim.o(i.TIM_SetCompare2), (4 bytes).
    Removing stm32f10x_tim.o(i.TIM_SetCompare3), (4 bytes).
    Removing stm32f10x_tim.o(i.TIM_SetCompare4), (6 bytes).
    Removing stm32f10x_tim.o(i.TIM_SetCounter), (4 bytes).
    Removing stm32f10x_tim.o(i.TIM_SetIC1Prescaler), (18 bytes).
    Removing stm32f10x_tim.o(i.TIM_SetIC2Prescaler), (26 bytes).
    Removing stm32f10x_tim.o(i.TIM_SetIC3Prescaler), (18 bytes).
    Removing stm32f10x_tim.o(i.TIM_SetIC4Prescaler), (26 bytes).
    Removing stm32f10x_tim.o(i.TIM_TIxExternalClockConfig), (62 bytes).
    Removing stm32f10x_tim.o(i.TIM_TimeBaseInit), (164 bytes).
    Removing stm32f10x_tim.o(i.TIM_TimeBaseStructInit), (18 bytes).
    Removing stm32f10x_tim.o(i.TIM_UpdateDisableConfig), (24 bytes).
    Removing stm32f10x_tim.o(i.TIM_UpdateRequestConfig), (24 bytes).
    Removing stm32f10x_usart.o(.rev16_text), (4 bytes).
    Removing stm32f10x_usart.o(.revsh_text), (4 bytes).
    Removing stm32f10x_usart.o(.rrx_text), (6 bytes).
    Removing stm32f10x_usart.o(i.USART_ClearFlag), (18 bytes).
    Removing stm32f10x_usart.o(i.USART_ClockInit), (34 bytes).
    Removing stm32f10x_usart.o(i.USART_ClockStructInit), (12 bytes).
    Removing stm32f10x_usart.o(i.USART_HalfDuplexCmd), (24 bytes).
    Removing stm32f10x_usart.o(i.USART_IrDACmd), (24 bytes).
    Removing stm32f10x_usart.o(i.USART_IrDAConfig), (18 bytes).
    Removing stm32f10x_usart.o(i.USART_LINBreakDetectLengthConfig), (18 bytes).
    Removing stm32f10x_usart.o(i.USART_LINCmd), (24 bytes).
    Removing stm32f10x_usart.o(i.USART_OneBitMethodCmd), (24 bytes).
    Removing stm32f10x_usart.o(i.USART_OverSampling8Cmd), (22 bytes).
    Removing stm32f10x_usart.o(i.USART_ReceiverWakeUpCmd), (24 bytes).
    Removing stm32f10x_usart.o(i.USART_SendBreak), (10 bytes).
    Removing stm32f10x_usart.o(i.USART_SetAddress), (18 bytes).
    Removing stm32f10x_usart.o(i.USART_SetGuardTime), (16 bytes).
    Removing stm32f10x_usart.o(i.USART_SetPrescaler), (16 bytes).
    Removing stm32f10x_usart.o(i.USART_SmartCardCmd), (24 bytes).
    Removing stm32f10x_usart.o(i.USART_SmartCardNACKCmd), (24 bytes).
    Removing stm32f10x_usart.o(i.USART_StructInit), (24 bytes).
    Removing stm32f10x_usart.o(i.USART_WakeUpConfig), (18 bytes).
    Removing system_stm32f10x.o(.rev16_text), (4 bytes).
    Removing system_stm32f10x.o(.revsh_text), (4 bytes).
    Removing system_stm32f10x.o(.rrx_text), (6 bytes).
    Removing system_stm32f10x.o(i.SystemCoreClockUpdate), (164 bytes).

372 unused section(s) (total 15857 bytes) removed from the image.

==============================================================================

Image Symbol Table

    Local Symbols

    Symbol Name                              Value     Ov Type        Size  Object(Section)

    ../clib/angel/boardlib.s                 0x00000000   Number         0  boardshut.o ABSOLUTE
    ../clib/angel/boardlib.s                 0x00000000   Number         0  boardinit1.o ABSOLUTE
    ../clib/angel/boardlib.s                 0x00000000   Number         0  boardinit2.o ABSOLUTE
    ../clib/angel/boardlib.s                 0x00000000   Number         0  boardinit3.o ABSOLUTE
    ../clib/angel/handlers.s                 0x00000000   Number         0  __scatter_zi.o ABSOLUTE
    ../clib/angel/handlers.s                 0x00000000   Number         0  __scatter_copy.o ABSOLUTE
    ../clib/angel/kernel.s                   0x00000000   Number         0  __rtentry4.o ABSOLUTE
    ../clib/angel/kernel.s                   0x00000000   Number         0  __rtentry2.o ABSOLUTE
    ../clib/angel/kernel.s                   0x00000000   Number         0  __rtentry.o ABSOLUTE
    ../clib/angel/kernel.s                   0x00000000   Number         0  rtexit.o ABSOLUTE
    ../clib/angel/kernel.s                   0x00000000   Number         0  rtexit2.o ABSOLUTE
    ../clib/angel/rt.s                       0x00000000   Number         0  rt_raise.o ABSOLUTE
    ../clib/angel/scatter.s                  0x00000000   Number         0  __scatter.o ABSOLUTE
    ../clib/angel/startup.s                  0x00000000   Number         0  __main.o ABSOLUTE
    ../clib/angel/sys.s                      0x00000000   Number         0  use_no_semi.o ABSOLUTE
    ../clib/angel/sys.s                      0x00000000   Number         0  use_no_semi_2.o ABSOLUTE
    ../clib/angel/sys.s                      0x00000000   Number         0  indicate_semi.o ABSOLUTE
    ../clib/angel/sys.s                      0x00000000   Number         0  libspace.o ABSOLUTE
    ../clib/angel/sys.s                      0x00000000   Number         0  sys_stackheap_outer.o ABSOLUTE
    ../clib/angel/sysapp.c                   0x00000000   Number         0  sys_wrch.o ABSOLUTE
    ../clib/angel/sysapp.c                   0x00000000   Number         0  sys_command.o ABSOLUTE
    ../clib/armsys.c                         0x00000000   Number         0  argv_veneer.o ABSOLUTE
    ../clib/armsys.c                         0x00000000   Number         0  _get_argv_nomalloc.o ABSOLUTE
    ../clib/armsys.c                         0x00000000   Number         0  no_argv.o ABSOLUTE
    ../clib/armsys.c                         0x00000000   Number         0  argv_veneer.o ABSOLUTE
    ../clib/heapalloc.c                      0x00000000   Number         0  hrguard.o ABSOLUTE
    ../clib/heapaux.c                        0x00000000   Number         0  heapauxi.o ABSOLUTE
    ../clib/libinit.s                        0x00000000   Number         0  libshutdown.o ABSOLUTE
    ../clib/libinit.s                        0x00000000   Number         0  libinit2.o ABSOLUTE
    ../clib/libinit.s                        0x00000000   Number         0  libshutdown2.o ABSOLUTE
    ../clib/libinit.s                        0x00000000   Number         0  libinit.o ABSOLUTE
    ../clib/signal.c                         0x00000000   Number         0  defsig_segv_inner.o ABSOLUTE
    ../clib/signal.c                         0x00000000   Number         0  defsig_cppl_inner.o ABSOLUTE
    ../clib/signal.c                         0x00000000   Number         0  defsig_pvfn_inner.o ABSOLUTE
    ../clib/signal.c                         0x00000000   Number         0  defsig_stak_inner.o ABSOLUTE
    ../clib/signal.c                         0x00000000   Number         0  defsig_rtred_inner.o ABSOLUTE
    ../clib/signal.c                         0x00000000   Number         0  defsig_fpe_inner.o ABSOLUTE
    ../clib/signal.c                         0x00000000   Number         0  defsig_abrt_inner.o ABSOLUTE
    ../clib/signal.c                         0x00000000   Number         0  defsig_other.o ABSOLUTE
    ../clib/signal.c                         0x00000000   Number         0  defsig_general.o ABSOLUTE
    ../clib/signal.c                         0x00000000   Number         0  __raise.o ABSOLUTE
    ../clib/signal.c                         0x00000000   Number         0  defsig_rtmem_inner.o ABSOLUTE
    ../clib/signal.c                         0x00000000   Number         0  defsig_exit.o ABSOLUTE
    ../clib/signal.c                         0x00000000   Number         0  defsig_rtmem_formal.o ABSOLUTE
    ../clib/signal.c                         0x00000000   Number         0  defsig_rtmem_outer.o ABSOLUTE
    ../clib/signal.s                         0x00000000   Number         0  defsig.o ABSOLUTE
    ../clib/stdlib.c                         0x00000000   Number         0  exit.o ABSOLUTE
    ../fplib/fpinit.s                        0x00000000   Number         0  fpinit.o ABSOLUTE
    ..\Device\tm1638.c                       0x00000000   Number         0  tm1638.o ABSOLUTE
    ..\Driver\bstring.c                      0x00000000   Number         0  bstring.o ABSOLUTE
    ..\Driver\delay.c                        0x00000000   Number         0  delay.o ABSOLUTE
    ..\Driver\flash.c                        0x00000000   Number         0  flash.o ABSOLUTE
    ..\Driver\gpio.c                         0x00000000   Number         0  gpio.o ABSOLUTE
    ..\Driver\mi2c.c                         0x00000000   Number         0  mi2c.o ABSOLUTE
    ..\Driver\mspi.c                         0x00000000   Number         0  mspi.o ABSOLUTE
    ..\Driver\spi1.c                         0x00000000   Number         0  spi1.o ABSOLUTE
    ..\Driver\tim.c                          0x00000000   Number         0  tim.o ABSOLUTE
    ..\Driver\usart1.c                       0x00000000   Number         0  usart1.o ABSOLUTE
    ..\Driver\usart2.c                       0x00000000   Number         0  usart2.o ABSOLUTE
    ..\Driver\usart3.c                       0x00000000   Number         0  usart3.o ABSOLUTE
    ..\User\main.c                           0x00000000   Number         0  main.o ABSOLUTE
    ..\\Device\\tm1638.c                     0x00000000   Number         0  tm1638.o ABSOLUTE
    ..\\Driver\\bstring.c                    0x00000000   Number         0  bstring.o ABSOLUTE
    ..\\Driver\\delay.c                      0x00000000   Number         0  delay.o ABSOLUTE
    ..\\Driver\\flash.c                      0x00000000   Number         0  flash.o ABSOLUTE
    ..\\Driver\\gpio.c                       0x00000000   Number         0  gpio.o ABSOLUTE
    ..\\Driver\\mi2c.c                       0x00000000   Number         0  mi2c.o ABSOLUTE
    ..\\Driver\\mspi.c                       0x00000000   Number         0  mspi.o ABSOLUTE
    ..\\Driver\\spi1.c                       0x00000000   Number         0  spi1.o ABSOLUTE
    ..\\Driver\\tim.c                        0x00000000   Number         0  tim.o ABSOLUTE
    ..\\Driver\\usart1.c                     0x00000000   Number         0  usart1.o ABSOLUTE
    ..\\Driver\\usart2.c                     0x00000000   Number         0  usart2.o ABSOLUTE
    ..\\Driver\\usart3.c                     0x00000000   Number         0  usart3.o ABSOLUTE
    ..\\User\\main.c                         0x00000000   Number         0  main.o ABSOLUTE
    D:\Keil_v5\ARM\PACK\Keil\STM32F1xx_DFP\2.2.0\Device\StdPeriph_Driver\src\misc.c 0x00000000   Number         0  misc.o ABSOLUTE
    D:\Keil_v5\ARM\PACK\Keil\STM32F1xx_DFP\2.2.0\Device\StdPeriph_Driver\src\stm32f10x_crc.c 0x00000000   Number         0  stm32f10x_crc.o ABSOLUTE
    D:\Keil_v5\ARM\PACK\Keil\STM32F1xx_DFP\2.2.0\Device\StdPeriph_Driver\src\stm32f10x_dbgmcu.c 0x00000000   Number         0  stm32f10x_dbgmcu.o ABSOLUTE
    D:\Keil_v5\ARM\PACK\Keil\STM32F1xx_DFP\2.2.0\Device\StdPeriph_Driver\src\stm32f10x_dma.c 0x00000000   Number         0  stm32f10x_dma.o ABSOLUTE
    D:\Keil_v5\ARM\PACK\Keil\STM32F1xx_DFP\2.2.0\Device\StdPeriph_Driver\src\stm32f10x_flash.c 0x00000000   Number         0  stm32f10x_flash.o ABSOLUTE
    D:\Keil_v5\ARM\PACK\Keil\STM32F1xx_DFP\2.2.0\Device\StdPeriph_Driver\src\stm32f10x_gpio.c 0x00000000   Number         0  stm32f10x_gpio.o ABSOLUTE
    D:\Keil_v5\ARM\PACK\Keil\STM32F1xx_DFP\2.2.0\Device\StdPeriph_Driver\src\stm32f10x_iwdg.c 0x00000000   Number         0  stm32f10x_iwdg.o ABSOLUTE
    D:\Keil_v5\ARM\PACK\Keil\STM32F1xx_DFP\2.2.0\Device\StdPeriph_Driver\src\stm32f10x_rcc.c 0x00000000   Number         0  stm32f10x_rcc.o ABSOLUTE
    D:\Keil_v5\ARM\PACK\Keil\STM32F1xx_DFP\2.2.0\Device\StdPeriph_Driver\src\stm32f10x_spi.c 0x00000000   Number         0  stm32f10x_spi.o ABSOLUTE
    D:\Keil_v5\ARM\PACK\Keil\STM32F1xx_DFP\2.2.0\Device\StdPeriph_Driver\src\stm32f10x_tim.c 0x00000000   Number         0  stm32f10x_tim.o ABSOLUTE
    D:\Keil_v5\ARM\PACK\Keil\STM32F1xx_DFP\2.2.0\Device\StdPeriph_Driver\src\stm32f10x_usart.c 0x00000000   Number         0  stm32f10x_usart.o ABSOLUTE
    D:\\Keil_v5\\ARM\\PACK\\Keil\\STM32F1xx_DFP\\2.2.0\\Device\\StdPeriph_Driver\\src\\misc.c 0x00000000   Number         0  misc.o ABSOLUTE
    D:\\Keil_v5\\ARM\\PACK\\Keil\\STM32F1xx_DFP\\2.2.0\\Device\\StdPeriph_Driver\\src\\stm32f10x_crc.c 0x00000000   Number         0  stm32f10x_crc.o ABSOLUTE
    D:\\Keil_v5\\ARM\\PACK\\Keil\\STM32F1xx_DFP\\2.2.0\\Device\\StdPeriph_Driver\\src\\stm32f10x_dbgmcu.c 0x00000000   Number         0  stm32f10x_dbgmcu.o ABSOLUTE
    D:\\Keil_v5\\ARM\\PACK\\Keil\\STM32F1xx_DFP\\2.2.0\\Device\\StdPeriph_Driver\\src\\stm32f10x_dma.c 0x00000000   Number         0  stm32f10x_dma.o ABSOLUTE
    D:\\Keil_v5\\ARM\\PACK\\Keil\\STM32F1xx_DFP\\2.2.0\\Device\\StdPeriph_Driver\\src\\stm32f10x_flash.c 0x00000000   Number         0  stm32f10x_flash.o ABSOLUTE
    D:\\Keil_v5\\ARM\\PACK\\Keil\\STM32F1xx_DFP\\2.2.0\\Device\\StdPeriph_Driver\\src\\stm32f10x_gpio.c 0x00000000   Number         0  stm32f10x_gpio.o ABSOLUTE
    D:\\Keil_v5\\ARM\\PACK\\Keil\\STM32F1xx_DFP\\2.2.0\\Device\\StdPeriph_Driver\\src\\stm32f10x_iwdg.c 0x00000000   Number         0  stm32f10x_iwdg.o ABSOLUTE
    D:\\Keil_v5\\ARM\\PACK\\Keil\\STM32F1xx_DFP\\2.2.0\\Device\\StdPeriph_Driver\\src\\stm32f10x_rcc.c 0x00000000   Number         0  stm32f10x_rcc.o ABSOLUTE
    D:\\Keil_v5\\ARM\\PACK\\Keil\\STM32F1xx_DFP\\2.2.0\\Device\\StdPeriph_Driver\\src\\stm32f10x_spi.c 0x00000000   Number         0  stm32f10x_spi.o ABSOLUTE
    D:\\Keil_v5\\ARM\\PACK\\Keil\\STM32F1xx_DFP\\2.2.0\\Device\\StdPeriph_Driver\\src\\stm32f10x_tim.c 0x00000000   Number         0  stm32f10x_tim.o ABSOLUTE
    D:\\Keil_v5\\ARM\\PACK\\Keil\\STM32F1xx_DFP\\2.2.0\\Device\\StdPeriph_Driver\\src\\stm32f10x_usart.c 0x00000000   Number         0  stm32f10x_usart.o ABSOLUTE
    RTE\Device\STM32F103C8\startup_stm32f10x_md.s 0x00000000   Number         0  startup_stm32f10x_md.o ABSOLUTE
    RTE\Device\STM32F103C8\system_stm32f10x.c 0x00000000   Number         0  system_stm32f10x.o ABSOLUTE
    RTE\\Device\\STM32F103C8\\system_stm32f10x.c 0x00000000   Number         0  system_stm32f10x.o ABSOLUTE
    dc.s                                     0x00000000   Number         0  dc.o ABSOLUTE
    RESET                                    0x08000000   Section      236  startup_stm32f10x_md.o(RESET)
    !!!main                                  0x080000ec   Section        8  __main.o(!!!main)
    !!!scatter                               0x080000f4   Section       52  __scatter.o(!!!scatter)
    !!handler_copy                           0x08000128   Section       26  __scatter_copy.o(!!handler_copy)
    !!handler_zi                             0x08000144   Section       28  __scatter_zi.o(!!handler_zi)
    .ARM.Collect$$libinit$$00000000          0x08000160   Section        2  libinit.o(.ARM.Collect$$libinit$$00000000)
    .ARM.Collect$$libinit$$00000002          0x08000162   Section        0  libinit2.o(.ARM.Collect$$libinit$$00000002)
    .ARM.Collect$$libinit$$00000004          0x08000162   Section        0  libinit2.o(.ARM.Collect$$libinit$$00000004)
    .ARM.Collect$$libinit$$0000000A          0x08000162   Section        0  libinit2.o(.ARM.Collect$$libinit$$0000000A)
    .ARM.Collect$$libinit$$0000000C          0x08000162   Section        0  libinit2.o(.ARM.Collect$$libinit$$0000000C)
    .ARM.Collect$$libinit$$0000000E          0x08000162   Section        0  libinit2.o(.ARM.Collect$$libinit$$0000000E)
    .ARM.Collect$$libinit$$00000011          0x08000162   Section        0  libinit2.o(.ARM.Collect$$libinit$$00000011)
    .ARM.Collect$$libinit$$00000013          0x08000162   Section        0  libinit2.o(.ARM.Collect$$libinit$$00000013)
    .ARM.Collect$$libinit$$00000015          0x08000162   Section        0  libinit2.o(.ARM.Collect$$libinit$$00000015)
    .ARM.Collect$$libinit$$00000017          0x08000162   Section        0  libinit2.o(.ARM.Collect$$libinit$$00000017)
    .ARM.Collect$$libinit$$00000019          0x08000162   Section        0  libinit2.o(.ARM.Collect$$libinit$$00000019)
    .ARM.Collect$$libinit$$0000001B          0x08000162   Section        0  libinit2.o(.ARM.Collect$$libinit$$0000001B)
    .ARM.Collect$$libinit$$0000001D          0x08000162   Section        0  libinit2.o(.ARM.Collect$$libinit$$0000001D)
    .ARM.Collect$$libinit$$0000001F          0x08000162   Section        0  libinit2.o(.ARM.Collect$$libinit$$0000001F)
    .ARM.Collect$$libinit$$00000021          0x08000162   Section        0  libinit2.o(.ARM.Collect$$libinit$$00000021)
    .ARM.Collect$$libinit$$00000023          0x08000162   Section        0  libinit2.o(.ARM.Collect$$libinit$$00000023)
    .ARM.Collect$$libinit$$00000025          0x08000162   Section        0  libinit2.o(.ARM.Collect$$libinit$$00000025)
    .ARM.Collect$$libinit$$0000002C          0x08000162   Section        0  libinit2.o(.ARM.Collect$$libinit$$0000002C)
    .ARM.Collect$$libinit$$0000002E          0x08000162   Section        0  libinit2.o(.ARM.Collect$$libinit$$0000002E)
    .ARM.Collect$$libinit$$00000030          0x08000162   Section        0  libinit2.o(.ARM.Collect$$libinit$$00000030)
    .ARM.Collect$$libinit$$00000032          0x08000162   Section        0  libinit2.o(.ARM.Collect$$libinit$$00000032)
    .ARM.Collect$$libinit$$00000033          0x08000162   Section        2  libinit2.o(.ARM.Collect$$libinit$$00000033)
    .ARM.Collect$$libshutdown$$00000000      0x08000164   Section        2  libshutdown.o(.ARM.Collect$$libshutdown$$00000000)
    .ARM.Collect$$libshutdown$$00000002      0x08000166   Section        0  libshutdown2.o(.ARM.Collect$$libshutdown$$00000002)
    .ARM.Collect$$libshutdown$$00000004      0x08000166   Section        0  libshutdown2.o(.ARM.Collect$$libshutdown$$00000004)
    .ARM.Collect$$libshutdown$$00000007      0x08000166   Section        0  libshutdown2.o(.ARM.Collect$$libshutdown$$00000007)
    .ARM.Collect$$libshutdown$$0000000A      0x08000166   Section        0  libshutdown2.o(.ARM.Collect$$libshutdown$$0000000A)
    .ARM.Collect$$libshutdown$$0000000C      0x08000166   Section        0  libshutdown2.o(.ARM.Collect$$libshutdown$$0000000C)
    .ARM.Collect$$libshutdown$$0000000F      0x08000166   Section        0  libshutdown2.o(.ARM.Collect$$libshutdown$$0000000F)
    .ARM.Collect$$libshutdown$$00000010      0x08000166   Section        2  libshutdown2.o(.ARM.Collect$$libshutdown$$00000010)
    .ARM.Collect$$rtentry$$00000000          0x08000168   Section        0  __rtentry.o(.ARM.Collect$$rtentry$$00000000)
    .ARM.Collect$$rtentry$$00000002          0x08000168   Section        0  __rtentry2.o(.ARM.Collect$$rtentry$$00000002)
    .ARM.Collect$$rtentry$$00000004          0x08000168   Section        6  __rtentry4.o(.ARM.Collect$$rtentry$$00000004)
    .ARM.Collect$$rtentry$$00000009          0x0800016e   Section        0  __rtentry2.o(.ARM.Collect$$rtentry$$00000009)
    .ARM.Collect$$rtentry$$0000000A          0x0800016e   Section        4  __rtentry2.o(.ARM.Collect$$rtentry$$0000000A)
    .ARM.Collect$$rtentry$$0000000C          0x08000172   Section        0  __rtentry2.o(.ARM.Collect$$rtentry$$0000000C)
    .ARM.Collect$$rtentry$$0000000D          0x08000172   Section        8  __rtentry2.o(.ARM.Collect$$rtentry$$0000000D)
    .ARM.Collect$$rtexit$$00000000           0x0800017a   Section        2  rtexit.o(.ARM.Collect$$rtexit$$00000000)
    .ARM.Collect$$rtexit$$00000002           0x0800017c   Section        0  rtexit2.o(.ARM.Collect$$rtexit$$00000002)
    .ARM.Collect$$rtexit$$00000003           0x0800017c   Section        4  rtexit2.o(.ARM.Collect$$rtexit$$00000003)
    .ARM.Collect$$rtexit$$00000004           0x08000180   Section        6  rtexit2.o(.ARM.Collect$$rtexit$$00000004)
    .text                                    0x08000188   Section       64  startup_stm32f10x_md.o(.text)
    .text                                    0x080001c8   Section        2  use_no_semi_2.o(.text)
    .text                                    0x080001ca   Section        0  heapauxi.o(.text)
    .text                                    0x080001d0   Section        2  use_no_semi.o(.text)
    .text                                    0x080001d2   Section       74  sys_stackheap_outer.o(.text)
    .text                                    0x0800021c   Section        0  exit.o(.text)
    .text                                    0x08000230   Section        8  libspace.o(.text)
    i.DMA1_Channel2_IRQHandler               0x08000238   Section        0  usart3.o(i.DMA1_Channel2_IRQHandler)
    i.DMA1_Channel4_IRQHandler               0x08000268   Section        0  usart1.o(i.DMA1_Channel4_IRQHandler)
    i.DMA1_Channel7_IRQHandler               0x080002a0   Section        0  usart2.o(i.DMA1_Channel7_IRQHandler)
    i.DMA_ClearFlag                          0x080002d8   Section        0  stm32f10x_dma.o(i.DMA_ClearFlag)
    i.DMA_ClearITPendingBit                  0x080002f4   Section        0  stm32f10x_dma.o(i.DMA_ClearITPendingBit)
    i.DMA_Cmd                                0x08000310   Section        0  stm32f10x_dma.o(i.DMA_Cmd)
    i.DMA_GetCurrDataCounter                 0x08000328   Section        0  stm32f10x_dma.o(i.DMA_GetCurrDataCounter)
    i.DMA_GetFlagStatus                      0x08000330   Section        0  stm32f10x_dma.o(i.DMA_GetFlagStatus)
    i.DMA_GetITStatus                        0x0800035c   Section        0  stm32f10x_dma.o(i.DMA_GetITStatus)
    i.DMA_ITConfig                           0x08000388   Section        0  stm32f10x_dma.o(i.DMA_ITConfig)
    i.DMA_Init                               0x0800039a   Section        0  stm32f10x_dma.o(i.DMA_Init)
    i.DMA_SetCurrDataCounter                 0x080003d6   Section        0  stm32f10x_dma.o(i.DMA_SetCurrDataCounter)
    i.GPIO_Init                              0x080003da   Section        0  stm32f10x_gpio.o(i.GPIO_Init)
    i.GPIO_ReadInputDataBit                  0x080004f0   Section        0  stm32f10x_gpio.o(i.GPIO_ReadInputDataBit)
    i.GPIO_ResetBits                         0x08000502   Section        0  stm32f10x_gpio.o(i.GPIO_ResetBits)
    i.GPIO_SetBits                           0x08000506   Section        0  stm32f10x_gpio.o(i.GPIO_SetBits)
    i.MG_Get                                 0x0800050a   Section        0  gpio.o(i.MG_Get)
    i.MG_Input                               0x0800052e   Section        0  gpio.o(i.MG_Input)
    i.MG_Output                              0x08000576   Section        0  gpio.o(i.MG_Output)
    i.MG_PIN_F                               0x080005a6   Section        0  gpio.o(i.MG_PIN_F)
    i.MG_PORT_F                              0x08000614   Section        0  gpio.o(i.MG_PORT_F)
    i.MG_RCC                                 0x08000664   Section        0  gpio.o(i.MG_RCC)
    i.MG_Set                                 0x080006c2   Section        0  gpio.o(i.MG_Set)
    i.MI2C_End                               0x080006f4   Section        0  mi2c.o(i.MI2C_End)
    i.MI2C_Get                               0x0800073a   Section        0  mi2c.o(i.MI2C_Get)
    i.MI2C_GetAck                            0x08000748   Section        0  mi2c.o(i.MI2C_GetAck)
    i.MI2C_In                                0x08000798   Section        0  mi2c.o(i.MI2C_In)
    i.MI2C_Init                              0x080007a8   Section        0  mi2c.o(i.MI2C_Init)
    i.MI2C_Out                               0x080007de   Section        0  mi2c.o(i.MI2C_Out)
    i.MI2C_Read                              0x080007ec   Section        0  mi2c.o(i.MI2C_Read)
    i.MI2C_ReadReg                           0x08000878   Section        0  mi2c.o(i.MI2C_ReadReg)
    i.MI2C_Set                               0x080008ee   Section        0  mi2c.o(i.MI2C_Set)
    i.MI2C_SetNoAck                          0x0800090e   Section        0  mi2c.o(i.MI2C_SetNoAck)
    i.MI2C_Start                             0x0800094c   Section        0  mi2c.o(i.MI2C_Start)
    i.MI2C_Write                             0x08000992   Section        0  mi2c.o(i.MI2C_Write)
    i.NVIC_Init                              0x08000a18   Section        0  misc.o(i.NVIC_Init)
    i.NVIC_PriorityGroupConfig               0x08000a88   Section        0  misc.o(i.NVIC_PriorityGroupConfig)
    i.RCC_AHBPeriphClockCmd                  0x08000a9c   Section        0  stm32f10x_rcc.o(i.RCC_AHBPeriphClockCmd)
    i.RCC_APB1PeriphResetCmd                 0x08000abc   Section        0  stm32f10x_rcc.o(i.RCC_APB1PeriphResetCmd)
    i.RCC_APB2PeriphClockCmd                 0x08000adc   Section        0  stm32f10x_rcc.o(i.RCC_APB2PeriphClockCmd)
    i.RCC_APB2PeriphResetCmd                 0x08000afc   Section        0  stm32f10x_rcc.o(i.RCC_APB2PeriphResetCmd)
    i.RCC_GetClocksFreq                      0x08000b1c   Section        0  stm32f10x_rcc.o(i.RCC_GetClocksFreq)
    i.SetSysClock                            0x08000bf0   Section        0  system_stm32f10x.o(i.SetSysClock)
    SetSysClock                              0x08000bf1   Thumb Code     8  system_stm32f10x.o(i.SetSysClock)
    i.SetSysClockTo72                        0x08000bf8   Section        0  system_stm32f10x.o(i.SetSysClockTo72)
    SetSysClockTo72                          0x08000bf9   Thumb Code   214  system_stm32f10x.o(i.SetSysClockTo72)
    i.SysTick_CLKSourceConfig                0x08000cd8   Section        0  misc.o(i.SysTick_CLKSourceConfig)
    i.SystemInit                             0x08000d00   Section        0  system_stm32f10x.o(i.SystemInit)
    i.USART1_Configuration                   0x08000d60   Section        0  usart1.o(i.USART1_Configuration)
    i.USART1_DMASendWords                    0x08000f04   Section        0  usart1.o(i.USART1_DMASendWords)
    i.USART1_IRQHandler                      0x08000f94   Section        0  usart1.o(i.USART1_IRQHandler)
    i.USART1_OnRecv                          0x08001008   Section        0  usart1.o(i.USART1_OnRecv)
    i.USART1_OnSend                          0x0800100a   Section        0  usart1.o(i.USART1_OnSend)
    i.USART1_SendWords                       0x0800100c   Section        0  usart1.o(i.USART1_SendWords)
    i.USART2_IRQHandler                      0x08001050   Section        0  usart2.o(i.USART2_IRQHandler)
    i.USART2_OnRecv                          0x080010c4   Section        0  usart2.o(i.USART2_OnRecv)
    i.USART2_OnSend                          0x080010c6   Section        0  usart2.o(i.USART2_OnSend)
    i.USART3_IRQHandler                      0x080010c8   Section        0  usart3.o(i.USART3_IRQHandler)
    i.USART3_OnRecv                          0x0800113c   Section        0  usart3.o(i.USART3_OnRecv)
    i.USART3_OnSend                          0x0800113e   Section        0  usart3.o(i.USART3_OnSend)
    i.USART_ClearITPendingBit                0x08001140   Section        0  stm32f10x_usart.o(i.USART_ClearITPendingBit)
    i.USART_Cmd                              0x0800115e   Section        0  stm32f10x_usart.o(i.USART_Cmd)
    i.USART_DMACmd                           0x08001176   Section        0  stm32f10x_usart.o(i.USART_DMACmd)
    i.USART_DeInit                           0x08001188   Section        0  stm32f10x_usart.o(i.USART_DeInit)
    i.USART_GetFlagStatus                    0x08001224   Section        0  stm32f10x_usart.o(i.USART_GetFlagStatus)
    i.USART_GetITStatus                      0x0800123e   Section        0  stm32f10x_usart.o(i.USART_GetITStatus)
    i.USART_ITConfig                         0x08001292   Section        0  stm32f10x_usart.o(i.USART_ITConfig)
    i.USART_Init                             0x080012dc   Section        0  stm32f10x_usart.o(i.USART_Init)
    i.USART_ReceiveData                      0x080013b4   Section        0  stm32f10x_usart.o(i.USART_ReceiveData)
    i.USART_SendData                         0x080013be   Section        0  stm32f10x_usart.o(i.USART_SendData)
    i._sys_exit                              0x080013c6   Section        0  bstring.o(i._sys_exit)
    i.atoi                                   0x080013ca   Section        0  bstring.o(i.atoi)
    i.delay_init                             0x0800142c   Section        0  delay.o(i.delay_init)
    i.delay_ms                               0x08001464   Section        0  delay.o(i.delay_ms)
    i.delayus                                0x080014d8   Section        0  delay.o(i.delayus)
    i.finish                                 0x080014f2   Section        0  main.o(i.finish)
    i.get                                    0x080014f4   Section        0  main.o(i.get)
    i.itoa                                   0x080014f6   Section        0  bstring.o(i.itoa)
    i.main                                   0x08001558   Section        0  main.o(i.main)
    .data                                    0x20000000   Section       12  main.o(.data)
    .data                                    0x2000000c   Section        8  delay.o(.data)
    fac_us                                   0x2000000c   Data           4  delay.o(.data)
    fac_ms                                   0x20000010   Data           4  delay.o(.data)
    .data                                    0x20000014   Section        8  usart1.o(.data)
    .data                                    0x2000001c   Section        8  usart2.o(.data)
    .data                                    0x20000024   Section        8  usart3.o(.data)
    .data                                    0x2000002c   Section       20  stm32f10x_rcc.o(.data)
    APBAHBPrescTable                         0x2000002c   Data          16  stm32f10x_rcc.o(.data)
    ADCPrescTable                            0x2000003c   Data           4  stm32f10x_rcc.o(.data)
    .data                                    0x20000040   Section       20  system_stm32f10x.o(.data)
    .bss                                     0x20000054   Section      512  usart1.o(.bss)
    .bss                                     0x20000254   Section      512  usart2.o(.bss)
    .bss                                     0x20000454   Section      512  usart3.o(.bss)
    .bss                                     0x20000654   Section       96  libspace.o(.bss)
    HEAP                                     0x200006b8   Section      512  startup_stm32f10x_md.o(HEAP)
    Heap_Mem                                 0x200006b8   Data         512  startup_stm32f10x_md.o(HEAP)
    STACK                                    0x200008b8   Section     1024  startup_stm32f10x_md.o(STACK)
    Stack_Mem                                0x200008b8   Data        1024  startup_stm32f10x_md.o(STACK)
    __initial_sp                             0x20000cb8   Data           0  startup_stm32f10x_md.o(STACK)

    Global Symbols

    Symbol Name                              Value     Ov Type        Size  Object(Section)

    BuildAttributes$$THM_ISAv4$P$D$K$B$S$PE$A:L22UL41UL21$X:L11$S22US41US21$IEEE1$IW$USESV6$~STKCKD$USESV7$~SHL$OSPACE$ROPI$EBA8$UX$STANDARDLIB$REQ8$PRES8$EABIv2 0x00000000   Number         0  anon$$obj.o ABSOLUTE
    __ARM_use_no_argv                        0x00000000   Number         0  main.o ABSOLUTE
    __ARM_exceptions_init                     - Undefined Weak Reference
    __alloca_initialize                       - Undefined Weak Reference
    __arm_preinit_                            - Undefined Weak Reference
    __cpp_initialize__aeabi_                  - Undefined Weak Reference
    __cxa_finalize                            - Undefined Weak Reference
    __rt_locale                               - Undefined Weak Reference
    __sigvec_lookup                           - Undefined Weak Reference
    _atexit_init                              - Undefined Weak Reference
    _call_atexit_fns                          - Undefined Weak Reference
    _clock_init                               - Undefined Weak Reference
    _fp_trap_init                             - Undefined Weak Reference
    _fp_trap_shutdown                         - Undefined Weak Reference
    _get_lc_collate                           - Undefined Weak Reference
    _get_lc_ctype                             - Undefined Weak Reference
    _get_lc_monetary                          - Undefined Weak Reference
    _get_lc_numeric                           - Undefined Weak Reference
    _get_lc_time                              - Undefined Weak Reference
    _getenv_init                              - Undefined Weak Reference
    _handle_redirection                       - Undefined Weak Reference
    _init_alloc                               - Undefined Weak Reference
    _init_user_alloc                          - Undefined Weak Reference
    _initio                                   - Undefined Weak Reference
    _rand_init                                - Undefined Weak Reference
    _signal_finish                            - Undefined Weak Reference
    _signal_init                              - Undefined Weak Reference
    _terminate_alloc                          - Undefined Weak Reference
    _terminate_user_alloc                     - Undefined Weak Reference
    _terminateio                              - Undefined Weak Reference
    __Vectors_Size                           0x000000ec   Number         0  startup_stm32f10x_md.o ABSOLUTE
    __Vectors                                0x08000000   Data           4  startup_stm32f10x_md.o(RESET)
    __Vectors_End                            0x080000ec   Data           0  startup_stm32f10x_md.o(RESET)
    __main                                   0x080000ed   Thumb Code     8  __main.o(!!!main)
    __scatterload                            0x080000f5   Thumb Code     0  __scatter.o(!!!scatter)
    __scatterload_rt2                        0x080000f5   Thumb Code    44  __scatter.o(!!!scatter)
    __scatterload_rt2_thumb_only             0x080000f5   Thumb Code     0  __scatter.o(!!!scatter)
    __scatterload_null                       0x08000103   Thumb Code     0  __scatter.o(!!!scatter)
    __scatterload_copy                       0x08000129   Thumb Code    26  __scatter_copy.o(!!handler_copy)
    __scatterload_zeroinit                   0x08000145   Thumb Code    28  __scatter_zi.o(!!handler_zi)
    __rt_lib_init                            0x08000161   Thumb Code     0  libinit.o(.ARM.Collect$$libinit$$00000000)
    __rt_lib_init_alloca_1                   0x08000163   Thumb Code     0  libinit2.o(.ARM.Collect$$libinit$$0000002E)
    __rt_lib_init_argv_1                     0x08000163   Thumb Code     0  libinit2.o(.ARM.Collect$$libinit$$0000002C)
    __rt_lib_init_atexit_1                   0x08000163   Thumb Code     0  libinit2.o(.ARM.Collect$$libinit$$0000001B)
    __rt_lib_init_clock_1                    0x08000163   Thumb Code     0  libinit2.o(.ARM.Collect$$libinit$$00000021)
    __rt_lib_init_cpp_1                      0x08000163   Thumb Code     0  libinit2.o(.ARM.Collect$$libinit$$00000032)
    __rt_lib_init_exceptions_1               0x08000163   Thumb Code     0  libinit2.o(.ARM.Collect$$libinit$$00000030)
    __rt_lib_init_fp_1                       0x08000163   Thumb Code     0  libinit2.o(.ARM.Collect$$libinit$$00000002)
    __rt_lib_init_fp_trap_1                  0x08000163   Thumb Code     0  libinit2.o(.ARM.Collect$$libinit$$0000001F)
    __rt_lib_init_getenv_1                   0x08000163   Thumb Code     0  libinit2.o(.ARM.Collect$$libinit$$00000023)
    __rt_lib_init_heap_1                     0x08000163   Thumb Code     0  libinit2.o(.ARM.Collect$$libinit$$0000000A)
    __rt_lib_init_lc_collate_1               0x08000163   Thumb Code     0  libinit2.o(.ARM.Collect$$libinit$$00000011)
    __rt_lib_init_lc_ctype_1                 0x08000163   Thumb Code     0  libinit2.o(.ARM.Collect$$libinit$$00000013)
    __rt_lib_init_lc_monetary_1              0x08000163   Thumb Code     0  libinit2.o(.ARM.Collect$$libinit$$00000015)
    __rt_lib_init_lc_numeric_1               0x08000163   Thumb Code     0  libinit2.o(.ARM.Collect$$libinit$$00000017)
    __rt_lib_init_lc_time_1                  0x08000163   Thumb Code     0  libinit2.o(.ARM.Collect$$libinit$$00000019)
    __rt_lib_init_preinit_1                  0x08000163   Thumb Code     0  libinit2.o(.ARM.Collect$$libinit$$00000004)
    __rt_lib_init_rand_1                     0x08000163   Thumb Code     0  libinit2.o(.ARM.Collect$$libinit$$0000000E)
    __rt_lib_init_return                     0x08000163   Thumb Code     0  libinit2.o(.ARM.Collect$$libinit$$00000033)
    __rt_lib_init_signal_1                   0x08000163   Thumb Code     0  libinit2.o(.ARM.Collect$$libinit$$0000001D)
    __rt_lib_init_stdio_1                    0x08000163   Thumb Code     0  libinit2.o(.ARM.Collect$$libinit$$00000025)
    __rt_lib_init_user_alloc_1               0x08000163   Thumb Code     0  libinit2.o(.ARM.Collect$$libinit$$0000000C)
    __rt_lib_shutdown                        0x08000165   Thumb Code     0  libshutdown.o(.ARM.Collect$$libshutdown$$00000000)
    __rt_lib_shutdown_cpp_1                  0x08000167   Thumb Code     0  libshutdown2.o(.ARM.Collect$$libshutdown$$00000002)
    __rt_lib_shutdown_fp_trap_1              0x08000167   Thumb Code     0  libshutdown2.o(.ARM.Collect$$libshutdown$$00000007)
    __rt_lib_shutdown_heap_1                 0x08000167   Thumb Code     0  libshutdown2.o(.ARM.Collect$$libshutdown$$0000000F)
    __rt_lib_shutdown_return                 0x08000167   Thumb Code     0  libshutdown2.o(.ARM.Collect$$libshutdown$$00000010)
    __rt_lib_shutdown_signal_1               0x08000167   Thumb Code     0  libshutdown2.o(.ARM.Collect$$libshutdown$$0000000A)
    __rt_lib_shutdown_stdio_1                0x08000167   Thumb Code     0  libshutdown2.o(.ARM.Collect$$libshutdown$$00000004)
    __rt_lib_shutdown_user_alloc_1           0x08000167   Thumb Code     0  libshutdown2.o(.ARM.Collect$$libshutdown$$0000000C)
    __rt_entry                               0x08000169   Thumb Code     0  __rtentry.o(.ARM.Collect$$rtentry$$00000000)
    __rt_entry_presh_1                       0x08000169   Thumb Code     0  __rtentry2.o(.ARM.Collect$$rtentry$$00000002)
    __rt_entry_sh                            0x08000169   Thumb Code     0  __rtentry4.o(.ARM.Collect$$rtentry$$00000004)
    __rt_entry_li                            0x0800016f   Thumb Code     0  __rtentry2.o(.ARM.Collect$$rtentry$$0000000A)
    __rt_entry_postsh_1                      0x0800016f   Thumb Code     0  __rtentry2.o(.ARM.Collect$$rtentry$$00000009)
    __rt_entry_main                          0x08000173   Thumb Code     0  __rtentry2.o(.ARM.Collect$$rtentry$$0000000D)
    __rt_entry_postli_1                      0x08000173   Thumb Code     0  __rtentry2.o(.ARM.Collect$$rtentry$$0000000C)
    __rt_exit                                0x0800017b   Thumb Code     0  rtexit.o(.ARM.Collect$$rtexit$$00000000)
    __rt_exit_ls                             0x0800017d   Thumb Code     0  rtexit2.o(.ARM.Collect$$rtexit$$00000003)
    __rt_exit_prels_1                        0x0800017d   Thumb Code     0  rtexit2.o(.ARM.Collect$$rtexit$$00000002)
    __rt_exit_exit                           0x08000181   Thumb Code     0  rtexit2.o(.ARM.Collect$$rtexit$$00000004)
    Reset_Handler                            0x08000189   Thumb Code     8  startup_stm32f10x_md.o(.text)
    NMI_Handler                              0x08000191   Thumb Code     2  startup_stm32f10x_md.o(.text)
    HardFault_Handler                        0x08000193   Thumb Code     2  startup_stm32f10x_md.o(.text)
    MemManage_Handler                        0x08000195   Thumb Code     2  startup_stm32f10x_md.o(.text)
    BusFault_Handler                         0x08000197   Thumb Code     2  startup_stm32f10x_md.o(.text)
    UsageFault_Handler                       0x08000199   Thumb Code     2  startup_stm32f10x_md.o(.text)
    SVC_Handler                              0x0800019b   Thumb Code     2  startup_stm32f10x_md.o(.text)
    DebugMon_Handler                         0x0800019d   Thumb Code     2  startup_stm32f10x_md.o(.text)
    PendSV_Handler                           0x0800019f   Thumb Code     2  startup_stm32f10x_md.o(.text)
    SysTick_Handler                          0x080001a1   Thumb Code     2  startup_stm32f10x_md.o(.text)
    ADC1_2_IRQHandler                        0x080001a3   Thumb Code     0  startup_stm32f10x_md.o(.text)
    CAN1_RX1_IRQHandler                      0x080001a3   Thumb Code     0  startup_stm32f10x_md.o(.text)
    CAN1_SCE_IRQHandler                      0x080001a3   Thumb Code     0  startup_stm32f10x_md.o(.text)
    DMA1_Channel1_IRQHandler                 0x080001a3   Thumb Code     0  startup_stm32f10x_md.o(.text)
    DMA1_Channel3_IRQHandler                 0x080001a3   Thumb Code     0  startup_stm32f10x_md.o(.text)
    DMA1_Channel5_IRQHandler                 0x080001a3   Thumb Code     0  startup_stm32f10x_md.o(.text)
    DMA1_Channel6_IRQHandler                 0x080001a3   Thumb Code     0  startup_stm32f10x_md.o(.text)
    EXTI0_IRQHandler                         0x080001a3   Thumb Code     0  startup_stm32f10x_md.o(.text)
    EXTI15_10_IRQHandler                     0x080001a3   Thumb Code     0  startup_stm32f10x_md.o(.text)
    EXTI1_IRQHandler                         0x080001a3   Thumb Code     0  startup_stm32f10x_md.o(.text)
    EXTI2_IRQHandler                         0x080001a3   Thumb Code     0  startup_stm32f10x_md.o(.text)
    EXTI3_IRQHandler                         0x080001a3   Thumb Code     0  startup_stm32f10x_md.o(.text)
    EXTI4_IRQHandler                         0x080001a3   Thumb Code     0  startup_stm32f10x_md.o(.text)
    EXTI9_5_IRQHandler                       0x080001a3   Thumb Code     0  startup_stm32f10x_md.o(.text)
    FLASH_IRQHandler                         0x080001a3   Thumb Code     0  startup_stm32f10x_md.o(.text)
    I2C1_ER_IRQHandler                       0x080001a3   Thumb Code     0  startup_stm32f10x_md.o(.text)
    I2C1_EV_IRQHandler                       0x080001a3   Thumb Code     0  startup_stm32f10x_md.o(.text)
    I2C2_ER_IRQHandler                       0x080001a3   Thumb Code     0  startup_stm32f10x_md.o(.text)
    I2C2_EV_IRQHandler                       0x080001a3   Thumb Code     0  startup_stm32f10x_md.o(.text)
    PVD_IRQHandler                           0x080001a3   Thumb Code     0  startup_stm32f10x_md.o(.text)
    RCC_IRQHandler                           0x080001a3   Thumb Code     0  startup_stm32f10x_md.o(.text)
    RTCAlarm_IRQHandler                      0x080001a3   Thumb Code     0  startup_stm32f10x_md.o(.text)
    RTC_IRQHandler                           0x080001a3   Thumb Code     0  startup_stm32f10x_md.o(.text)
    SPI1_IRQHandler                          0x080001a3   Thumb Code     0  startup_stm32f10x_md.o(.text)
    SPI2_IRQHandler                          0x080001a3   Thumb Code     0  startup_stm32f10x_md.o(.text)
    TAMPER_IRQHandler                        0x080001a3   Thumb Code     0  startup_stm32f10x_md.o(.text)
    TIM1_BRK_IRQHandler                      0x080001a3   Thumb Code     0  startup_stm32f10x_md.o(.text)
    TIM1_CC_IRQHandler                       0x080001a3   Thumb Code     0  startup_stm32f10x_md.o(.text)
    TIM1_TRG_COM_IRQHandler                  0x080001a3   Thumb Code     0  startup_stm32f10x_md.o(.text)
    TIM1_UP_IRQHandler                       0x080001a3   Thumb Code     0  startup_stm32f10x_md.o(.text)
    TIM2_IRQHandler                          0x080001a3   Thumb Code     0  startup_stm32f10x_md.o(.text)
    TIM3_IRQHandler                          0x080001a3   Thumb Code     0  startup_stm32f10x_md.o(.text)
    TIM4_IRQHandler                          0x080001a3   Thumb Code     0  startup_stm32f10x_md.o(.text)
    USBWakeUp_IRQHandler                     0x080001a3   Thumb Code     0  startup_stm32f10x_md.o(.text)
    USB_HP_CAN1_TX_IRQHandler                0x080001a3   Thumb Code     0  startup_stm32f10x_md.o(.text)
    USB_LP_CAN1_RX0_IRQHandler               0x080001a3   Thumb Code     0  startup_stm32f10x_md.o(.text)
    WWDG_IRQHandler                          0x080001a3   Thumb Code     0  startup_stm32f10x_md.o(.text)
    __user_initial_stackheap                 0x080001a5   Thumb Code     0  startup_stm32f10x_md.o(.text)
    __use_no_semihosting                     0x080001c9   Thumb Code     2  use_no_semi_2.o(.text)
    __use_two_region_memory                  0x080001cb   Thumb Code     2  heapauxi.o(.text)
    __rt_heap_escrow$2region                 0x080001cd   Thumb Code     2  heapauxi.o(.text)
    __rt_heap_expand$2region                 0x080001cf   Thumb Code     2  heapauxi.o(.text)
    __I$use$semihosting                      0x080001d1   Thumb Code     0  use_no_semi.o(.text)
    __use_no_semihosting_swi                 0x080001d1   Thumb Code     2  use_no_semi.o(.text)
    __user_setup_stackheap                   0x080001d3   Thumb Code    74  sys_stackheap_outer.o(.text)
    exit                                     0x0800021d   Thumb Code    18  exit.o(.text)
    __user_libspace                          0x08000231   Thumb Code     8  libspace.o(.text)
    __user_perproc_libspace                  0x08000231   Thumb Code     0  libspace.o(.text)
    __user_perthread_libspace                0x08000231   Thumb Code     0  libspace.o(.text)
    DMA1_Channel2_IRQHandler                 0x08000239   Thumb Code    40  usart3.o(i.DMA1_Channel2_IRQHandler)
    DMA1_Channel4_IRQHandler                 0x08000269   Thumb Code    46  usart1.o(i.DMA1_Channel4_IRQHandler)
    DMA1_Channel7_IRQHandler                 0x080002a1   Thumb Code    46  usart2.o(i.DMA1_Channel7_IRQHandler)
    DMA_ClearFlag                            0x080002d9   Thumb Code    18  stm32f10x_dma.o(i.DMA_ClearFlag)
    DMA_ClearITPendingBit                    0x080002f5   Thumb Code    18  stm32f10x_dma.o(i.DMA_ClearITPendingBit)
    DMA_Cmd                                  0x08000311   Thumb Code    24  stm32f10x_dma.o(i.DMA_Cmd)
    DMA_GetCurrDataCounter                   0x08000329   Thumb Code     8  stm32f10x_dma.o(i.DMA_GetCurrDataCounter)
    DMA_GetFlagStatus                        0x08000331   Thumb Code    36  stm32f10x_dma.o(i.DMA_GetFlagStatus)
    DMA_GetITStatus                          0x0800035d   Thumb Code    36  stm32f10x_dma.o(i.DMA_GetITStatus)
    DMA_ITConfig                             0x08000389   Thumb Code    18  stm32f10x_dma.o(i.DMA_ITConfig)
    DMA_Init                                 0x0800039b   Thumb Code    60  stm32f10x_dma.o(i.DMA_Init)
    DMA_SetCurrDataCounter                   0x080003d7   Thumb Code     4  stm32f10x_dma.o(i.DMA_SetCurrDataCounter)
    GPIO_Init                                0x080003db   Thumb Code   278  stm32f10x_gpio.o(i.GPIO_Init)
    GPIO_ReadInputDataBit                    0x080004f1   Thumb Code    18  stm32f10x_gpio.o(i.GPIO_ReadInputDataBit)
    GPIO_ResetBits                           0x08000503   Thumb Code     4  stm32f10x_gpio.o(i.GPIO_ResetBits)
    GPIO_SetBits                             0x08000507   Thumb Code     4  stm32f10x_gpio.o(i.GPIO_SetBits)
    MG_Get                                   0x0800050b   Thumb Code    36  gpio.o(i.MG_Get)
    MG_Input                                 0x0800052f   Thumb Code    72  gpio.o(i.MG_Input)
    MG_Output                                0x08000577   Thumb Code    48  gpio.o(i.MG_Output)
    MG_PIN_F                                 0x080005a7   Thumb Code   110  gpio.o(i.MG_PIN_F)
    MG_PORT_F                                0x08000615   Thumb Code    50  gpio.o(i.MG_PORT_F)
    MG_RCC                                   0x08000665   Thumb Code    94  gpio.o(i.MG_RCC)
    MG_Set                                   0x080006c3   Thumb Code    50  gpio.o(i.MG_Set)
    MI2C_End                                 0x080006f5   Thumb Code    70  mi2c.o(i.MI2C_End)
    MI2C_Get                                 0x0800073b   Thumb Code    14  mi2c.o(i.MI2C_Get)
    MI2C_GetAck                              0x08000749   Thumb Code    80  mi2c.o(i.MI2C_GetAck)
    MI2C_In                                  0x08000799   Thumb Code    16  mi2c.o(i.MI2C_In)
    MI2C_Init                                0x080007a9   Thumb Code    54  mi2c.o(i.MI2C_Init)
    MI2C_Out                                 0x080007df   Thumb Code    14  mi2c.o(i.MI2C_Out)
    MI2C_Read                                0x080007ed   Thumb Code   140  mi2c.o(i.MI2C_Read)
    MI2C_ReadReg                             0x08000879   Thumb Code   118  mi2c.o(i.MI2C_ReadReg)
    MI2C_Set                                 0x080008ef   Thumb Code    32  mi2c.o(i.MI2C_Set)
    MI2C_SetNoAck                            0x0800090f   Thumb Code    62  mi2c.o(i.MI2C_SetNoAck)
    MI2C_Start                               0x0800094d   Thumb Code    70  mi2c.o(i.MI2C_Start)
    MI2C_Write                               0x08000993   Thumb Code   134  mi2c.o(i.MI2C_Write)
    NVIC_Init                                0x08000a19   Thumb Code   100  misc.o(i.NVIC_Init)
    NVIC_PriorityGroupConfig                 0x08000a89   Thumb Code    10  misc.o(i.NVIC_PriorityGroupConfig)
    RCC_AHBPeriphClockCmd                    0x08000a9d   Thumb Code    26  stm32f10x_rcc.o(i.RCC_AHBPeriphClockCmd)
    RCC_APB1PeriphResetCmd                   0x08000abd   Thumb Code    26  stm32f10x_rcc.o(i.RCC_APB1PeriphResetCmd)
    RCC_APB2PeriphClockCmd                   0x08000add   Thumb Code    26  stm32f10x_rcc.o(i.RCC_APB2PeriphClockCmd)
    RCC_APB2PeriphResetCmd                   0x08000afd   Thumb Code    26  stm32f10x_rcc.o(i.RCC_APB2PeriphResetCmd)
    RCC_GetClocksFreq                        0x08000b1d   Thumb Code   192  stm32f10x_rcc.o(i.RCC_GetClocksFreq)
    SysTick_CLKSourceConfig                  0x08000cd9   Thumb Code    40  misc.o(i.SysTick_CLKSourceConfig)
    SystemInit                               0x08000d01   Thumb Code    78  system_stm32f10x.o(i.SystemInit)
    USART1_Configuration                     0x08000d61   Thumb Code   400  usart1.o(i.USART1_Configuration)
    USART1_DMASendWords                      0x08000f05   Thumb Code   134  usart1.o(i.USART1_DMASendWords)
    USART1_IRQHandler                        0x08000f95   Thumb Code   100  usart1.o(i.USART1_IRQHandler)
    USART1_OnRecv                            0x08001009   Thumb Code     2  usart1.o(i.USART1_OnRecv)
    USART1_OnSend                            0x0800100b   Thumb Code     2  usart1.o(i.USART1_OnSend)
    USART1_SendWords                         0x0800100d   Thumb Code    62  usart1.o(i.USART1_SendWords)
    USART2_IRQHandler                        0x08001051   Thumb Code   100  usart2.o(i.USART2_IRQHandler)
    USART2_OnRecv                            0x080010c5   Thumb Code     2  usart2.o(i.USART2_OnRecv)
    USART2_OnSend                            0x080010c7   Thumb Code     2  usart2.o(i.USART2_OnSend)
    USART3_IRQHandler                        0x080010c9   Thumb Code   100  usart3.o(i.USART3_IRQHandler)
    USART3_OnRecv                            0x0800113d   Thumb Code     2  usart3.o(i.USART3_OnRecv)
    USART3_OnSend                            0x0800113f   Thumb Code     2  usart3.o(i.USART3_OnSend)
    USART_ClearITPendingBit                  0x08001141   Thumb Code    30  stm32f10x_usart.o(i.USART_ClearITPendingBit)
    USART_Cmd                                0x0800115f   Thumb Code    24  stm32f10x_usart.o(i.USART_Cmd)
    USART_DMACmd                             0x08001177   Thumb Code    18  stm32f10x_usart.o(i.USART_DMACmd)
    USART_DeInit                             0x08001189   Thumb Code   134  stm32f10x_usart.o(i.USART_DeInit)
    USART_GetFlagStatus                      0x08001225   Thumb Code    26  stm32f10x_usart.o(i.USART_GetFlagStatus)
    USART_GetITStatus                        0x0800123f   Thumb Code    84  stm32f10x_usart.o(i.USART_GetITStatus)
    USART_ITConfig                           0x08001293   Thumb Code    74  stm32f10x_usart.o(i.USART_ITConfig)
    USART_Init                               0x080012dd   Thumb Code   210  stm32f10x_usart.o(i.USART_Init)
    USART_ReceiveData                        0x080013b5   Thumb Code    10  stm32f10x_usart.o(i.USART_ReceiveData)
    USART_SendData                           0x080013bf   Thumb Code     8  stm32f10x_usart.o(i.USART_SendData)
    _sys_exit                                0x080013c7   Thumb Code     4  bstring.o(i._sys_exit)
    atoi                                     0x080013cb   Thumb Code    96  bstring.o(i.atoi)
    delay_init                               0x0800142d   Thumb Code    40  delay.o(i.delay_init)
    delay_ms                                 0x08001465   Thumb Code   110  delay.o(i.delay_ms)
    delayus                                  0x080014d9   Thumb Code    26  delay.o(i.delayus)
    finish                                   0x080014f3   Thumb Code     2  main.o(i.finish)
    get                                      0x080014f5   Thumb Code     2  main.o(i.get)
    itoa                                     0x080014f7   Thumb Code    98  bstring.o(i.itoa)
    main                                     0x08001559   Thumb Code   156  main.o(i.main)
    Region$$Table$$Base                      0x08001618   Number         0  anon$$obj.o(Region$$Table)
    Region$$Table$$Limit                     0x08001638   Number         0  anon$$obj.o(Region$$Table)
    key                                      0x20000000   Data           4  main.o(.data)
    mpu6050                                  0x20000004   Data           8  main.o(.data)
    USART1_OnRecvHandler                     0x20000014   Data           4  usart1.o(.data)
    USART1_OnSendHandler                     0x20000018   Data           4  usart1.o(.data)
    USART2_OnRecvHandler                     0x2000001c   Data           4  usart2.o(.data)
    USART2_OnSendHandler                     0x20000020   Data           4  usart2.o(.data)
    USART3_OnRecvHandler                     0x20000024   Data           4  usart3.o(.data)
    USART3_OnSendHandler                     0x20000028   Data           4  usart3.o(.data)
    SystemCoreClock                          0x20000040   Data           4  system_stm32f10x.o(.data)
    AHBPrescTable                            0x20000044   Data          16  system_stm32f10x.o(.data)
    usart1_rx_buffer                         0x20000054   Data         256  usart1.o(.bss)
    usart1_tx_buffer                         0x20000154   Data         256  usart1.o(.bss)
    usart2_rx_buffer                         0x20000254   Data         256  usart2.o(.bss)
    usart2_tx_buffer                         0x20000354   Data         256  usart2.o(.bss)
    usart3_rx_buffer                         0x20000454   Data         256  usart3.o(.bss)
    usart3_tx_buffer                         0x20000554   Data         256  usart3.o(.bss)
    __libspace_start                         0x20000654   Data          96  libspace.o(.bss)
    __temporary_stack_top$libspace           0x200006b4   Data           0  libspace.o(.bss)



==============================================================================

Memory Map of the image

  Image Entry point : 0x080000ed

  Load Region LR_IROM1 (Base: 0x08000000, Size: 0x0000168c, Max: 0x00010000, ABSOLUTE)

    Execution Region ER_IROM1 (Base: 0x08000000, Size: 0x00001638, Max: 0x00010000, ABSOLUTE)

    Base Addr    Size         Type   Attr      Idx    E Section Name        Object

    0x08000000   0x000000ec   Data   RO         2772    RESET               startup_stm32f10x_md.o
    0x080000ec   0x00000008   Code   RO         2829  * !!!main             c_w.l(__main.o)
    0x080000f4   0x00000034   Code   RO         2984    !!!scatter          c_w.l(__scatter.o)
    0x08000128   0x0000001a   Code   RO         2986    !!handler_copy      c_w.l(__scatter_copy.o)
    0x08000142   0x00000002   PAD
    0x08000144   0x0000001c   Code   RO         2988    !!handler_zi        c_w.l(__scatter_zi.o)
    0x08000160   0x00000002   Code   RO         2858    .ARM.Collect$$libinit$$00000000  c_w.l(libinit.o)
    0x08000162   0x00000000   Code   RO         2865    .ARM.Collect$$libinit$$00000002  c_w.l(libinit2.o)
    0x08000162   0x00000000   Code   RO         2867    .ARM.Collect$$libinit$$00000004  c_w.l(libinit2.o)
    0x08000162   0x00000000   Code   RO         2870    .ARM.Collect$$libinit$$0000000A  c_w.l(libinit2.o)
    0x08000162   0x00000000   Code   RO         2872    .ARM.Collect$$libinit$$0000000C  c_w.l(libinit2.o)
    0x08000162   0x00000000   Code   RO         2874    .ARM.Collect$$libinit$$0000000E  c_w.l(libinit2.o)
    0x08000162   0x00000000   Code   RO         2877    .ARM.Collect$$libinit$$00000011  c_w.l(libinit2.o)
    0x08000162   0x00000000   Code   RO         2879    .ARM.Collect$$libinit$$00000013  c_w.l(libinit2.o)
    0x08000162   0x00000000   Code   RO         2881    .ARM.Collect$$libinit$$00000015  c_w.l(libinit2.o)
    0x08000162   0x00000000   Code   RO         2883    .ARM.Collect$$libinit$$00000017  c_w.l(libinit2.o)
    0x08000162   0x00000000   Code   RO         2885    .ARM.Collect$$libinit$$00000019  c_w.l(libinit2.o)
    0x08000162   0x00000000   Code   RO         2887    .ARM.Collect$$libinit$$0000001B  c_w.l(libinit2.o)
    0x08000162   0x00000000   Code   RO         2889    .ARM.Collect$$libinit$$0000001D  c_w.l(libinit2.o)
    0x08000162   0x00000000   Code   RO         2891    .ARM.Collect$$libinit$$0000001F  c_w.l(libinit2.o)
    0x08000162   0x00000000   Code   RO         2893    .ARM.Collect$$libinit$$00000021  c_w.l(libinit2.o)
    0x08000162   0x00000000   Code   RO         2895    .ARM.Collect$$libinit$$00000023  c_w.l(libinit2.o)
    0x08000162   0x00000000   Code   RO         2897    .ARM.Collect$$libinit$$00000025  c_w.l(libinit2.o)
    0x08000162   0x00000000   Code   RO         2901    .ARM.Collect$$libinit$$0000002C  c_w.l(libinit2.o)
    0x08000162   0x00000000   Code   RO         2903    .ARM.Collect$$libinit$$0000002E  c_w.l(libinit2.o)
    0x08000162   0x00000000   Code   RO         2905    .ARM.Collect$$libinit$$00000030  c_w.l(libinit2.o)
    0x08000162   0x00000000   Code   RO         2907    .ARM.Collect$$libinit$$00000032  c_w.l(libinit2.o)
    0x08000162   0x00000002   Code   RO         2908    .ARM.Collect$$libinit$$00000033  c_w.l(libinit2.o)
    0x08000164   0x00000002   Code   RO         2926    .ARM.Collect$$libshutdown$$00000000  c_w.l(libshutdown.o)
    0x08000166   0x00000000   Code   RO         2936    .ARM.Collect$$libshutdown$$00000002  c_w.l(libshutdown2.o)
    0x08000166   0x00000000   Code   RO         2938    .ARM.Collect$$libshutdown$$00000004  c_w.l(libshutdown2.o)
    0x08000166   0x00000000   Code   RO         2941    .ARM.Collect$$libshutdown$$00000007  c_w.l(libshutdown2.o)
    0x08000166   0x00000000   Code   RO         2944    .ARM.Collect$$libshutdown$$0000000A  c_w.l(libshutdown2.o)
    0x08000166   0x00000000   Code   RO         2946    .ARM.Collect$$libshutdown$$0000000C  c_w.l(libshutdown2.o)
    0x08000166   0x00000000   Code   RO         2949    .ARM.Collect$$libshutdown$$0000000F  c_w.l(libshutdown2.o)
    0x08000166   0x00000002   Code   RO         2950    .ARM.Collect$$libshutdown$$00000010  c_w.l(libshutdown2.o)
    0x08000168   0x00000000   Code   RO         2833    .ARM.Collect$$rtentry$$00000000  c_w.l(__rtentry.o)
    0x08000168   0x00000000   Code   RO         2835    .ARM.Collect$$rtentry$$00000002  c_w.l(__rtentry2.o)
    0x08000168   0x00000006   Code   RO         2847    .ARM.Collect$$rtentry$$00000004  c_w.l(__rtentry4.o)
    0x0800016e   0x00000000   Code   RO         2837    .ARM.Collect$$rtentry$$00000009  c_w.l(__rtentry2.o)
    0x0800016e   0x00000004   Code   RO         2838    .ARM.Collect$$rtentry$$0000000A  c_w.l(__rtentry2.o)
    0x08000172   0x00000000   Code   RO         2840    .ARM.Collect$$rtentry$$0000000C  c_w.l(__rtentry2.o)
    0x08000172   0x00000008   Code   RO         2841    .ARM.Collect$$rtentry$$0000000D  c_w.l(__rtentry2.o)
    0x0800017a   0x00000002   Code   RO         2862    .ARM.Collect$$rtexit$$00000000  c_w.l(rtexit.o)
    0x0800017c   0x00000000   Code   RO         2910    .ARM.Collect$$rtexit$$00000002  c_w.l(rtexit2.o)
    0x0800017c   0x00000004   Code   RO         2911    .ARM.Collect$$rtexit$$00000003  c_w.l(rtexit2.o)
    0x08000180   0x00000006   Code   RO         2912    .ARM.Collect$$rtexit$$00000004  c_w.l(rtexit2.o)
    0x08000186   0x00000002   PAD
    0x08000188   0x00000040   Code   RO         2773    .text               startup_stm32f10x_md.o
    0x080001c8   0x00000002   Code   RO         2825    .text               c_w.l(use_no_semi_2.o)
    0x080001ca   0x00000006   Code   RO         2827    .text               c_w.l(heapauxi.o)
    0x080001d0   0x00000002   Code   RO         2831    .text               c_w.l(use_no_semi.o)
    0x080001d2   0x0000004a   Code   RO         2849    .text               c_w.l(sys_stackheap_outer.o)
    0x0800021c   0x00000012   Code   RO         2851    .text               c_w.l(exit.o)
    0x0800022e   0x00000002   PAD
    0x08000230   0x00000008   Code   RO         2859    .text               c_w.l(libspace.o)
    0x08000238   0x00000030   Code   RO          700    i.DMA1_Channel2_IRQHandler  usart3.o
    0x08000268   0x00000038   Code   RO          552    i.DMA1_Channel4_IRQHandler  usart1.o
    0x080002a0   0x00000038   Code   RO          626    i.DMA1_Channel7_IRQHandler  usart2.o
    0x080002d8   0x0000001c   Code   RO         1203    i.DMA_ClearFlag     stm32f10x_dma.o
    0x080002f4   0x0000001c   Code   RO         1204    i.DMA_ClearITPendingBit  stm32f10x_dma.o
    0x08000310   0x00000018   Code   RO         1205    i.DMA_Cmd           stm32f10x_dma.o
    0x08000328   0x00000008   Code   RO         1207    i.DMA_GetCurrDataCounter  stm32f10x_dma.o
    0x08000330   0x0000002c   Code   RO         1208    i.DMA_GetFlagStatus  stm32f10x_dma.o
    0x0800035c   0x0000002c   Code   RO         1209    i.DMA_GetITStatus   stm32f10x_dma.o
    0x08000388   0x00000012   Code   RO         1210    i.DMA_ITConfig      stm32f10x_dma.o
    0x0800039a   0x0000003c   Code   RO         1211    i.DMA_Init          stm32f10x_dma.o
    0x080003d6   0x00000004   Code   RO         1212    i.DMA_SetCurrDataCounter  stm32f10x_dma.o
    0x080003da   0x00000116   Code   RO         1479    i.GPIO_Init         stm32f10x_gpio.o
    0x080004f0   0x00000012   Code   RO         1483    i.GPIO_ReadInputDataBit  stm32f10x_gpio.o
    0x08000502   0x00000004   Code   RO         1486    i.GPIO_ResetBits    stm32f10x_gpio.o
    0x08000506   0x00000004   Code   RO         1487    i.GPIO_SetBits      stm32f10x_gpio.o
    0x0800050a   0x00000024   Code   RO          324    i.MG_Get            gpio.o
    0x0800052e   0x00000048   Code   RO          325    i.MG_Input          gpio.o
    0x08000576   0x00000030   Code   RO          326    i.MG_Output         gpio.o
    0x080005a6   0x0000006e   Code   RO          327    i.MG_PIN_F          gpio.o
    0x08000614   0x00000050   Code   RO          328    i.MG_PORT_F         gpio.o
    0x08000664   0x0000005e   Code   RO          329    i.MG_RCC            gpio.o
    0x080006c2   0x00000032   Code   RO          330    i.MG_Set            gpio.o
    0x080006f4   0x00000046   Code   RO          390    i.MI2C_End          mi2c.o
    0x0800073a   0x0000000e   Code   RO          391    i.MI2C_Get          mi2c.o
    0x08000748   0x00000050   Code   RO          392    i.MI2C_GetAck       mi2c.o
    0x08000798   0x00000010   Code   RO          393    i.MI2C_In           mi2c.o
    0x080007a8   0x00000036   Code   RO          394    i.MI2C_Init         mi2c.o
    0x080007de   0x0000000e   Code   RO          396    i.MI2C_Out          mi2c.o
    0x080007ec   0x0000008c   Code   RO          397    i.MI2C_Read         mi2c.o
    0x08000878   0x00000076   Code   RO          399    i.MI2C_ReadReg      mi2c.o
    0x080008ee   0x00000020   Code   RO          400    i.MI2C_Set          mi2c.o
    0x0800090e   0x0000003e   Code   RO          402    i.MI2C_SetNoAck     mi2c.o
    0x0800094c   0x00000046   Code   RO          403    i.MI2C_Start        mi2c.o
    0x08000992   0x00000086   Code   RO          404    i.MI2C_Write        mi2c.o
    0x08000a18   0x00000070   Code   RO         1065    i.NVIC_Init         misc.o
    0x08000a88   0x00000014   Code   RO         1066    i.NVIC_PriorityGroupConfig  misc.o
    0x08000a9c   0x00000020   Code   RO         1654    i.RCC_AHBPeriphClockCmd  stm32f10x_rcc.o
    0x08000abc   0x00000020   Code   RO         1656    i.RCC_APB1PeriphResetCmd  stm32f10x_rcc.o
    0x08000adc   0x00000020   Code   RO         1657    i.RCC_APB2PeriphClockCmd  stm32f10x_rcc.o
    0x08000afc   0x00000020   Code   RO         1658    i.RCC_APB2PeriphResetCmd  stm32f10x_rcc.o
    0x08000b1c   0x000000d4   Code   RO         1665    i.RCC_GetClocksFreq  stm32f10x_rcc.o
    0x08000bf0   0x00000008   Code   RO         2780    i.SetSysClock       system_stm32f10x.o
    0x08000bf8   0x000000e0   Code   RO         2781    i.SetSysClockTo72   system_stm32f10x.o
    0x08000cd8   0x00000028   Code   RO         1069    i.SysTick_CLKSourceConfig  misc.o
    0x08000d00   0x00000060   Code   RO         2783    i.SystemInit        system_stm32f10x.o
    0x08000d60   0x000001a4   Code   RO          553    i.USART1_Configuration  usart1.o
    0x08000f04   0x00000090   Code   RO          554    i.USART1_DMASendWords  usart1.o
    0x08000f94   0x00000074   Code   RO          555    i.USART1_IRQHandler  usart1.o
    0x08001008   0x00000002   Code   RO          556    i.USART1_OnRecv     usart1.o
    0x0800100a   0x00000002   Code   RO          557    i.USART1_OnSend     usart1.o
    0x0800100c   0x00000044   Code   RO          559    i.USART1_SendWords  usart1.o
    0x08001050   0x00000074   Code   RO          629    i.USART2_IRQHandler  usart2.o
    0x080010c4   0x00000002   Code   RO          630    i.USART2_OnRecv     usart2.o
    0x080010c6   0x00000002   Code   RO          631    i.USART2_OnSend     usart2.o
    0x080010c8   0x00000074   Code   RO          703    i.USART3_IRQHandler  usart3.o
    0x0800113c   0x00000002   Code   RO          704    i.USART3_OnRecv     usart3.o
    0x0800113e   0x00000002   Code   RO          705    i.USART3_OnSend     usart3.o
    0x08001140   0x0000001e   Code   RO         2582    i.USART_ClearITPendingBit  stm32f10x_usart.o
    0x0800115e   0x00000018   Code   RO         2585    i.USART_Cmd         stm32f10x_usart.o
    0x08001176   0x00000012   Code   RO         2586    i.USART_DMACmd      stm32f10x_usart.o
    0x08001188   0x0000009c   Code   RO         2587    i.USART_DeInit      stm32f10x_usart.o
    0x08001224   0x0000001a   Code   RO         2588    i.USART_GetFlagStatus  stm32f10x_usart.o
    0x0800123e   0x00000054   Code   RO         2589    i.USART_GetITStatus  stm32f10x_usart.o
    0x08001292   0x0000004a   Code   RO         2591    i.USART_ITConfig    stm32f10x_usart.o
    0x080012dc   0x000000d8   Code   RO         2592    i.USART_Init        stm32f10x_usart.o
    0x080013b4   0x0000000a   Code   RO         2599    i.USART_ReceiveData  stm32f10x_usart.o
    0x080013be   0x00000008   Code   RO         2602    i.USART_SendData    stm32f10x_usart.o
    0x080013c6   0x00000004   Code   RO          208    i._sys_exit         bstring.o
    0x080013ca   0x00000060   Code   RO          209    i.atoi              bstring.o
    0x0800142a   0x00000002   PAD
    0x0800142c   0x00000038   Code   RO          158    i.delay_init        delay.o
    0x08001464   0x00000074   Code   RO          159    i.delay_ms          delay.o
    0x080014d8   0x0000001a   Code   RO          162    i.delayus           delay.o
    0x080014f2   0x00000002   Code   RO            4    i.finish            main.o
    0x080014f4   0x00000002   Code   RO            5    i.get               main.o
    0x080014f6   0x00000062   Code   RO          211    i.itoa              bstring.o
    0x08001558   0x000000c0   Code   RO            6    i.main              main.o
    0x08001618   0x00000020   Data   RO         2982    Region$$Table       anon$$obj.o


    Execution Region RW_IRAM1 (Base: 0x20000000, Size: 0x00000cb8, Max: 0x00005000, ABSOLUTE)

    Base Addr    Size         Type   Attr      Idx    E Section Name        Object

    0x20000000   0x0000000c   Data   RW            7    .data               main.o
    0x2000000c   0x00000008   Data   RW          163    .data               delay.o
    0x20000014   0x00000008   Data   RW          562    .data               usart1.o
    0x2000001c   0x00000008   Data   RW          636    .data               usart2.o
    0x20000024   0x00000008   Data   RW          710    .data               usart3.o
    0x2000002c   0x00000014   Data   RW         1685    .data               stm32f10x_rcc.o
    0x20000040   0x00000014   Data   RW         2784    .data               system_stm32f10x.o
    0x20000054   0x00000200   Zero   RW          560    .bss                usart1.o
    0x20000254   0x00000200   Zero   RW          634    .bss                usart2.o
    0x20000454   0x00000200   Zero   RW          708    .bss                usart3.o
    0x20000654   0x00000060   Zero   RW         2860    .bss                c_w.l(libspace.o)
    0x200006b4   0x00000004   PAD
    0x200006b8   0x00000200   Zero   RW         2771    HEAP                startup_stm32f10x_md.o
    0x200008b8   0x00000400   Zero   RW         2770    STACK               startup_stm32f10x_md.o


==============================================================================

Image component sizes


      Code (inc. data)   RO Data    RW Data    ZI Data      Debug   Object Name

       198          0          0          0          0       1870   bstring.o
       198         22          0          8          0       1706   delay.o
       490         62          0          0          0       4249   gpio.o
       196         36          0         12          0     244360   main.o
       804          0          0          0          0       6645   mi2c.o
       172         22          0          0          0       2237   misc.o
        64         26        236          0       1536        804   startup_stm32f10x_md.o
       258         36          0          0          0       7124   stm32f10x_dma.o
       304          0          0          0          0       3872   stm32f10x_gpio.o
       340         44          0         20          0       5815   stm32f10x_rcc.o
       646         28          0          0          0       8425   stm32f10x_usart.o
       328         28          0         20          0       2205   system_stm32f10x.o
       808         62          0          8        512       4755   usart1.o
       176         26          0          8        512       2675   usart2.o
       168         24          0          8        512       2675   usart3.o

    ----------------------------------------------------------------------
      5152        416        268         84       3072     299417   Object Totals
         0          0         32          0          0          0   (incl. Generated)
         2          0          0          0          0          0   (incl. Padding)

    ----------------------------------------------------------------------

      Code (inc. data)   RO Data    RW Data    ZI Data      Debug   Library Member Name

         8          0          0          0          0         68   __main.o
         0          0          0          0          0          0   __rtentry.o
        12          0          0          0          0          0   __rtentry2.o
         6          0          0          0          0          0   __rtentry4.o
        52          8          0          0          0          0   __scatter.o
        26          0          0          0          0          0   __scatter_copy.o
        28          0          0          0          0          0   __scatter_zi.o
        18          0          0          0          0         80   exit.o
         6          0          0          0          0        152   heapauxi.o
         2          0          0          0          0          0   libinit.o
         2          0          0          0          0          0   libinit2.o
         2          0          0          0          0          0   libshutdown.o
         2          0          0          0          0          0   libshutdown2.o
         8          4          0          0         96         68   libspace.o
         2          0          0          0          0          0   rtexit.o
        10          0          0          0          0          0   rtexit2.o
        74          0          0          0          0         80   sys_stackheap_outer.o
         2          0          0          0          0         68   use_no_semi.o
         2          0          0          0          0         68   use_no_semi_2.o

    ----------------------------------------------------------------------
       268         12          0          0        100        584   Library Totals
         6          0          0          0          4          0   (incl. Padding)

    ----------------------------------------------------------------------

      Code (inc. data)   RO Data    RW Data    ZI Data      Debug   Library Name

       262         12          0          0         96        584   c_w.l

    ----------------------------------------------------------------------
       268         12          0          0        100        584   Library Totals

    ----------------------------------------------------------------------

==============================================================================


      Code (inc. data)   RO Data    RW Data    ZI Data      Debug   

      5420        428        268         84       3172     296097   Grand Totals
      5420        428        268         84       3172     296097   ELF Image Totals
      5420        428        268         84          0          0   ROM Totals

==============================================================================

    Total RO  Size (Code + RO Data)                 5688 (   5.55kB)
    Total RW  Size (RW Data + ZI Data)              3256 (   3.18kB)
    Total ROM Size (Code + RO Data + RW Data)       5772 (   5.64kB)

==============================================================================

